Archive member included because of file (symbol)

c:/program files (x86)/microchip/xc32/v1.31/bin/../lib/gcc/pic32mx/4.5.2/../../../../pic32mx/lib/size\libmchp_peripheral_32MX695F512L.a(soft_reset_lib.o)
                              build/default_-_avec_Bootloader/production/_ext/1472/HTTP_ADTEK.o (SoftReset)
c:/program files (x86)/microchip/xc32/v1.31/bin/../lib/gcc/pic32mx/4.5.2/../../../../pic32mx/lib/size\libmchp_peripheral_32MX695F512L.a(pcache.o)
                              build/default_-_avec_Bootloader/production/_ext/1472/0_SparkBox.o (CheKseg0CacheOn)
c:/program files (x86)/microchip/xc32/v1.31/bin/../lib/gcc/pic32mx/4.5.2/../../../../pic32mx/lib/size\libmchp_peripheral_32MX695F512L.a(int_disable_interrupts_lib.o)
                              build/default_-_avec_Bootloader/production/_ext/1472/rs232.o (INTDisableInterrupts)
c:/program files (x86)/microchip/xc32/v1.31/bin/../lib/gcc/pic32mx/4.5.2/../../../../pic32mx/lib/size\libmchp_peripheral_32MX695F512L.a(int_restore_interrupts_lib.o)
                              build/default_-_avec_Bootloader/production/_ext/1472/rs232.o (INTRestoreInterrupts)
c:/program files (x86)/microchip/xc32/v1.31/bin/../lib/gcc/pic32mx/4.5.2/../../../../pic32mx/lib/size\libmchp_peripheral_32MX695F512L.a(int_enable_mv_int_lib.o)
                              build/default_-_avec_Bootloader/production/_ext/1472/0_SparkBox.o (INTEnableSystemMultiVectoredInt)
c:/program files (x86)/microchip/xc32/v1.31/bin/../lib/gcc/pic32mx/4.5.2/../../../../pic32mx/lib/size\libmchp_peripheral_32MX695F512L.a(int_tbl_lib.o)
                              build/default_-_avec_Bootloader/production/_ext/1472/rs232.o (INTClearFlag)
c:/program files (x86)/microchip/xc32/v1.31/bin/../lib/gcc/pic32mx/4.5.2/../../../../pic32mx/lib/size\libmchp_peripheral_32MX695F512L.a(uart_lib.o)
                              build/default_-_avec_Bootloader/production/_ext/1472/rs232.o (UARTEnable)
c:/program files (x86)/microchip/xc32/v1.31/bin/../lib/gcc/pic32mx/4.5.2/../../../../pic32mx/lib/size\libmchp_peripheral_32MX695F512L.a(I2CAcknowledgeByte.o)
                              build/default_-_avec_Bootloader/production/_ext/1472/i2c.o (I2CAcknowledgeByte)
c:/program files (x86)/microchip/xc32/v1.31/bin/../lib/gcc/pic32mx/4.5.2/../../../../pic32mx/lib/size\libmchp_peripheral_32MX695F512L.a(I2CBusIsIdle.o)
                              build/default_-_avec_Bootloader/production/_ext/1472/i2c.o (I2CBusIsIdle)
c:/program files (x86)/microchip/xc32/v1.31/bin/../lib/gcc/pic32mx/4.5.2/../../../../pic32mx/lib/size\libmchp_peripheral_32MX695F512L.a(I2CByteWasAcknowledged.o)
                              build/default_-_avec_Bootloader/production/_ext/1472/Eeprom_i2c.o (I2CByteWasAcknowledged)
c:/program files (x86)/microchip/xc32/v1.31/bin/../lib/gcc/pic32mx/4.5.2/../../../../pic32mx/lib/size\libmchp_peripheral_32MX695F512L.a(I2CEnable.o)
                              build/default_-_avec_Bootloader/production/_ext/1472/Eeprom_i2c.o (I2CEnable)
c:/program files (x86)/microchip/xc32/v1.31/bin/../lib/gcc/pic32mx/4.5.2/../../../../pic32mx/lib/size\libmchp_peripheral_32MX695F512L.a(I2CGetByte.o)
                              build/default_-_avec_Bootloader/production/_ext/1472/Eeprom_i2c.o (I2CGetByte)
c:/program files (x86)/microchip/xc32/v1.31/bin/../lib/gcc/pic32mx/4.5.2/../../../../pic32mx/lib/size\libmchp_peripheral_32MX695F512L.a(I2CGetStatus.o)
                              build/default_-_avec_Bootloader/production/_ext/1472/i2c.o (I2CGetStatus)
c:/program files (x86)/microchip/xc32/v1.31/bin/../lib/gcc/pic32mx/4.5.2/../../../../pic32mx/lib/size\libmchp_peripheral_32MX695F512L.a(I2CReceivedDataIsAvailable.o)
                              build/default_-_avec_Bootloader/production/_ext/1472/Eeprom_i2c.o (I2CReceivedDataIsAvailable)
c:/program files (x86)/microchip/xc32/v1.31/bin/../lib/gcc/pic32mx/4.5.2/../../../../pic32mx/lib/size\libmchp_peripheral_32MX695F512L.a(I2CReceiverEnable.o)
                              build/default_-_avec_Bootloader/production/_ext/1472/Eeprom_i2c.o (I2CReceiverEnable)
c:/program files (x86)/microchip/xc32/v1.31/bin/../lib/gcc/pic32mx/4.5.2/../../../../pic32mx/lib/size\libmchp_peripheral_32MX695F512L.a(I2CRepeatStart.o)
                              build/default_-_avec_Bootloader/production/_ext/1472/i2c.o (I2CRepeatStart)
c:/program files (x86)/microchip/xc32/v1.31/bin/../lib/gcc/pic32mx/4.5.2/../../../../pic32mx/lib/size\libmchp_peripheral_32MX695F512L.a(I2CSendByte.o)
                              build/default_-_avec_Bootloader/production/_ext/1472/i2c.o (I2CSendByte)
c:/program files (x86)/microchip/xc32/v1.31/bin/../lib/gcc/pic32mx/4.5.2/../../../../pic32mx/lib/size\libmchp_peripheral_32MX695F512L.a(I2CSetFrequency.o)
                              build/default_-_avec_Bootloader/production/_ext/1472/Eeprom_i2c.o (I2CSetFrequency)
[...]
Memory Configuration

Name             Origin             Length             Attributes
exception_mem    0x9d006000         0x00001000
kseg0_boot_mem   0x9d007000         0x00000970
kseg1_boot_mem   0x9d007970         0x00000490
kseg0_program_mem 0x9d007e00         0x00078200         xr
debug_exec_mem   0xbfc02000         0x00000ff0
config3          0xbfc02ff0         0x00000004
config2          0xbfc02ff4         0x00000004
config1          0xbfc02ff8         0x00000004
config0          0xbfc02ffc         0x00000004
kseg1_data_mem   0xa0000000         0x00020000         w !x
sfrs             0xbf800000         0x00100000
configsfrs       0xbfc02ff0         0x00000010
*default*        0x00000000         0xffffffff

Linker script and memory map

LOAD c:/program files (x86)/microchip/xc32/v1.31/bin/../lib/gcc/pic32mx/4.5.2/../../../../pic32mx/lib/./proc/32MX695F512L/crt0_mips32r2.o
LOAD build/default_-_avec_Bootloader/production/_ext/1472/HTTP_Teleinfo.o
LOAD build/default_-_avec_Bootloader/production/_ext/1472/HTTP_Reseau.o
LOAD build/default_-_avec_Bootloader/production/_ext/1472/HTTP_Mynetmemo.o
LOAD build/default_-_avec_Bootloader/production/_ext/1472/HTTP_Password.o
LOAD build/default_-_avec_Bootloader/production/_ext/1472/HTTP_log.o
LOAD build/default_-_avec_Bootloader/production/_ext/1472/HTTP_cmd.o
LOAD build/default_-_avec_Bootloader/production/_ext/1472/HTTP_Parametres.o
LOAD build/default_-_avec_Bootloader/production/_ext/1472/HTTP_Donnees.o
LOAD build/default_-_avec_Bootloader/production/_ext/1472/HTTP_Index.o
LOAD build/default_-_avec_Bootloader/production/_ext/1472/HTTP_ADTEK.o
LOAD build/default_-_avec_Bootloader/production/_ext/1295770447/Announce.o
LOAD build/default_-_avec_Bootloader/production/_ext/1295770447/ARP.o
LOAD build/default_-_avec_Bootloader/production/_ext/1295770447/Delay.o
LOAD build/default_-_avec_Bootloader/production/_ext/1295770447/DHCP.o
LOAD build/default_-_avec_Bootloader/production/_ext/1295770447/DHCPs.o
LOAD build/default_-_avec_Bootloader/production/_ext/1295770447/DNS.o
LOAD build/default_-_avec_Bootloader/production/_ext/1295770447/DynDNS.o
LOAD build/default_-_avec_Bootloader/production/_ext/1295770447/FTP.o
LOAD build/default_-_avec_Bootloader/production/_ext/1295770447/Hashes.o
LOAD build/default_-_avec_Bootloader/production/_ext/1295770447/Helpers.o
LOAD build/default_-_avec_Bootloader/production/_ext/1295770447/HTTP2.o
LOAD build/default_-_avec_Bootloader/production/_ext/1295770447/ICMP.o
LOAD build/default_-_avec_Bootloader/production/_ext/1295770447/IP.o
LOAD build/default_-_avec_Bootloader/production/_ext/1295770447/MPFS2.o
LOAD build/default_-_avec_Bootloader/production/_ext/1295770447/NBNS.o
LOAD build/default_-_avec_Bootloader/production/_ext/1295770447/SMTP.o
LOAD build/default_-_avec_Bootloader/production/_ext/1295770447/SNMP.o
LOAD build/default_-_avec_Bootloader/production/_ext/1295770447/SNTP.o
LOAD build/default_-_avec_Bootloader/production/_ext/1295770447/SPIEEPROM.o
LOAD build/default_-_avec_Bootloader/production/_ext/1295770447/SPIFlash.o
LOAD build/default_-_avec_Bootloader/production/_ext/1295770447/SPIRAM.o
LOAD build/default_-_avec_Bootloader/production/_ext/1295770447/StackTsk.o
LOAD build/default_-_avec_Bootloader/production/_ext/1295770447/TCP.o
LOAD build/default_-_avec_Bootloader/production/_ext/1295770447/Telnet.o
LOAD build/default_-_avec_Bootloader/production/_ext/1295770447/TFTPc.o
LOAD build/default_-_avec_Bootloader/production/_ext/1295770447/Tick.o
LOAD build/default_-_avec_Bootloader/production/_ext/1295770447/UART.o
LOAD build/default_-_avec_Bootloader/production/_ext/1295770447/UDP.o
LOAD build/default_-_avec_Bootloader/production/_ext/1472/MPFSImg2.o
LOAD build/default_-_avec_Bootloader/production/_ext/1295770447/Random.o
LOAD build/default_-_avec_Bootloader/production/_ext/1295770447/RSA.o
LOAD build/default_-_avec_Bootloader/production/_ext/1295770447/SSL.o
LOAD build/default_-_avec_Bootloader/production/_ext/1295770447/ARCFOUR.o
LOAD build/default_-_avec_Bootloader/production/_ext/1295770447/BigInt.o
LOAD build/default_-_avec_Bootloader/production/_ext/1295770447/BigInt_helper_C32.o
LOAD build/default_-_avec_Bootloader/production/_ext/1295770447/AutoIP.o
LOAD build/default_-_avec_Bootloader/production/_ext/1295770447/DNSs.o
LOAD build/default_-_avec_Bootloader/production/_ext/1295770447/ENCX24J600.o
LOAD build/default_-_avec_Bootloader/production/_ext/1295770447/ETHPIC32ExtPhy.o
LOAD build/default_-_avec_Bootloader/production/_ext/1295770447/ETHPIC32ExtPhyDP83848.o
LOAD build/default_-_avec_Bootloader/production/_ext/1295770447/ETHPIC32IntMac.o
LOAD build/default_-_avec_Bootloader/production/_ext/1472/rs232.o
LOAD build/default_-_avec_Bootloader/production/_ext/1472/Mynetmemo.o
LOAD build/default_-_avec_Bootloader/production/_ext/1472/Eeprom_i2c.o
LOAD build/default_-_avec_Bootloader/production/_ext/1472/Temperature.o
LOAD build/default_-_avec_Bootloader/production/_ext/1472/Teleinfo.o
LOAD build/default_-_avec_Bootloader/production/_ext/1472/log.o
LOAD build/default_-_avec_Bootloader/production/_ext/1472/SSLCert.o
LOAD build/default_-_avec_Bootloader/production/_ext/1472/divers.o
LOAD build/default_-_avec_Bootloader/production/_ext/1472/SST25VF016.o
LOAD build/default_-_avec_Bootloader/production/_ext/1472/drv_spi.o
LOAD build/default_-_avec_Bootloader/production/_ext/1472/mcp7941.o
LOAD build/default_-_avec_Bootloader/production/_ext/1472/RTC.o
LOAD build/default_-_avec_Bootloader/production/_ext/1472/0_SparkBox.o
LOAD build/default_-_avec_Bootloader/production/_ext/1472/Lcd.o
LOAD build/default_-_avec_Bootloader/production/_ext/1472/Analogique.o
LOAD build/default_-_avec_Bootloader/production/_ext/1472/Evse.o
LOAD build/default_-_avec_Bootloader/production/_ext/1472/i2c.o
LOAD build/default_-_avec_Bootloader/production/_ext/1472/BD_sst.o
                0x00000001                __MPLAB_BUILD = 0x1
                0x00000400                PROVIDE (_min_stack_size, 0x400)
LOAD c:/program files (x86)/microchip/xc32/v1.31/bin/../lib/gcc/pic32mx/4.5.2/../../../../pic32mx/lib/./proc/32MX695F512L\processor.o
START GROUP
LOAD c:/program files (x86)/microchip/xc32/v1.31/bin/../lib/gcc/pic32mx/4.5.2/../../../../pic32mx/lib/size\libmchp_peripheral.a
END GROUP
START GROUP
LOAD c:/program files (x86)/microchip/xc32/v1.31/bin/../lib/gcc/pic32mx/4.5.2/../../../../pic32mx/lib/size\libmchp_peripheral_32MX695F512L.a
END GROUP
                0x00000000                _ramfunc_begin = 0x0
                0x00000001                PROVIDE (_vector_spacing, 0x1)
                0x9d006000                _ebase_address = 0x9d006000
                0x9d001970                //_RESET_ADDR = 0x9d001970
                0x9d007970                _RESET_ADDR = 0x9d007970
                0x9d007cf0                _BEV_EXCPT_ADDR = 0x9d007cf0
                0x9d007df0                _DBG_EXCPT_ADDR = 0x9d007df0
                0xbfc02000                _DBG_CODE_ADDR = 0xbfc02000
                0x00000ff0                _DBG_CODE_SIZE = 0xff0
                0x9d006180                _GEN_EXCPT_ADDR = (_ebase_address + 0x180)
                0xbfc02000                PROVIDE (_DBG_CODE_ADDR, 0xbfc02000)
                0x00000ff0                PROVIDE (_DBG_CODE_SIZE, 0xff0)

.reset          0x9d007970      0x1e8
 *(.reset)
 .reset         0x9d007970      0x1e8 c:/program files (x86)/microchip/xc32/v1.31/bin/../lib/gcc/pic32mx/4.5.2/../../../../pic32mx/lib/./proc/32MX695F512L/crt0_mips32r2.o
                0x9d007970                _reset
 *(.reset.startup)

.bev_excpt      0x9d007cf0       0x10
 *(.bev_handler)
 .bev_handler   0x9d007cf0       0x10 c:/program files (x86)/microchip/xc32/v1.31/bin/../lib/gcc/pic32mx/4.5.2/../../../../pic32mx/lib/./proc/32MX695F512L/crt0_mips32r2.o

.dbg_excpt      0x9d007df0        0x0
                0x9d007df0                . = (. + DEFINED (_DEBUGGER)?0x8:0x0)

.dbg_code       0xbfc02000        0x0
                0xbfc02000                . = (. + DEFINED (_DEBUGGER)?_DBG_CODE_SIZE:0x0)

.app_excpt      0x9d006180       0x10
 *(.gen_handler)
 .gen_handler   0x9d006180       0x10 c:/program files (x86)/microchip/xc32/v1.31/bin/../lib/gcc/pic32mx/4.5.2/../../../../pic32mx/lib/./proc/32MX695F512L/crt0_mips32r2.o

.vector_0       0x9d006200        0x0
 *(.vector_0)
                0x00000001                ASSERT (((_vector_spacing == 0x0) || (SIZEOF (.vector_0) <= (_vector_spacing << 0x5))), function at exception vector 0 too large)

.vector_1       0x9d006220        0x0
 *(.vector_1)
                0x00000001                ASSERT (((_vector_spacing == 0x0) || (SIZEOF (.vector_1) <= (_vector_spacing << 0x5))), function at exception vector 1 too large)

.vector_2       0x9d006240        0x0
 *(.vector_2)
                0x00000001                ASSERT (((_vector_spacing == 0x0) || (SIZEOF (.vector_2) <= (_vector_spacing << 0x5))), function at exception vector 2 too large)

.vector_3       0x9d006260        0x0
 *(.vector_3)
                0x00000001                ASSERT (((_vector_spacing == 0x0) || (SIZEOF (.vector_3) <= (_vector_spacing << 0x5))), function at exception vector 3 too large)

.vector_4       0x9d006280        0x8
 *(.vector_4)
 .vector_4      0x9d006280        0x8 build/default_-_avec_Bootloader/production/_ext/1295770447/Tick.o
                0x9d006280                __vector_dispatch_4
                0x00000001                ASSERT (((_vector_spacing == 0x0) || (SIZEOF (.vector_4) <= (_vector_spacing << 0x5))), function at exception vector 4 too large)

.vector_5       0x9d0062a0        0x0
 *(.vector_5)
                0x00000001                ASSERT (((_vector_spacing == 0x0) || (SIZEOF (.vector_5) <= (_vector_spacing << 0x5))), function at exception vector 5 too large)

.vector_6       0x9d0062c0        0x0
 *(.vector_6)
                0x00000001                ASSERT (((_vector_spacing == 0x0) || (SIZEOF (.vector_6) <= (_vector_spacing << 0x5))), function at exception vector 6 too large)

.vector_7       0x9d0062e0        0x0
 *(.vector_7)
                0x00000001                ASSERT (((_vector_spacing == 0x0) || (SIZEOF (.vector_7) <= (_vector_spacing << 0x5))), function at exception vector 7 too large)

.vector_8       0x9d006300        0x8
 *(.vector_8)
 .vector_8      0x9d006300        0x8 build/default_-_avec_Bootloader/production/_ext/1472/Evse.o
                0x9d006300                __vector_dispatch_8
                0x00000001                ASSERT (((_vector_spacing == 0x0) || (SIZEOF (.vector_8) <= (_vector_spacing << 0x5))), function at exception vector 8 too large)

.vector_9       0x9d006320        0x0
 *(.vector_9)
                0x00000001                ASSERT (((_vector_spacing == 0x0) || (SIZEOF (.vector_9) <= (_vector_spacing << 0x5))), function at exception vector 9 too large)

.vector_10      0x9d006340        0x0
 *(.vector_10)
                0x00000001                ASSERT (((_vector_spacing == 0x0) || (SIZEOF (.vector_10) <= (_vector_spacing << 0x5))), function at exception vector 10 too large)

.vector_11      0x9d006360        0x0
 *(.vector_11)
                0x00000001                ASSERT (((_vector_spacing == 0x0) || (SIZEOF (.vector_11) <= (_vector_spacing << 0x5))), function at exception vector 11 too large)

.vector_12      0x9d006380        0x8
 *(.vector_12)
 .vector_12     0x9d006380        0x8 build/default_-_avec_Bootloader/production/_ext/1472/Evse.o
                0x9d006380                __vector_dispatch_12
                0x00000001                ASSERT (((_vector_spacing == 0x0) || (SIZEOF (.vector_12) <= (_vector_spacing << 0x5))), function at exception vector 12 too large)

.vector_13      0x9d0063a0        0x0
 *(.vector_13)
                0x00000001                ASSERT (((_vector_spacing == 0x0) || (SIZEOF (.vector_13) <= (_vector_spacing << 0x5))), function at exception vector 13 too large)

.vector_14      0x9d0063c0        0x0
 *(.vector_14)
                0x00000001                ASSERT (((_vector_spacing == 0x0) || (SIZEOF (.vector_14) <= (_vector_spacing << 0x5))), function at exception vector 14 too large)

.vector_15      0x9d0063e0        0x0
 *(.vector_15)
                0x00000001                ASSERT (((_vector_spacing == 0x0) || (SIZEOF (.vector_15) <= (_vector_spacing << 0x5))), function at exception vector 15 too large)

.vector_16      0x9d006400        0x0
 *(.vector_16)
                0x00000001                ASSERT (((_vector_spacing == 0x0) || (SIZEOF (.vector_16) <= (_vector_spacing << 0x5))), function at exception vector 16 too large)

.vector_17      0x9d006420        0x0
 *(.vector_17)
                0x00000001                ASSERT (((_vector_spacing == 0x0) || (SIZEOF (.vector_17) <= (_vector_spacing << 0x5))), function at exception vector 17 too large)

.vector_18      0x9d006440        0x0
 *(.vector_18)
                0x00000001                ASSERT (((_vector_spacing == 0x0) || (SIZEOF (.vector_18) <= (_vector_spacing << 0x5))), function at exception vector 18 too large)

.vector_19      0x9d006460        0x0
 *(.vector_19)
                0x00000001                ASSERT (((_vector_spacing == 0x0) || (SIZEOF (.vector_19) <= (_vector_spacing << 0x5))), function at exception vector 19 too large)

.vector_20      0x9d006480        0x0
 *(.vector_20)
                0x00000001                ASSERT (((_vector_spacing == 0x0) || (SIZEOF (.vector_20) <= (_vector_spacing << 0x5))), function at exception vector 20 too large)

.vector_21      0x9d0064a0        0x0
 *(.vector_21)
                0x00000001                ASSERT (((_vector_spacing == 0x0) || (SIZEOF (.vector_21) <= (_vector_spacing << 0x5))), function at exception vector 21 too large)

.vector_22      0x9d0064c0        0x0
 *(.vector_22)
                0x00000001                ASSERT (((_vector_spacing == 0x0) || (SIZEOF (.vector_22) <= (_vector_spacing << 0x5))), function at exception vector 22 too large)

.vector_23      0x9d0064e0        0x0
 *(.vector_23)
                0x00000001                ASSERT (((_vector_spacing == 0x0) || (SIZEOF (.vector_23) <= (_vector_spacing << 0x5))), function at exception vector 23 too large)

.vector_24      0x9d006500        0x0
 *(.vector_24)
                0x00000001                ASSERT (((_vector_spacing == 0x0) || (SIZEOF (.vector_24) <= (_vector_spacing << 0x5))), function at exception vector 24 too large)

.vector_25      0x9d006520        0x0
 *(.vector_25)
                0x00000001                ASSERT (((_vector_spacing == 0x0) || (SIZEOF (.vector_25) <= (_vector_spacing << 0x5))), function at exception vector 25 too large)

.vector_26      0x9d006540        0x0
 *(.vector_26)
                0x00000001                ASSERT (((_vector_spacing == 0x0) || (SIZEOF (.vector_26) <= (_vector_spacing << 0x5))), function at exception vector 26 too large)

.vector_27      0x9d006560        0x8
 *(.vector_27)
 .vector_27     0x9d006560        0x8 build/default_-_avec_Bootloader/production/_ext/1472/Analogique.o
                0x9d006560                __vector_dispatch_27
                0x00000001                ASSERT (((_vector_spacing == 0x0) || (SIZEOF (.vector_27) <= (_vector_spacing << 0x5))), function at exception vector 27 too large)

.vector_28      0x9d006580        0x0
 *(.vector_28)
                0x00000001                ASSERT (((_vector_spacing == 0x0) || (SIZEOF (.vector_28) <= (_vector_spacing << 0x5))), function at exception vector 28 too large)

.vector_29      0x9d0065a0        0x0
 *(.vector_29)
                0x00000001                ASSERT (((_vector_spacing == 0x0) || (SIZEOF (.vector_29) <= (_vector_spacing << 0x5))), function at exception vector 29 too large)

.vector_30      0x9d0065c0        0x0
 *(.vector_30)
                0x00000001                ASSERT (((_vector_spacing == 0x0) || (SIZEOF (.vector_30) <= (_vector_spacing << 0x5))), function at exception vector 30 too large)

.vector_31      0x9d0065e0        0x0
 *(.vector_31)
                0x00000001                ASSERT (((_vector_spacing == 0x0) || (SIZEOF (.vector_31) <= (_vector_spacing << 0x5))), function at exception vector 31 too large)

.vector_32      0x9d006600        0x0
 *(.vector_32)
                0x00000001                ASSERT (((_vector_spacing == 0x0) || (SIZEOF (.vector_32) <= (_vector_spacing << 0x5))), function at exception vector 32 too large)

.vector_33      0x9d006620        0x0
 *(.vector_33)
                0x00000001                ASSERT (((_vector_spacing == 0x0) || (SIZEOF (.vector_33) <= (_vector_spacing << 0x5))), function at exception vector 33 too large)

.vector_34      0x9d006640        0x0
 *(.vector_34)
                0x00000001                ASSERT (((_vector_spacing == 0x0) || (SIZEOF (.vector_34) <= (_vector_spacing << 0x5))), function at exception vector 34 too large)

.vector_35      0x9d006660        0x0
 *(.vector_35)
                0x00000001                ASSERT (((_vector_spacing == 0x0) || (SIZEOF (.vector_35) <= (_vector_spacing << 0x5))), function at exception vector 35 too large)

.vector_36      0x9d006680        0x0
 *(.vector_36)
                0x00000001                ASSERT (((_vector_spacing == 0x0) || (SIZEOF (.vector_36) <= (_vector_spacing << 0x5))), function at exception vector 36 too large)

.vector_37      0x9d0066a0        0x0
 *(.vector_37)
                0x00000001                ASSERT (((_vector_spacing == 0x0) || (SIZEOF (.vector_37) <= (_vector_spacing << 0x5))), function at exception vector 37 too large)

.vector_38      0x9d0066c0        0x0
 *(.vector_38)
                0x00000001                ASSERT (((_vector_spacing == 0x0) || (SIZEOF (.vector_38) <= (_vector_spacing << 0x5))), function at exception vector 38 too large)

.vector_39      0x9d0066e0        0x0
 *(.vector_39)
                0x00000001                ASSERT (((_vector_spacing == 0x0) || (SIZEOF (.vector_39) <= (_vector_spacing << 0x5))), function at exception vector 39 too large)

.vector_40      0x9d006700        0x0
 *(.vector_40)
                0x00000001                ASSERT (((_vector_spacing == 0x0) || (SIZEOF (.vector_40) <= (_vector_spacing << 0x5))), function at exception vector 40 too large)

.vector_41      0x9d006720        0x0
 *(.vector_41)
                0x00000001                ASSERT (((_vector_spacing == 0x0) || (SIZEOF (.vector_41) <= (_vector_spacing << 0x5))), function at exception vector 41 too large)

.vector_42      0x9d006740        0x0
 *(.vector_42)
                0x00000001                ASSERT (((_vector_spacing == 0x0) || (SIZEOF (.vector_42) <= (_vector_spacing << 0x5))), function at exception vector 42 too large)

.vector_43      0x9d006760        0x0
 *(.vector_43)
                0x00000001                ASSERT (((_vector_spacing == 0x0) || (SIZEOF (.vector_43) <= (_vector_spacing << 0x5))), function at exception vector 43 too large)

.vector_44      0x9d006780        0x0
 *(.vector_44)
                0x00000001                ASSERT (((_vector_spacing == 0x0) || (SIZEOF (.vector_44) <= (_vector_spacing << 0x5))), function at exception vector 44 too large)

.vector_45      0x9d0067a0        0x0
 *(.vector_45)
                0x00000001                ASSERT (((_vector_spacing == 0x0) || (SIZEOF (.vector_45) <= (_vector_spacing << 0x5))), function at exception vector 45 too large)

.vector_46      0x9d0067c0        0x0
 *(.vector_46)
                0x00000001                ASSERT (((_vector_spacing == 0x0) || (SIZEOF (.vector_46) <= (_vector_spacing << 0x5))), function at exception vector 46 too large)

.vector_47      0x9d0067e0        0x0
 *(.vector_47)
                0x00000001                ASSERT (((_vector_spacing == 0x0) || (SIZEOF (.vector_47) <= (_vector_spacing << 0x5))), function at exception vector 47 too large)

.vector_48      0x9d006800        0x0
 *(.vector_48)
                0x00000001                ASSERT (((_vector_spacing == 0x0) || (SIZEOF (.vector_48) <= (_vector_spacing << 0x5))), function at exception vector 48 too large)

.vector_49      0x9d006820        0x8
 *(.vector_49)
 .vector_49     0x9d006820        0x8 build/default_-_avec_Bootloader/production/_ext/1472/rs232.o
                0x9d006820                __vector_dispatch_49
                0x00000001                ASSERT (((_vector_spacing == 0x0) || (SIZEOF (.vector_49) <= (_vector_spacing << 0x5))), function at exception vector 49 too large)

.vector_50      0x9d006840        0x0
 *(.vector_50)
                0x00000001                ASSERT (((_vector_spacing == 0x0) || (SIZEOF (.vector_50) <= (_vector_spacing << 0x5))), function at exception vector 50 too large)

.vector_51      0x9d006860        0x8
 *(.vector_51)
 .vector_51     0x9d006860        0x8 build/default_-_avec_Bootloader/production/_ext/1472/rs232.o
                0x9d006860                __vector_dispatch_51
                0x00000001                ASSERT (((_vector_spacing == 0x0) || (SIZEOF (.vector_51) <= (_vector_spacing << 0x5))), function at exception vector 51 too large)

.vector_52      0x9d006880        0x0
 *(.vector_52)
                0x00000001                ASSERT (((_vector_spacing == 0x0) || (SIZEOF (.vector_52) <= (_vector_spacing << 0x5))), function at exception vector 52 too large)

.vector_53      0x9d0068a0        0x0
 *(.vector_53)
                0x00000001                ASSERT (((_vector_spacing == 0x0) || (SIZEOF (.vector_53) <= (_vector_spacing << 0x5))), function at exception vector 53 too large)

.vector_54      0x9d0068c0        0x0
 *(.vector_54)
                0x00000001                ASSERT (((_vector_spacing == 0x0) || (SIZEOF (.vector_54) <= (_vector_spacing << 0x5))), function at exception vector 54 too large)

.vector_55      0x9d0068e0        0x0
 *(.vector_55)
                0x00000001                ASSERT (((_vector_spacing == 0x0) || (SIZEOF (.vector_55) <= (_vector_spacing << 0x5))), function at exception vector 55 too large)

.vector_56      0x9d006900        0x0
 *(.vector_56)
                0x00000001                ASSERT (((_vector_spacing == 0x0) || (SIZEOF (.vector_56) <= (_vector_spacing << 0x5))), function at exception vector 56 too large)

.vector_57      0x9d006920        0x0
 *(.vector_57)
                0x00000001                ASSERT (((_vector_spacing == 0x0) || (SIZEOF (.vector_57) <= (_vector_spacing << 0x5))), function at exception vector 57 too large)

.vector_58      0x9d006940        0x0
 *(.vector_58)
                0x00000001                ASSERT (((_vector_spacing == 0x0) || (SIZEOF (.vector_58) <= (_vector_spacing << 0x5))), function at exception vector 58 too large)

.vector_59      0x9d006960        0x0
 *(.vector_59)
                0x00000001                ASSERT (((_vector_spacing == 0x0) || (SIZEOF (.vector_59) <= (_vector_spacing << 0x5))), function at exception vector 59 too large)

.vector_60      0x9d006980        0x0
 *(.vector_60)
                0x00000001                ASSERT (((_vector_spacing == 0x0) || (SIZEOF (.vector_60) <= (_vector_spacing << 0x5))), function at exception vector 60 too large)

.vector_61      0x9d0069a0        0x0
 *(.vector_61)
                0x00000001                ASSERT (((_vector_spacing == 0x0) || (SIZEOF (.vector_61) <= (_vector_spacing << 0x5))), function at exception vector 61 too large)

.vector_62      0x9d0069c0        0x0
 *(.vector_62)
                0x00000001                ASSERT (((_vector_spacing == 0x0) || (SIZEOF (.vector_62) <= (_vector_spacing << 0x5))), function at exception vector 62 too large)

.vector_63      0x9d0069e0        0x0
 *(.vector_63)
                0x00000001                ASSERT (((_vector_spacing == 0x0) || (SIZEOF (.vector_63) <= (_vector_spacing << 0x5))), function at exception vector 63 too large)

.startup
 *(.startup)

.text           0x9d007e00        0x0
 *(.stub .gnu.linkonce.t.*)
 *(.text.*personality*)
 *(.mips16.fn.*)
 *(.mips16.call.*)
 *(.gnu.warning)
                0x9d007e00                . = ALIGN (0x4)

.init           0x9d007e00        0x0
 *crti.o(.init)
 *crtbegin.o(.init)
 *(EXCLUDE_FILE(*crtn.o *crtend?.o *crtend.o) .init)
 *crtend.o(.init)
 *crtn.o(.init)
                0x9d007e00                . = ALIGN (0x4)

.fini           0x9d007e00        0x0
 *(.fini)
                0x9d007e00                . = ALIGN (0x4)

.preinit_array  0x9d007e00        0x0
                0x9d007e00                PROVIDE (__preinit_array_start, .)
 *(.preinit_array)
                0x9d007e00                PROVIDE (__preinit_array_end, .)
                0x9d007e00                . = ALIGN (0x4)

.init_array     0x9d007e00        0x0
                0x9d007e00                PROVIDE (__init_array_start, .)
 *(SORT(.init_array.*))
 *(.init_array)
                0x9d007e00                PROVIDE (__init_array_end, .)
                0x9d007e00                . = ALIGN (0x4)

.fini_array     0x9d007e00        0x0
                0x9d007e00                PROVIDE (__fini_array_start, .)
 *(SORT(.fini_array.*))
 *(.fini_array)
                0x9d007e00                PROVIDE (__fini_array_end, .)
                0x9d007e00                . = ALIGN (0x4)

.ctors          0x9d007e00        0x0
 *crtbegin.o(.ctors)
 *crtbegin?.o(.ctors)
 *(EXCLUDE_FILE(*crtend?.o *crtend.o) .ctors)
 *(SORT(.ctors.*))
 *(.ctors)
                0x9d007e00                . = ALIGN (0x4)

.dtors          0x9d007e00        0x0
 *crtbegin.o(.dtors)
 *crtbegin?.o(.dtors)
 *(EXCLUDE_FILE(*crtend?.o *crtend.o) .dtors)
 *(SORT(.dtors.*))
 *(.dtors)
                0x9d007e00                . = ALIGN (0x4)

.rodata         0x9d007e00        0x0
 *(.gnu.linkonce.r.*)
 *(.rodata1)
                0x9d007e00                . = ALIGN (0x4)

.sdata2         0x9d007000        0x0
 *(.sdata2 .sdata2.* .gnu.linkonce.s2.*)
                0x9d007000                . = ALIGN (0x4)

.sbss2          0x9d007000        0x0
 *(.sbss2 .sbss2.* .gnu.linkonce.sb2.*)
                0x9d007000                . = ALIGN (0x4)

.eh_frame_hdr
 *(.eh_frame_hdr)
                0x9d007000                . = ALIGN (0x4)

.eh_frame
 *(.eh_frame)
                0x9d007000                . = ALIGN (0x4)

.gcc_except_table
 *(.gcc_except_table .gcc_except_table.*)
                0x9d007000                . = ALIGN (0x4)

.dbg_data       0xa0000000        0x0
                0xa0000000                . = (. + DEFINED (_DEBUGGER)?0x200:0x0)

.jcr            0xa0000000        0x0
 *(.jcr)
                0xa0000000                . = ALIGN (0x4)

.eh_frame       0xa0000000       0x40
 *(.eh_frame)
 .eh_frame      0xa0000000       0x20 c:/program files (x86)/microchip/xc32/v1.31/bin/../lib/gcc/pic32mx/4.5.2/size\libgcc.a(_divdi3.o)
 .eh_frame      0xa0000020       0x10 c:/program files (x86)/microchip/xc32/v1.31/bin/../lib/gcc/pic32mx/4.5.2/size\libgcc.a(_udivdi3.o)
 .eh_frame      0xa0000030       0x10 c:/program files (x86)/microchip/xc32/v1.31/bin/../lib/gcc/pic32mx/4.5.2/size\libgcc.a(_umoddi3.o)
                0xa0000040                . = ALIGN (0x4)

.gcc_except_table
 *(.gcc_except_table .gcc_except_table.*)
                0xa0000040                . = ALIGN (0x4)

.persist        0xa0000040        0x0
                0xa0000040                _persist_begin = .
 *(.persist .persist.*)
 *(.pbss .pbss.*)
                0xa0000040                . = ALIGN (0x4)
                0xa0000040                _persist_end = .

.data           0xa0000040        0x0
 *(.gnu.linkonce.d.*)
 *(.data1)
                0xa0000040                . = ALIGN (0x4)
                0xa0000040                . = .
                0xa0008030                _gp = (ALIGN (0x10) + 0x7ff0)

.got            0xa0000040        0x0
 *(.got.plt)
 *(.got)
                0xa0000040                . = ALIGN (0x4)

.sdata          0xa0000040       0x38
                0xa0000040                _sdata_begin = .
 *(.sdata .sdata.* .gnu.linkonce.s.*)
 .sdata         0xa0000040        0x1 build/default_-_avec_Bootloader/production/_ext/1472/HTTP_Donnees.o
                0xa0000040                donnees_mois
 *fill*         0xa0000041        0x3 
 .sdata         0xa0000044        0x8 build/default_-_avec_Bootloader/production/_ext/1295770447/DNS.o
 .sdata         0xa000004c        0x4 build/default_-_avec_Bootloader/production/_ext/1295770447/Helpers.o
 .sdata         0xa0000050        0x1 build/default_-_avec_Bootloader/production/_ext/1295770447/SMTP.o
 .sdata         0xa0000051        0x2 build/default_-_avec_Bootloader/production/_ext/1295770447/TCP.o
 .sdata         0xa0000053        0x2 build/default_-_avec_Bootloader/production/_ext/1295770447/UDP.o
 *fill*         0xa0000055        0x3 
 .sdata         0xa0000058        0x8 build/default_-_avec_Bootloader/production/_ext/1472/divers.o
                0xa0000058                Piezzo
 .sdata         0xa0000060        0x3 build/default_-_avec_Bootloader/production/_ext/1472/0_SparkBox.o
                0xa0000060                OPTO1_FILTRE
                0xa0000061                OPTO2_FILTRE
                0xa0000062                BP_FILTRE
 *fill*         0xa0000063        0x1 
 .sdata         0xa0000064        0x8 build/default_-_avec_Bootloader/production/_ext/1472/Analogique.o
 .sdata         0xa000006c        0x2 build/default_-_avec_Bootloader/production/_ext/1472/Evse.o
                0xa000006c                bp_ext_sav
 *fill*         0xa000006e        0x2 
 .sdata         0xa0000070        0x4 c:/program files (x86)/microchip/xc32/v1.31/bin/../lib/gcc/pic32mx/4.5.2/../../../../pic32mx/lib/size\libc.a(_iob.o)
                0xa0000070                _Files
 .sdata         0xa0000074        0x4 c:/program files (x86)/microchip/xc32/v1.31/bin/../lib/gcc/pic32mx/4.5.2/../../../../pic32mx/lib/size\libpic32.a(xc32_uart.o)
                0xa0000074                __XC_UART
                0xa0000078                . = ALIGN (0x4)
                0xa0000078                _sdata_end = .

.lit8
 *(.lit8)

.lit4
 *(.lit4)
                0xa0000078                . = ALIGN (0x4)
                0xa0000078                _data_end = .
                0xa0000078                _bss_begin = .

.sbss           0xa0000078      0x2ac
                0xa0000078                _sbss_begin = .
 *(.dynsbss)
 *(.sbss .sbss.* .gnu.linkonce.sb.*)
 .sbss          0xa0000078        0x2 build/default_-_avec_Bootloader/production/_ext/1472/HTTP_Mynetmemo.o
 *fill*         0xa000007a        0x2 
 .sbss          0xa000007c        0xc build/default_-_avec_Bootloader/production/_ext/1472/HTTP_log.o
                0xa000007c                val
                0xa000007d                val1
                0xa000007e                val2
                0xa000007f                val3
 .sbss          0xa0000088        0x2 build/default_-_avec_Bootloader/production/_ext/1472/HTTP_Donnees.o
                0xa0000088                donnees_an
 *fill*         0xa000008a        0x2 
 .sbss          0xa000008c       0x14 build/default_-_avec_Bootloader/production/_ext/1472/HTTP_ADTEK.o
                0xa000008c                lastSuccess
                0xa0000090                lastFailure
                0xa0000094                TGetRelais
                0xa0000098                message_test_alarme_mail
                0xa000009c                message_test_alarme_sms
 .sbss          0xa00000a0        0x8 build/default_-_avec_Bootloader/production/_ext/1295770447/Announce.o
 .sbss          0xa00000a8        0x4 build/default_-_avec_Bootloader/production/_ext/1295770447/ARP.o
 .sbss          0xa00000ac        0x4 build/default_-_avec_Bootloader/production/_ext/1295770447/DHCP.o
                0xa00000ac                DHCPClientInitializedOnce
 .sbss          0xa00000b0       0x14 build/default_-_avec_Bootloader/production/_ext/1295770447/DNS.o
 .sbss          0xa00000c4        0x4 build/default_-_avec_Bootloader/production/_ext/1295770447/IP.o
 .sbss          0xa00000c8        0x8 build/default_-_avec_Bootloader/production/_ext/1295770447/MPFS2.o
 .sbss          0xa00000d0        0x8 build/default_-_avec_Bootloader/production/_ext/1295770447/NBNS.o
 .sbss          0xa00000d8       0x38 build/default_-_avec_Bootloader/production/_ext/1295770447/SMTP.o
 .sbss          0xa0000110        0xc build/default_-_avec_Bootloader/production/_ext/1295770447/StackTsk.o
 .sbss          0xa000011c        0xc build/default_-_avec_Bootloader/production/_ext/1295770447/Tick.o
 .sbss          0xa0000128        0x8 build/default_-_avec_Bootloader/production/_ext/1295770447/UDP.o
 .sbss          0xa0000130        0x1 build/default_-_avec_Bootloader/production/_ext/1295770447/Random.o
 *fill*         0xa0000131        0x3 
 .sbss          0xa0000134        0xc build/default_-_avec_Bootloader/production/_ext/1295770447/SSL.o
 .sbss          0xa0000140       0x18 build/default_-_avec_Bootloader/production/_ext/1295770447/ENCX24J600.o
 .sbss          0xa0000158        0xc build/default_-_avec_Bootloader/production/_ext/1472/Mynetmemo.o
 .sbss          0xa0000164        0x6 build/default_-_avec_Bootloader/production/_ext/1472/Temperature.o
 *fill*         0xa000016a        0x2 
 .sbss          0xa000016c       0x30 build/default_-_avec_Bootloader/production/_ext/1472/Teleinfo.o
                0xa000016c                itel
 .sbss          0xa000019c        0x8 build/default_-_avec_Bootloader/production/_ext/1472/log.o
                0xa000019c                cpt1s_log
                0xa00001a0                Fichier_Present
 .sbss          0xa00001a4        0x1 build/default_-_avec_Bootloader/production/_ext/1472/divers.o
 *fill*         0xa00001a5        0x3 
 .sbss          0xa00001a8       0x18 build/default_-_avec_Bootloader/production/_ext/1472/RTC.o
 .sbss          0xa00001c0       0x44 build/default_-_avec_Bootloader/production/_ext/1472/0_SparkBox.o
                0xa00001c0                cpt1s
                0xa00001c4                cpt1ms
                0xa00001c8                nb_heures
                0xa00001cc                debug_ui1
                0xa00001d0                debug_ui2
                0xa00001d4                debug_ui3
                0xa00001d8                debug_ui4
                0xa00001dc                debug_ui5
                0xa00001e0                debug_s1
                0xa00001e2                CARTE
                0xa00001e3                VERSION_HARD
                0xa00001e4                NB_RELAIS
                0xa00001e5                FONCTION
                0xa00001e6                Mode_Admin
                0xa00001e8                Mode_Admin_cpt1s
                0xa00001ec                cpt1s_Ind
                0xa00001f0                loop_count
                0xa00001f2                loop_count_mem
                0xa00001f4                affichage_debug
                0xa00001f8                UTC_ProchainSNTP
 .sbss          0xa0000204        0x8 build/default_-_avec_Bootloader/production/_ext/1472/Lcd.o
 .sbss          0xa000020c       0x1c build/default_-_avec_Bootloader/production/_ext/1472/Analogique.o
 .sbss          0xa0000228       0x44 build/default_-_avec_Bootloader/production/_ext/1472/Evse.o
                0xa0000228                Pilot_1kHz
                0xa0000229                Pilot_1kHz_Pulse
                0xa000022c                rstuck_cpt1ms
                0xa0000230                Mode
 .sbss          0xa000026c        0x1 build/default_-_avec_Bootloader/production/_ext/1472/BD_sst.o
                0xa000026c                indtu_sav
 *fill*         0xa000026d        0x3 
 .sbss          0xa0000270        0x4 c:/program files (x86)/microchip/xc32/v1.31/bin/../lib/gcc/pic32mx/4.5.2/../../../../pic32mx/lib/size\libpic32.a(errno.o)
                0xa0000270                errno
 .sbss          0xa0000274        0x1 c:/program files (x86)/microchip/xc32/v1.31/bin/../lib/gcc/pic32mx/4.5.2/../../../../pic32mx/lib/size\libc.a(_iob.o)
                0xa0000274                _outdone
 *(.scommon)
 .scommon       0xa0000275        0x1 build/default_-_avec_Bootloader/production/_ext/1472/HTTP_Parametres.o
                0xa0000275                Erreur_Http_Parametre
 *fill*         0xa0000276        0x2 
 .scommon       0xa0000278       0x14 build/default_-_avec_Bootloader/production/_ext/1472/HTTP_Donnees.o
                0xa0000278                tdonnees_matin
                0xa000027c                tindex_soir
                0xa0000280                tindex_matin
                0xa0000284                tindex_calc
                0xa0000288                tdonnees_soir
 .scommon       0xa000028c        0xc build/default_-_avec_Bootloader/production/_ext/1472/HTTP_ADTEK.o
                0xa000028c                ptr_get
                0xa0000290                num
                0xa0000294                Temp_i
 .scommon       0xa0000298        0x1 build/default_-_avec_Bootloader/production/_ext/1295770447/HTTP2.o
                0xa0000298                curHTTPID
 *fill*         0xa0000299        0x1 
 .scommon       0xa000029a        0x6 build/default_-_avec_Bootloader/production/_ext/1295770447/UDP.o
                0xa000029a                UDPTxCount
                0xa000029c                activeUDPSocket
                0xa000029e                UDPRxCount
 .scommon       0xa00002a0        0xc build/default_-_avec_Bootloader/production/_ext/1295770447/SSL.o
                0xa00002a0                isStubUsed
                0xa00002a2                isBufferUsed
                0xa00002a4                isHashUsed
                0xa00002a8                ptrHS
 .scommon       0xa00002ac        0xf build/default_-_avec_Bootloader/production/_ext/1472/rs232.o
                0xa00002ac                int_status_rs
                0xa00002b0                Tele1rxcurrent
                0xa00002b4                Tele1rxready
                0xa00002b8                Tele2rxready
                0xa00002ba                Tele2rxcurrent
 *fill*         0xa00002bb        0x1 
 .scommon       0xa00002bc        0x4 build/default_-_avec_Bootloader/production/_ext/1472/Eeprom_i2c.o
                0xa00002bc                erreur_eeprom_cpt1s
 .scommon       0xa00002c0        0x6 build/default_-_avec_Bootloader/production/_ext/1472/Temperature.o
                0xa00002c0                fi
                0xa00002c2                elementInsere
                0xa00002c4                Valeur_Mediane
                0xa00002c5                fj
 *fill*         0xa00002c6        0x2 
 .scommon       0xa00002c8       0x24 build/default_-_avec_Bootloader/production/_ext/1472/Teleinfo.o
                0xa00002c8                index_lu
                0xa00002d0                index_sav
                0xa00002d8                Tele_State
                0xa00002e0                cpt_tele
                0xa00002e8                error_crc
 .scommon       0xa00002ec        0x3 build/default_-_avec_Bootloader/production/_ext/1472/log.o
                0xa00002ec                Index_Nb_Lignes
                0xa00002ed                Index_Read
                0xa00002ee                Index_Log
 *fill*         0xa00002ef        0x1 
 .scommon       0xa00002f0       0x30 build/default_-_avec_Bootloader/production/_ext/1472/0_SparkBox.o
                0xa00002f0                cpt1m
                0xa00002f4                utc_min
                0xa00002f6                utc_heure
                0xa00002f8                t_jour
                0xa0000300                Date_Ind
                0xa0000306                utc_sec
                0xa0000308                l_utc
                0xa0000310                t_minute
                0xa0000318                i_utc
 .scommon       0xa0000320        0x4 build/default_-_avec_Bootloader/production/_ext/1472/Evse.o
                0xa0000320                Pwm
                0xa0000324                _sbss_end = .
                0xa0000324                . = ALIGN (0x4)

.bss            0xa0000324     0x2f70
 *(.dynbss)
 *(COMMON)
 COMMON         0xa0000324      0x2f8 build/default_-_avec_Bootloader/production/_ext/1472/HTTP_Teleinfo.o
                0xa0000324                Mynetmemo
                0xa000039c                Mynetmemo_Socket
 COMMON         0xa000061c       0x76 build/default_-_avec_Bootloader/production/_ext/1472/HTTP_Mynetmemo.o
                0xa000061c                newMynetmemo
 *fill*         0xa0000692        0x2 
 COMMON         0xa0000694       0x24 build/default_-_avec_Bootloader/production/_ext/1472/HTTP_log.o
                0xa0000694                tm_data
 COMMON         0xa00006b8      0x504 build/default_-_avec_Bootloader/production/_ext/1472/HTTP_ADTEK.o
                0xa00006b8                Temp_c
                0xa00007b4                Http_Temp
                0xa00007d4                Http_byte2
                0xa00009c8                Http_byte
 COMMON         0xa0000bbc       0x40 build/default_-_avec_Bootloader/production/_ext/1295770447/Hashes.o
                0xa0000bbc                lastBlock
 COMMON         0xa0000bfc       0x9c build/default_-_avec_Bootloader/production/_ext/1295770447/HTTP2.o
                0xa0000bfc                curHTTP
                0xa0000c88                httpStubs
 COMMON         0xa0000c98       0x34 build/default_-_avec_Bootloader/production/_ext/1295770447/SMTP.o
                0xa0000c98                SMTPClient
 COMMON         0xa0000ccc        0xa build/default_-_avec_Bootloader/production/_ext/1295770447/StackTsk.o
                0xa0000ccc                remoteNode
 *fill*         0xa0000cd6        0x2 
 COMMON         0xa0000cd8      0x1a4 build/default_-_avec_Bootloader/production/_ext/1295770447/UDP.o
                0xa0000cd8                UDPSocketInfo
 COMMON         0xa0000e7c      0x1bc build/default_-_avec_Bootloader/production/_ext/1295770447/SSL.o
                0xa0000e7c                sslSessionStubs
                0xa0000e8c                sslHash
                0xa0000ee8                sslBuffer
                0xa0000fe8                sslSession
 COMMON         0xa0001038      0x100 build/default_-_avec_Bootloader/production/_ext/1472/rs232.o
                0xa0001038                Tele1rxbuffer
                0xa00010b8                Tele2rxbuffer
 COMMON         0xa0001138      0x18d build/default_-_avec_Bootloader/production/_ext/1472/Temperature.o
                0xa0001138                Filtre_Capteur
                0xa000128c                Filtre_Nb
                0xa00012a0                Filtre_Temp
                0xa00012b4                Filtre_Ptr
 *fill*         0xa00012c5        0x3 
 COMMON         0xa00012c8      0x2c4 build/default_-_avec_Bootloader/production/_ext/1472/Teleinfo.o
                0xa00012c8                Compteur
                0xa00014e0                out
                0xa0001508                CurrentMessage
                0xa000154c                ValidMessage
 COMMON         0xa000158c     0x1560 build/default_-_avec_Bootloader/production/_ext/1472/log.o
                0xa000158c                Date_Log
                0xa0001598                NomFichierLog
                0xa00015ac                Log
 COMMON         0xa0002aec      0x228 build/default_-_avec_Bootloader/production/_ext/1472/RTC.o
                0xa0002aec                ADTEK_TS_Socket
                0xa0002b14                ADTEK_DataUrl
 COMMON         0xa0002d14      0x530 build/default_-_avec_Bootloader/production/_ext/1472/0_SparkBox.o
                0xa0002d14                utc
                0xa0002d24                Relais_Man
                0xa0002d44                User
                0xa0002d70                NomFichierIndex
                0xa0002d84                Sparkbox
                0xa00031f0                AppConfig
                0xa0003224                analogCalc
 COMMON         0xa0003244       0x28 build/default_-_avec_Bootloader/production/_ext/1472/Analogique.o
                0xa0003244                Analog
 COMMON         0xa000326c       0x28 build/default_-_avec_Bootloader/production/_ext/1472/Evse.o
                0xa000326c                Evse
                0xa0003294                . = ALIGN ((. != 0x0)?0x4:0x1)
                0xa0003294                . = ALIGN (0x4)
                0xa0003294                _end = .
                0xa0003294                _bss_end = .
                0x00020000                _bmxdudba_address = 0x20000
                0x00020000                _bmxdupba_address = 0x20000

/DISCARD/
 *(.pdr)
 *(.rel.dyn)
 *(.note.GNU-stack)
 *(.note.GNU-stack)
 *(.gnu_debuglink)
 *(.gnu.lto_*)
 *(.discard)

.gptab.sdata
 *(.gptab.data)
 *(.gptab.sdata)

.gptab.sbss
 *(.gptab.bss)
 *(.gptab.sbss)

.mdebug.abi32   0xa0003294        0x0
 *(.mdebug.abi32)
 .mdebug.abi32  0xa0003294        0x0 build/default_-_avec_Bootloader/production/_ext/1472/HTTP_Teleinfo.o
 .mdebug.abi32  0xa0003294        0x0 build/default_-_avec_Bootloader/production/_ext/1472/HTTP_Reseau.o
 .mdebug.abi32  0xa0003294        0x0 build/default_-_avec_Bootloader/production/_ext/1472/HTTP_Mynetmemo.o
 .mdebug.abi32  0xa0003294        0x0 build/default_-_avec_Bootloader/production/_ext/1472/HTTP_Password.o
 .mdebug.abi32  0xa0003294        0x0 build/default_-_avec_Bootloader/production/_ext/1472/HTTP_log.o
 .mdebug.abi32  0xa0003294        0x0 build/default_-_avec_Bootloader/production/_ext/1472/HTTP_cmd.o
 .mdebug.abi32  0xa0003294        0x0 build/default_-_avec_Bootloader/production/_ext/1472/HTTP_Parametres.o
 .mdebug.abi32  0xa0003294        0x0 build/default_-_avec_Bootloader/production/_ext/1472/HTTP_Donnees.o
 .mdebug.abi32  0xa0003294        0x0 build/default_-_avec_Bootloader/production/_ext/1472/HTTP_Index.o
 .mdebug.abi32  0xa0003294        0x0 build/default_-_avec_Bootloader/production/_ext/1472/HTTP_ADTEK.o
 .mdebug.abi32  0xa0003294        0x0 build/default_-_avec_Bootloader/production/_ext/1295770447/Announce.o
 .mdebug.abi32  0xa0003294        0x0 build/default_-_avec_Bootloader/production/_ext/1295770447/ARP.o
 .mdebug.abi32  0xa0003294        0x0 build/default_-_avec_Bootloader/production/_ext/1295770447/Delay.o
 .mdebug.abi32  0xa0003294        0x0 build/default_-_avec_Bootloader/production/_ext/1295770447/DHCP.o
 .mdebug.abi32  0xa0003294        0x0 build/default_-_avec_Bootloader/production/_ext/1295770447/DHCPs.o
 .mdebug.abi32  0xa0003294        0x0 build/default_-_avec_Bootloader/production/_ext/1295770447/DNS.o
 .mdebug.abi32  0xa0003294        0x0 build/default_-_avec_Bootloader/production/_ext/1295770447/DynDNS.o
 .mdebug.abi32  0xa0003294        0x0 build/default_-_avec_Bootloader/production/_ext/1295770447/FTP.o
 .mdebug.abi32  0xa0003294        0x0 build/default_-_avec_Bootloader/production/_ext/1295770447/Hashes.o
 .mdebug.abi32  0xa0003294        0x0 build/default_-_avec_Bootloader/production/_ext/1295770447/Helpers.o
 .mdebug.abi32  0xa0003294        0x0 build/default_-_avec_Bootloader/production/_ext/1295770447/HTTP2.o
 .mdebug.abi32  0xa0003294        0x0 build/default_-_avec_Bootloader/production/_ext/1295770447/ICMP.o
 .mdebug.abi32  0xa0003294        0x0 build/default_-_avec_Bootloader/production/_ext/1295770447/IP.o
 .mdebug.abi32  0xa0003294        0x0 build/default_-_avec_Bootloader/production/_ext/1295770447/MPFS2.o
 .mdebug.abi32  0xa0003294        0x0 build/default_-_avec_Bootloader/production/_ext/1295770447/NBNS.o
 .mdebug.abi32  0xa0003294        0x0 build/default_-_avec_Bootloader/production/_ext/1295770447/SMTP.o
 .mdebug.abi32  0xa0003294        0x0 build/default_-_avec_Bootloader/production/_ext/1295770447/SNMP.o
 .mdebug.abi32  0xa0003294        0x0 build/default_-_avec_Bootloader/production/_ext/1295770447/SNTP.o
 .mdebug.abi32  0xa0003294        0x0 build/default_-_avec_Bootloader/production/_ext/1295770447/SPIEEPROM.o
 .mdebug.abi32  0xa0003294        0x0 build/default_-_avec_Bootloader/production/_ext/1295770447/SPIFlash.o
 .mdebug.abi32  0xa0003294        0x0 build/default_-_avec_Bootloader/production/_ext/1295770447/SPIRAM.o
 .mdebug.abi32  0xa0003294        0x0 build/default_-_avec_Bootloader/production/_ext/1295770447/StackTsk.o
 .mdebug.abi32  0xa0003294        0x0 build/default_-_avec_Bootloader/production/_ext/1295770447/TCP.o
 .mdebug.abi32  0xa0003294        0x0 build/default_-_avec_Bootloader/production/_ext/1295770447/Telnet.o
 .mdebug.abi32  0xa0003294        0x0 build/default_-_avec_Bootloader/production/_ext/1295770447/TFTPc.o
 .mdebug.abi32  0xa0003294        0x0 build/default_-_avec_Bootloader/production/_ext/1295770447/Tick.o
 .mdebug.abi32  0xa0003294        0x0 build/default_-_avec_Bootloader/production/_ext/1295770447/UART.o
 .mdebug.abi32  0xa0003294        0x0 build/default_-_avec_Bootloader/production/_ext/1295770447/UDP.o
 .mdebug.abi32  0xa0003294        0x0 build/default_-_avec_Bootloader/production/_ext/1472/MPFSImg2.o
 .mdebug.abi32  0xa0003294        0x0 build/default_-_avec_Bootloader/production/_ext/1295770447/Random.o
 .mdebug.abi32  0xa0003294        0x0 build/default_-_avec_Bootloader/production/_ext/1295770447/RSA.o
 .mdebug.abi32  0xa0003294        0x0 build/default_-_avec_Bootloader/production/_ext/1295770447/SSL.o
 .mdebug.abi32  0xa0003294        0x0 build/default_-_avec_Bootloader/production/_ext/1295770447/ARCFOUR.o
 .mdebug.abi32  0xa0003294        0x0 build/default_-_avec_Bootloader/production/_ext/1295770447/BigInt.o
 .mdebug.abi32  0xa0003294        0x0 build/default_-_avec_Bootloader/production/_ext/1295770447/AutoIP.o
 .mdebug.abi32  0xa0003294        0x0 build/default_-_avec_Bootloader/production/_ext/1295770447/DNSs.o
 .mdebug.abi32  0xa0003294        0x0 build/default_-_avec_Bootloader/production/_ext/1295770447/ENCX24J600.o
 .mdebug.abi32  0xa0003294        0x0 build/default_-_avec_Bootloader/production/_ext/1295770447/ETHPIC32ExtPhy.o
 .mdebug.abi32  0xa0003294        0x0 build/default_-_avec_Bootloader/production/_ext/1295770447/ETHPIC32ExtPhyDP83848.o
 .mdebug.abi32  0xa0003294        0x0 build/default_-_avec_Bootloader/production/_ext/1295770447/ETHPIC32IntMac.o
 .mdebug.abi32  0xa0003294        0x0 build/default_-_avec_Bootloader/production/_ext/1472/rs232.o
 .mdebug.abi32  0xa0003294        0x0 build/default_-_avec_Bootloader/production/_ext/1472/Mynetmemo.o
 .mdebug.abi32  0xa0003294        0x0 build/default_-_avec_Bootloader/production/_ext/1472/Eeprom_i2c.o
 .mdebug.abi32  0xa0003294        0x0 build/default_-_avec_Bootloader/production/_ext/1472/Temperature.o
 .mdebug.abi32  0xa0003294        0x0 build/default_-_avec_Bootloader/production/_ext/1472/Teleinfo.o
 .mdebug.abi32  0xa0003294        0x0 build/default_-_avec_Bootloader/production/_ext/1472/log.o
 .mdebug.abi32  0xa0003294        0x0 build/default_-_avec_Bootloader/production/_ext/1472/SSLCert.o
 .mdebug.abi32  0xa0003294        0x0 build/default_-_avec_Bootloader/production/_ext/1472/divers.o
 .mdebug.abi32  0xa0003294        0x0 build/default_-_avec_Bootloader/production/_ext/1472/SST25VF016.o
 .mdebug.abi32  0xa0003294        0x0 build/default_-_avec_Bootloader/production/_ext/1472/drv_spi.o
 .mdebug.abi32  0xa0003294        0x0 build/default_-_avec_Bootloader/production/_ext/1472/mcp7941.o
 .mdebug.abi32  0xa0003294        0x0 build/default_-_avec_Bootloader/production/_ext/1472/RTC.o
 .mdebug.abi32  0xa0003294        0x0 build/default_-_avec_Bootloader/production/_ext/1472/0_SparkBox.o
 .mdebug.abi32  0xa0003294        0x0 build/default_-_avec_Bootloader/production/_ext/1472/Lcd.o
 .mdebug.abi32  0xa0003294        0x0 build/default_-_avec_Bootloader/production/_ext/1472/Analogique.o
 .mdebug.abi32  0xa0003294        0x0 build/default_-_avec_Bootloader/production/_ext/1472/Evse.o
 .mdebug.abi32  0xa0003294        0x0 build/default_-_avec_Bootloader/production/_ext/1472/i2c.o
 .mdebug.abi32  0xa0003294        0x0 build/default_-_avec_Bootloader/production/_ext/1472/BD_sst.o
 .mdebug.abi32  0xa0003294        0x0 c:/program files (x86)/microchip/xc32/v1.31/bin/../lib/gcc/pic32mx/4.5.2/../../../../pic32mx/lib/size\libmchp_peripheral_32MX695F512L.a(soft_reset_lib.o)
 .mdebug.abi32  0xa0003294        0x0 c:/program files (x86)/microchip/xc32/v1.31/bin/../lib/gcc/pic32mx/4.5.2/../../../../pic32mx/lib/size\libmchp_peripheral_32MX695F512L.a(pcache.o)
 .mdebug.abi32  0xa0003294        0x0 c:/program files (x86)/microchip/xc32/v1.31/bin/../lib/gcc/pic32mx/4.5.2/../../../../pic32mx/lib/size\libmchp_peripheral_32MX695F512L.a(int_disable_interrupts_lib.o)
 .mdebug.abi32  0xa0003294        0x0 c:/program files (x86)/microchip/xc32/v1.31/bin/../lib/gcc/pic32mx/4.5.2/../../../../pic32mx/lib/size\libmchp_peripheral_32MX695F512L.a(int_restore_interrupts_lib.o)
 .mdebug.abi32  0xa0003294        0x0 c:/program files (x86)/microchip/xc32/v1.31/bin/../lib/gcc/pic32mx/4.5.2/../../../../pic32mx/lib/size\libmchp_peripheral_32MX695F512L.a(int_enable_mv_int_lib.o)
 .mdebug.abi32  0xa0003294        0x0 c:/program files (x86)/microchip/xc32/v1.31/bin/../lib/gcc/pic32mx/4.5.2/../../../../pic32mx/lib/size\libmchp_peripheral_32MX695F512L.a(int_tbl_lib.o)
 .mdebug.abi32  0xa0003294        0x0 c:/program files (x86)/microchip/xc32/v1.31/bin/../lib/gcc/pic32mx/4.5.2/../../../../pic32mx/lib/size\libmchp_peripheral_32MX695F512L.a(uart_lib.o)
 .mdebug.abi32  0xa0003294        0x0 c:/program files (x86)/microchip/xc32/v1.31/bin/../lib/gcc/pic32mx/4.5.2/../../../../pic32mx/lib/size\libmchp_peripheral_32MX695F512L.a(I2CAcknowledgeByte.o)
 .mdebug.abi32  0xa0003294        0x0 c:/program files (x86)/microchip/xc32/v1.31/bin/../lib/gcc/pic32mx/4.5.2/../../../../pic32mx/lib/size\libmchp_peripheral_32MX695F512L.a(I2CBusIsIdle.o)
 .mdebug.abi32  0xa0003294        0x0 c:/program files (x86)/microchip/xc32/v1.31/bin/../lib/gcc/pic32mx/4.5.2/../../../../pic32mx/lib/size\libmchp_peripheral_32MX695F512L.a(I2CByteWasAcknowledged.o)
 .mdebug.abi32  0xa0003294        0x0 c:/program files (x86)/microchip/xc32/v1.31/bin/../lib/gcc/pic32mx/4.5.2/../../../../pic32mx/lib/size\libmchp_peripheral_32MX695F512L.a(I2CEnable.o)
 .mdebug.abi32  0xa0003294        0x0 c:/program files (x86)/microchip/xc32/v1.31/bin/../lib/gcc/pic32mx/4.5.2/../../../../pic32mx/lib/size\libmchp_peripheral_32MX695F512L.a(I2CGetByte.o)
 .mdebug.abi32  0xa0003294        0x0 c:/program files (x86)/microchip/xc32/v1.31/bin/../lib/gcc/pic32mx/4.5.2/../../../../pic32mx/lib/size\libmchp_peripheral_32MX695F512L.a(I2CGetStatus.o)
 .mdebug.abi32  0xa0003294        0x0 c:/program files (x86)/microchip/xc32/v1.31/bin/../lib/gcc/pic32mx/4.5.2/../../../../pic32mx/lib/size\libmchp_peripheral_32MX695F512L.a(I2CReceivedDataIsAvailable.o)
 .mdebug.abi32  0xa0003294        0x0 c:/program files (x86)/microchip/xc32/v1.31/bin/../lib/gcc/pic32mx/4.5.2/../../../../pic32mx/lib/size\libmchp_peripheral_32MX695F512L.a(I2CReceiverEnable.o)
 .mdebug.abi32  0xa0003294        0x0 c:/program files (x86)/microchip/xc32/v1.31/bin/../lib/gcc/pic32mx/4.5.2/../../../../pic32mx/lib/size\libmchp_peripheral_32MX695F512L.a(I2CRepeatStart.o)
 .mdebug.abi32  0xa0003294        0x0 c:/program files (x86)/microchip/xc32/v1.31/bin/../lib/gcc/pic32mx/4.5.2/../../../../pic32mx/lib/size\libmchp_peripheral_32MX695F512L.a(I2CSendByte.o)
 .mdebug.abi32  0xa0003294        0x0 c:/program files (x86)/microchip/xc32/v1.31/bin/../lib/gcc/pic32mx/4.5.2/../../../../pic32mx/lib/size\libmchp_peripheral_32MX695F512L.a(I2CSetFrequency.o)
 .mdebug.abi32  0xa0003294        0x0 c:/program files (x86)/microchip/xc32/v1.31/bin/../lib/gcc/pic32mx/4.5.2/../../../../pic32mx/lib/size\libmchp_peripheral_32MX695F512L.a(I2CStart.o)
 .mdebug.abi32  0xa0003294        0x0 c:/program files (x86)/microchip/xc32/v1.31/bin/../lib/gcc/pic32mx/4.5.2/../../../../pic32mx/lib/size\libmchp_peripheral_32MX695F512L.a(I2CStop.o)
 .mdebug.abi32  0xa0003294        0x0 c:/program files (x86)/microchip/xc32/v1.31/bin/../lib/gcc/pic32mx/4.5.2/../../../../pic32mx/lib/size\libmchp_peripheral_32MX695F512L.a(I2CTransmissionHasCompleted.o)
 .mdebug.abi32  0xa0003294        0x0 c:/program files (x86)/microchip/xc32/v1.31/bin/../lib/gcc/pic32mx/4.5.2/../../../../pic32mx/lib/size\libmchp_peripheral_32MX695F512L.a(I2CTransmitterIsReady.o)
 .mdebug.abi32  0xa0003294        0x0 c:/program files (x86)/microchip/xc32/v1.31/bin/../lib/gcc/pic32mx/4.5.2/../../../../pic32mx/lib/size\libmchp_peripheral_32MX695F512L.a(int_enable_interrupts_lib.o)
 .mdebug.abi32  0xa0003294        0x0 c:/program files (x86)/microchip/xc32/v1.31/bin/../lib/gcc/pic32mx/4.5.2/../../../../pic32mx/lib/size\libmchp_peripheral_32MX695F512L.a(I2CPrivate.o)
 .mdebug.abi32  0xa0003294        0x0 c:/program files (x86)/microchip/xc32/v1.31/bin/../lib/gcc/pic32mx/4.5.2/size\libgcc.a(_divdi3.o)
 .mdebug.abi32  0xa0003294        0x0 c:/program files (x86)/microchip/xc32/v1.31/bin/../lib/gcc/pic32mx/4.5.2/size\libgcc.a(_udivdi3.o)
 .mdebug.abi32  0xa0003294        0x0 c:/program files (x86)/microchip/xc32/v1.31/bin/../lib/gcc/pic32mx/4.5.2/size\libgcc.a(floatunsisf.o)
 .mdebug.abi32  0xa0003294        0x0 c:/program files (x86)/microchip/xc32/v1.31/bin/../lib/gcc/pic32mx/4.5.2/../../../../pic32mx/lib/size\libpic32.a(default-bootstrap-exception-handler.o)
 .mdebug.abi32  0xa0003294        0x0 c:/program files (x86)/microchip/xc32/v1.31/bin/../lib/gcc/pic32mx/4.5.2/../../../../pic32mx/lib/size\libpic32.a(default-on-reset.o)
 .mdebug.abi32  0xa0003294        0x0 c:/program files (x86)/microchip/xc32/v1.31/bin/../lib/gcc/pic32mx/4.5.2/../../../../pic32mx/lib/size\libpic32.a(default-on-bootstrap.o)
 .mdebug.abi32  0xa0003294        0x0 c:/program files (x86)/microchip/xc32/v1.31/bin/../lib/gcc/pic32mx/4.5.2/../../../../pic32mx/lib/size\libm.a(w_sqrtf.o)
 .mdebug.abi32  0xa0003294        0x0 c:/program files (x86)/microchip/xc32/v1.31/bin/../lib/gcc/pic32mx/4.5.2/../../../../pic32mx/lib/size\libm.a(s_lib_ver.o)
 .mdebug.abi32  0xa0003294        0x0 c:/program files (x86)/microchip/xc32/v1.31/bin/../lib/gcc/pic32mx/4.5.2/../../../../pic32mx/lib/size\libpic32.a(errno.o)
 .mdebug.abi32  0xa0003294        0x0 c:/program files (x86)/microchip/xc32/v1.31/bin/../lib/gcc/pic32mx/4.5.2/../../../../pic32mx/lib/size\libc.a(atoi.o)
 .mdebug.abi32  0xa0003294        0x0 c:/program files (x86)/microchip/xc32/v1.31/bin/../lib/gcc/pic32mx/4.5.2/../../../../pic32mx/lib/size\libc.a(atol.o)
 .mdebug.abi32  0xa0003294        0x0 c:/program files (x86)/microchip/xc32/v1.31/bin/../lib/gcc/pic32mx/4.5.2/../../../../pic32mx/lib/size\libc.a(ctype.o)
 .mdebug.abi32  0xa0003294        0x0 c:/program files (x86)/microchip/xc32/v1.31/bin/../lib/gcc/pic32mx/4.5.2/../../../../pic32mx/lib/size\libc.a(ctypef.o)
 .mdebug.abi32  0xa0003294        0x0 c:/program files (x86)/microchip/xc32/v1.31/bin/../lib/gcc/pic32mx/4.5.2/../../../../pic32mx/lib/size\libc.a(ltoa.o)
 .mdebug.abi32  0xa0003294        0x0 c:/program files (x86)/microchip/xc32/v1.31/bin/../lib/gcc/pic32mx/4.5.2/../../../../pic32mx/lib/size\libc.a(mktime.o)
 .mdebug.abi32  0xa0003294        0x0 c:/program files (x86)/microchip/xc32/v1.31/bin/../lib/gcc/pic32mx/4.5.2/../../../../pic32mx/lib/size\libc.a(strcat.o)
 .mdebug.abi32  0xa0003294        0x0 c:/program files (x86)/microchip/xc32/v1.31/bin/../lib/gcc/pic32mx/4.5.2/../../../../pic32mx/lib/size\libc.a(strchr.o)
 .mdebug.abi32  0xa0003294        0x0 c:/program files (x86)/microchip/xc32/v1.31/bin/../lib/gcc/pic32mx/4.5.2/../../../../pic32mx/lib/size\libc.a(strncmp.o)
 .mdebug.abi32  0xa0003294        0x0 c:/program files (x86)/microchip/xc32/v1.31/bin/../lib/gcc/pic32mx/4.5.2/../../../../pic32mx/lib/size\libc.a(strncpy.o)
 .mdebug.abi32  0xa0003294        0x0 c:/program files (x86)/microchip/xc32/v1.31/bin/../lib/gcc/pic32mx/4.5.2/../../../../pic32mx/lib/size\libc.a(strstr.o)
 .mdebug.abi32  0xa0003294        0x0 c:/program files (x86)/microchip/xc32/v1.31/bin/../lib/gcc/pic32mx/4.5.2/../../../../pic32mx/lib/size\libc.a(sprintf_cdnopsuxX.eo)
 .mdebug.abi32  0xa0003294        0x0 c:/program files (x86)/microchip/xc32/v1.31/bin/../lib/gcc/pic32mx/4.5.2/../../../../pic32mx/lib/size\libc.a(doprnt_cdnopsuxX.eo)
 .mdebug.abi32  0xa0003294        0x0 c:/program files (x86)/microchip/xc32/v1.31/bin/../lib/gcc/pic32mx/4.5.2/../../../../pic32mx/lib/size\libc.a(_fputc_simple.o)
 .mdebug.abi32  0xa0003294        0x0 c:/program files (x86)/microchip/xc32/v1.31/bin/../lib/gcc/pic32mx/4.5.2/../../../../pic32mx/lib/size\libc.a(_iob.o)
 .mdebug.abi32  0xa0003294        0x0 c:/program files (x86)/microchip/xc32/v1.31/bin/../lib/gcc/pic32mx/4.5.2/../../../../pic32mx/lib/size\libc.a(_flsbuf_simple.o)
 .mdebug.abi32  0xa0003294        0x0 c:/program files (x86)/microchip/xc32/v1.31/bin/../lib/gcc/pic32mx/4.5.2/../../../../pic32mx/lib/size\libpic32.a(write.o)
 .mdebug.abi32  0xa0003294        0x0 c:/program files (x86)/microchip/xc32/v1.31/bin/../lib/gcc/pic32mx/4.5.2/../../../../pic32mx/lib/size\libpic32.a(_mon_putc.o)
 .mdebug.abi32  0xa0003294        0x0 c:/program files (x86)/microchip/xc32/v1.31/bin/../lib/gcc/pic32mx/4.5.2/../../../../pic32mx/lib/size\libpic32.a(xc32_uart.o)
 .mdebug.abi32  0xa0003294        0x0 c:/program files (x86)/microchip/xc32/v1.31/bin/../lib/gcc/pic32mx/4.5.2/size\libgcc.a(_lshrdi3.o)
 .mdebug.abi32  0xa0003294        0x0 c:/program files (x86)/microchip/xc32/v1.31/bin/../lib/gcc/pic32mx/4.5.2/size\libgcc.a(_umoddi3.o)

.mdebug.abiN32
 *(.mdebug.abiN32)

.mdebug.abi64
 *(.mdebug.abi64)

.mdebug.abiO64
 *(.mdebug.abiO64)

.mdebug.eabi32
 *(.mdebug.eabi32)

.mdebug.eabi64
 *(.mdebug.eabi64)

.gcc_compiled_long32
 *(.gcc_compiled_long32)

.gcc_compiled_long64
 *(.gcc_compiled_long64)

.stab
 *(.stab)

.stabstr
 *(.stabstr)

.stab.excl
 *(.stab.excl)

.stab.exclstr
 *(.stab.exclstr)

.stab.index
 *(.stab.index)

.stab.indexstr
 *(.stab.indexstr)

.comment        0x00000000      0x208
 *(.comment)
 .comment       0x00000000       0x3c build/default_-_avec_Bootloader/production/_ext/1472/HTTP_Teleinfo.o
                                 0x3d (size before relaxing)
 .comment       0x00000000       0x3d build/default_-_avec_Bootloader/production/_ext/1472/HTTP_Reseau.o
 .comment       0x00000000       0x3d build/default_-_avec_Bootloader/production/_ext/1472/HTTP_Mynetmemo.o
 .comment       0x00000000       0x3d build/default_-_avec_Bootloader/production/_ext/1472/HTTP_Password.o
 .comment       0x00000000       0x3d build/default_-_avec_Bootloader/production/_ext/1472/HTTP_log.o
 .comment       0x00000000       0x3d build/default_-_avec_Bootloader/production/_ext/1472/HTTP_cmd.o
 .comment       0x00000000       0x3d build/default_-_avec_Bootloader/production/_ext/1472/HTTP_Parametres.o
 .comment       0x00000000       0x3d build/default_-_avec_Bootloader/production/_ext/1472/HTTP_Donnees.o
 .comment       0x00000000       0x3d build/default_-_avec_Bootloader/production/_ext/1472/HTTP_Index.o
 .comment       0x00000000       0x3d build/default_-_avec_Bootloader/production/_ext/1472/HTTP_ADTEK.o
 .comment       0x00000000       0x3d build/default_-_avec_Bootloader/production/_ext/1295770447/Announce.o
 .comment       0x00000000       0x3d build/default_-_avec_Bootloader/production/_ext/1295770447/ARP.o
 .comment       0x00000000       0x3d build/default_-_avec_Bootloader/production/_ext/1295770447/Delay.o
 .comment       0x00000000       0x3d build/default_-_avec_Bootloader/production/_ext/1295770447/DHCP.o
 .comment       0x00000000       0x3d build/default_-_avec_Bootloader/production/_ext/1295770447/DHCPs.o
 .comment       0x00000000       0x3d build/default_-_avec_Bootloader/production/_ext/1295770447/DNS.o
 .comment       0x00000000       0x3d build/default_-_avec_Bootloader/production/_ext/1295770447/DynDNS.o
 .comment       0x00000000       0x3d build/default_-_avec_Bootloader/production/_ext/1295770447/FTP.o
 .comment       0x00000000       0x3d build/default_-_avec_Bootloader/production/_ext/1295770447/Hashes.o
 .comment       0x00000000       0x3d build/default_-_avec_Bootloader/production/_ext/1295770447/Helpers.o
 .comment       0x00000000       0x3d build/default_-_avec_Bootloader/production/_ext/1295770447/HTTP2.o
 .comment       0x00000000       0x3d build/default_-_avec_Bootloader/production/_ext/1295770447/ICMP.o
 .comment       0x00000000       0x3d build/default_-_avec_Bootloader/production/_ext/1295770447/IP.o
 .comment       0x00000000       0x3d build/default_-_avec_Bootloader/production/_ext/1295770447/MPFS2.o
 .comment       0x00000000       0x3d build/default_-_avec_Bootloader/production/_ext/1295770447/NBNS.o
 .comment       0x00000000       0x3d build/default_-_avec_Bootloader/production/_ext/1295770447/SMTP.o
 .comment       0x00000000       0x3d build/default_-_avec_Bootloader/production/_ext/1295770447/SNMP.o
 .comment       0x00000000       0x3d build/default_-_avec_Bootloader/production/_ext/1295770447/SNTP.o
 .comment       0x00000000       0x3d build/default_-_avec_Bootloader/production/_ext/1295770447/SPIEEPROM.o
 .comment       0x00000000       0x3d build/default_-_avec_Bootloader/production/_ext/1295770447/SPIFlash.o
 .comment       0x00000000       0x3d build/default_-_avec_Bootloader/production/_ext/1295770447/SPIRAM.o
 .comment       0x00000000       0x3d build/default_-_avec_Bootloader/production/_ext/1295770447/StackTsk.o
 .comment       0x00000000       0x3d build/default_-_avec_Bootloader/production/_ext/1295770447/TCP.o
 .comment       0x00000000       0x3d build/default_-_avec_Bootloader/production/_ext/1295770447/Telnet.o
 .comment       0x00000000       0x3d build/default_-_avec_Bootloader/production/_ext/1295770447/TFTPc.o
 .comment       0x00000000       0x3d build/default_-_avec_Bootloader/production/_ext/1295770447/Tick.o
 .comment       0x00000000       0x3d build/default_-_avec_Bootloader/production/_ext/1295770447/UART.o
 .comment       0x00000000       0x3d build/default_-_avec_Bootloader/production/_ext/1295770447/UDP.o
 .comment       0x00000000       0x3d build/default_-_avec_Bootloader/production/_ext/1472/MPFSImg2.o
 .comment       0x00000000       0x3d build/default_-_avec_Bootloader/production/_ext/1295770447/Random.o
 .comment       0x00000000       0x3d build/default_-_avec_Bootloader/production/_ext/1295770447/RSA.o
 .comment       0x00000000       0x3d build/default_-_avec_Bootloader/production/_ext/1295770447/SSL.o
 .comment       0x00000000       0x3d build/default_-_avec_Bootloader/production/_ext/1295770447/ARCFOUR.o
 .comment       0x00000000       0x3d build/default_-_avec_Bootloader/production/_ext/1295770447/BigInt.o
 .comment       0x00000000       0x3d build/default_-_avec_Bootloader/production/_ext/1295770447/AutoIP.o
 .comment       0x00000000       0x3d build/default_-_avec_Bootloader/production/_ext/1295770447/DNSs.o
 .comment       0x00000000       0x3d build/default_-_avec_Bootloader/production/_ext/1295770447/ENCX24J600.o
 .comment       0x00000000       0x3d build/default_-_avec_Bootloader/production/_ext/1295770447/ETHPIC32ExtPhy.o
 .comment       0x00000000       0x3d build/default_-_avec_Bootloader/production/_ext/1295770447/ETHPIC32ExtPhyDP83848.o
 .comment       0x00000000       0x3d build/default_-_avec_Bootloader/production/_ext/1295770447/ETHPIC32IntMac.o
 .comment       0x00000000       0x3d build/default_-_avec_Bootloader/production/_ext/1472/rs232.o
 .comment       0x00000000       0x3d build/default_-_avec_Bootloader/production/_ext/1472/Mynetmemo.o
 .comment       0x00000000       0x3d build/default_-_avec_Bootloader/production/_ext/1472/Eeprom_i2c.o
 .comment       0x00000000       0x3d build/default_-_avec_Bootloader/production/_ext/1472/Temperature.o
 .comment       0x00000000       0x3d build/default_-_avec_Bootloader/production/_ext/1472/Teleinfo.o
 .comment       0x00000000       0x3d build/default_-_avec_Bootloader/production/_ext/1472/log.o
 .comment       0x00000000       0x3d build/default_-_avec_Bootloader/production/_ext/1472/SSLCert.o
 .comment       0x00000000       0x3d build/default_-_avec_Bootloader/production/_ext/1472/divers.o
 .comment       0x00000000       0x3d build/default_-_avec_Bootloader/production/_ext/1472/SST25VF016.o
 .comment       0x00000000       0x3d build/default_-_avec_Bootloader/production/_ext/1472/drv_spi.o
 .comment       0x00000000       0x3d build/default_-_avec_Bootloader/production/_ext/1472/mcp7941.o
 .comment       0x00000000       0x3d build/default_-_avec_Bootloader/production/_ext/1472/RTC.o
 .comment       0x00000000       0x3d build/default_-_avec_Bootloader/production/_ext/1472/0_SparkBox.o
 .comment       0x00000000       0x3d build/default_-_avec_Bootloader/production/_ext/1472/Lcd.o
 .comment       0x00000000       0x3d build/default_-_avec_Bootloader/production/_ext/1472/Analogique.o
 .comment       0x00000000       0x3d build/default_-_avec_Bootloader/production/_ext/1472/Evse.o
 .comment       0x00000000       0x3d build/default_-_avec_Bootloader/production/_ext/1472/i2c.o
 .comment       0x00000000       0x3d build/default_-_avec_Bootloader/production/_ext/1472/BD_sst.o
 .comment       0x0000003c       0x3c c:/program files (x86)/microchip/xc32/v1.31/bin/../lib/gcc/pic32mx/4.5.2/../../../../pic32mx/lib/size\libmchp_peripheral_32MX695F512L.a(soft_reset_lib.o)
                                 0x3d (size before relaxing)
 .comment       0x00000000       0x3d c:/program files (x86)/microchip/xc32/v1.31/bin/../lib/gcc/pic32mx/4.5.2/../../../../pic32mx/lib/size\libmchp_peripheral_32MX695F512L.a(pcache.o)
 .comment       0x00000000       0x3d c:/program files (x86)/microchip/xc32/v1.31/bin/../lib/gcc/pic32mx/4.5.2/../../../../pic32mx/lib/size\libmchp_peripheral_32MX695F512L.a(int_disable_interrupts_lib.o)
 .comment       0x00000000       0x3d c:/program files (x86)/microchip/xc32/v1.31/bin/../lib/gcc/pic32mx/4.5.2/../../../../pic32mx/lib/size\libmchp_peripheral_32MX695F512L.a(int_restore_interrupts_lib.o)
 .comment       0x00000000       0x3d c:/program files (x86)/microchip/xc32/v1.31/bin/../lib/gcc/pic32mx/4.5.2/../../../../pic32mx/lib/size\libmchp_peripheral_32MX695F512L.a(int_enable_mv_int_lib.o)
 .comment       0x00000000       0x3d c:/program files (x86)/microchip/xc32/v1.31/bin/../lib/gcc/pic32mx/4.5.2/../../../../pic32mx/lib/size\libmchp_peripheral_32MX695F512L.a(int_tbl_lib.o)
 .comment       0x00000000       0x3d c:/program files (x86)/microchip/xc32/v1.31/bin/../lib/gcc/pic32mx/4.5.2/../../../../pic32mx/lib/size\libmchp_peripheral_32MX695F512L.a(uart_lib.o)
 .comment       0x00000000       0x3d c:/program files (x86)/microchip/xc32/v1.31/bin/../lib/gcc/pic32mx/4.5.2/../../../../pic32mx/lib/size\libmchp_peripheral_32MX695F512L.a(I2CAcknowledgeByte.o)
 .comment       0x00000000       0x3d c:/program files (x86)/microchip/xc32/v1.31/bin/../lib/gcc/pic32mx/4.5.2/../../../../pic32mx/lib/size\libmchp_peripheral_32MX695F512L.a(I2CBusIsIdle.o)
 .comment       0x00000000       0x3d c:/program files (x86)/microchip/xc32/v1.31/bin/../lib/gcc/pic32mx/4.5.2/../../../../pic32mx/lib/size\libmchp_peripheral_32MX695F512L.a(I2CByteWasAcknowledged.o)
 .comment       0x00000000       0x3d c:/program files (x86)/microchip/xc32/v1.31/bin/../lib/gcc/pic32mx/4.5.2/../../../../pic32mx/lib/size\libmchp_peripheral_32MX695F512L.a(I2CEnable.o)
 .comment       0x00000000       0x3d c:/program files (x86)/microchip/xc32/v1.31/bin/../lib/gcc/pic32mx/4.5.2/../../../../pic32mx/lib/size\libmchp_peripheral_32MX695F512L.a(I2CGetByte.o)
 .comment       0x00000000       0x3d c:/program files (x86)/microchip/xc32/v1.31/bin/../lib/gcc/pic32mx/4.5.2/../../../../pic32mx/lib/size\libmchp_peripheral_32MX695F512L.a(I2CGetStatus.o)
 .comment       0x00000000       0x3d c:/program files (x86)/microchip/xc32/v1.31/bin/../lib/gcc/pic32mx/4.5.2/../../../../pic32mx/lib/size\libmchp_peripheral_32MX695F512L.a(I2CReceivedDataIsAvailable.o)
 .comment       0x00000000       0x3d c:/program files (x86)/microchip/xc32/v1.31/bin/../lib/gcc/pic32mx/4.5.2/../../../../pic32mx/lib/size\libmchp_peripheral_32MX695F512L.a(I2CReceiverEnable.o)
 .comment       0x00000000       0x3d c:/program files (x86)/microchip/xc32/v1.31/bin/../lib/gcc/pic32mx/4.5.2/../../../../pic32mx/lib/size\libmchp_peripheral_32MX695F512L.a(I2CRepeatStart.o)
 .comment       0x00000000       0x3d c:/program files (x86)/microchip/xc32/v1.31/bin/../lib/gcc/pic32mx/4.5.2/../../../../pic32mx/lib/size\libmchp_peripheral_32MX695F512L.a(I2CSendByte.o)
 .comment       0x00000000       0x3d c:/program files (x86)/microchip/xc32/v1.31/bin/../lib/gcc/pic32mx/4.5.2/../../../../pic32mx/lib/size\libmchp_peripheral_32MX695F512L.a(I2CSetFrequency.o)
 .comment       0x00000000       0x3d c:/program files (x86)/microchip/xc32/v1.31/bin/../lib/gcc/pic32mx/4.5.2/../../../../pic32mx/lib/size\libmchp_peripheral_32MX695F512L.a(I2CStart.o)
 .comment       0x00000000       0x3d c:/program files (x86)/microchip/xc32/v1.31/bin/../lib/gcc/pic32mx/4.5.2/../../../../pic32mx/lib/size\libmchp_peripheral_32MX695F512L.a(I2CStop.o)
 .comment       0x00000000       0x3d c:/program files (x86)/microchip/xc32/v1.31/bin/../lib/gcc/pic32mx/4.5.2/../../../../pic32mx/lib/size\libmchp_peripheral_32MX695F512L.a(I2CTransmissionHasCompleted.o)
 .comment       0x00000000       0x3d c:/program files (x86)/microchip/xc32/v1.31/bin/../lib/gcc/pic32mx/4.5.2/../../../../pic32mx/lib/size\libmchp_peripheral_32MX695F512L.a(I2CTransmitterIsReady.o)
 .comment       0x00000000       0x3d c:/program files (x86)/microchip/xc32/v1.31/bin/../lib/gcc/pic32mx/4.5.2/../../../../pic32mx/lib/size\libmchp_peripheral_32MX695F512L.a(int_enable_interrupts_lib.o)
 .comment       0x00000000       0x3d c:/program files (x86)/microchip/xc32/v1.31/bin/../lib/gcc/pic32mx/4.5.2/../../../../pic32mx/lib/size\libmchp_peripheral_32MX695F512L.a(I2CPrivate.o)
 .comment       0x00000078       0x3c c:/program files (x86)/microchip/xc32/v1.31/bin/../lib/gcc/pic32mx/4.5.2/size\libgcc.a(_divdi3.o)
                                 0x3d (size before relaxing)
 .comment       0x00000000       0x3d c:/program files (x86)/microchip/xc32/v1.31/bin/../lib/gcc/pic32mx/4.5.2/size\libgcc.a(_udivdi3.o)
 .comment       0x00000000       0x3d c:/program files (x86)/microchip/xc32/v1.31/bin/../lib/gcc/pic32mx/4.5.2/size\libgcc.a(floatunsisf.o)
 .comment       0x000000b4       0x18 c:/program files (x86)/microchip/xc32/v1.31/bin/../lib/gcc/pic32mx/4.5.2/../../../../pic32mx/lib/size\libpic32.a(memcmp.o)
                                 0x19 (size before relaxing)
 .comment       0x000000cc       0x18 c:/program files (x86)/microchip/xc32/v1.31/bin/../lib/gcc/pic32mx/4.5.2/../../../../pic32mx/lib/size\libpic32.a(memset.o)
                                 0x19 (size before relaxing)
 .comment       0x000000e4       0x55 c:/program files (x86)/microchip/xc32/v1.31/bin/../lib/gcc/pic32mx/4.5.2/../../../../pic32mx/lib/size\libpic32.a(strcmp.o)
                                 0x56 (size before relaxing)
 .comment       0x00000139       0x19 c:/program files (x86)/microchip/xc32/v1.31/bin/../lib/gcc/pic32mx/4.5.2/../../../../pic32mx/lib/size\libpic32.a(strcpy.o)
                                 0x1a (size before relaxing)
 .comment       0x00000152       0x19 c:/program files (x86)/microchip/xc32/v1.31/bin/../lib/gcc/pic32mx/4.5.2/../../../../pic32mx/lib/size\libpic32.a(strlen.o)
                                 0x1a (size before relaxing)
 .comment       0x00000000       0x3d c:/program files (x86)/microchip/xc32/v1.31/bin/../lib/gcc/pic32mx/4.5.2/../../../../pic32mx/lib/size\libpic32.a(default-bootstrap-exception-handler.o)
 .comment       0x00000000       0x3d c:/program files (x86)/microchip/xc32/v1.31/bin/../lib/gcc/pic32mx/4.5.2/../../../../pic32mx/lib/size\libpic32.a(default-on-reset.o)
 .comment       0x00000000       0x3d c:/program files (x86)/microchip/xc32/v1.31/bin/../lib/gcc/pic32mx/4.5.2/../../../../pic32mx/lib/size\libpic32.a(default-on-bootstrap.o)
 .comment       0x00000000       0x3d c:/program files (x86)/microchip/xc32/v1.31/bin/../lib/gcc/pic32mx/4.5.2/../../../../pic32mx/lib/size\libm.a(w_sqrtf.o)
 .comment       0x00000000       0x3d c:/program files (x86)/microchip/xc32/v1.31/bin/../lib/gcc/pic32mx/4.5.2/../../../../pic32mx/lib/size\libm.a(s_lib_ver.o)
 .comment       0x00000000       0x3d c:/program files (x86)/microchip/xc32/v1.31/bin/../lib/gcc/pic32mx/4.5.2/../../../../pic32mx/lib/size\libpic32.a(errno.o)
 .comment       0x00000000       0x3d c:/program files (x86)/microchip/xc32/v1.31/bin/../lib/gcc/pic32mx/4.5.2/../../../../pic32mx/lib/size\libc.a(atoi.o)
 .comment       0x00000000       0x3d c:/program files (x86)/microchip/xc32/v1.31/bin/../lib/gcc/pic32mx/4.5.2/../../../../pic32mx/lib/size\libc.a(atol.o)
 .comment       0x0000016b       0x4e c:/program files (x86)/microchip/xc32/v1.31/bin/../lib/gcc/pic32mx/4.5.2/../../../../pic32mx/lib/size\libc.a(ctype.o)
                                 0x8b (size before relaxing)
 .comment       0x000001b9       0x4f c:/program files (x86)/microchip/xc32/v1.31/bin/../lib/gcc/pic32mx/4.5.2/../../../../pic32mx/lib/size\libc.a(ctypef.o)
                                 0x8c (size before relaxing)
 .comment       0x00000000       0x3d c:/program files (x86)/microchip/xc32/v1.31/bin/../lib/gcc/pic32mx/4.5.2/../../../../pic32mx/lib/size\libc.a(ltoa.o)
 .comment       0x00000000       0x3d c:/program files (x86)/microchip/xc32/v1.31/bin/../lib/gcc/pic32mx/4.5.2/../../../../pic32mx/lib/size\libc.a(mktime.o)
 .comment       0x00000000       0x3d c:/program files (x86)/microchip/xc32/v1.31/bin/../lib/gcc/pic32mx/4.5.2/../../../../pic32mx/lib/size\libc.a(strcat.o)
 .comment       0x00000000       0x3d c:/program files (x86)/microchip/xc32/v1.31/bin/../lib/gcc/pic32mx/4.5.2/../../../../pic32mx/lib/size\libc.a(strchr.o)
 .comment       0x00000000       0x3d c:/program files (x86)/microchip/xc32/v1.31/bin/../lib/gcc/pic32mx/4.5.2/../../../../pic32mx/lib/size\libc.a(strncmp.o)
 .comment       0x00000000       0x3d c:/program files (x86)/microchip/xc32/v1.31/bin/../lib/gcc/pic32mx/4.5.2/../../../../pic32mx/lib/size\libc.a(strncpy.o)
 .comment       0x00000000       0x3d c:/program files (x86)/microchip/xc32/v1.31/bin/../lib/gcc/pic32mx/4.5.2/../../../../pic32mx/lib/size\libc.a(strstr.o)
 .comment       0x00000000       0x3d c:/program files (x86)/microchip/xc32/v1.31/bin/../lib/gcc/pic32mx/4.5.2/../../../../pic32mx/lib/size\libc.a(sprintf_cdnopsuxX.eo)
 .comment       0x00000000       0x3d c:/program files (x86)/microchip/xc32/v1.31/bin/../lib/gcc/pic32mx/4.5.2/../../../../pic32mx/lib/size\libc.a(doprnt_cdnopsuxX.eo)
 .comment       0x00000000       0x3d c:/program files (x86)/microchip/xc32/v1.31/bin/../lib/gcc/pic32mx/4.5.2/../../../../pic32mx/lib/size\libc.a(_fputc_simple.o)
 .comment       0x00000000       0x3d c:/program files (x86)/microchip/xc32/v1.31/bin/../lib/gcc/pic32mx/4.5.2/../../../../pic32mx/lib/size\libc.a(_iob.o)
 .comment       0x00000000       0x3d c:/program files (x86)/microchip/xc32/v1.31/bin/../lib/gcc/pic32mx/4.5.2/../../../../pic32mx/lib/size\libc.a(_flsbuf_simple.o)
 .comment       0x00000000       0x3d c:/program files (x86)/microchip/xc32/v1.31/bin/../lib/gcc/pic32mx/4.5.2/../../../../pic32mx/lib/size\libpic32.a(write.o)
 .comment       0x00000000       0x3d c:/program files (x86)/microchip/xc32/v1.31/bin/../lib/gcc/pic32mx/4.5.2/../../../../pic32mx/lib/size\libpic32.a(_mon_putc.o)
 .comment       0x00000000       0x3d c:/program files (x86)/microchip/xc32/v1.31/bin/../lib/gcc/pic32mx/4.5.2/../../../../pic32mx/lib/size\libpic32.a(xc32_uart.o)
 .comment       0x00000000       0x3d c:/program files (x86)/microchip/xc32/v1.31/bin/../lib/gcc/pic32mx/4.5.2/size\libgcc.a(_lshrdi3.o)
 .comment       0x00000000       0x3d c:/program files (x86)/microchip/xc32/v1.31/bin/../lib/gcc/pic32mx/4.5.2/size\libgcc.a(_umoddi3.o)

.debug
 *(.debug)

.line
 *(.line)

.debug_srcinfo
 *(.debug_srcinfo)

.debug_sfnames
 *(.debug_sfnames)

.debug_aranges  0x00000000      0xd18
 *(.debug_aranges)
 .debug_aranges
                0x00000000       0x20 build/default_-_avec_Bootloader/production/_ext/1472/HTTP_Teleinfo.o
 .debug_aranges
                0x00000020       0x20 build/default_-_avec_Bootloader/production/_ext/1472/HTTP_Reseau.o
 .debug_aranges
                0x00000040       0x20 build/default_-_avec_Bootloader/production/_ext/1472/HTTP_Mynetmemo.o
 .debug_aranges
                0x00000060       0x20 build/default_-_avec_Bootloader/production/_ext/1472/HTTP_Password.o
 .debug_aranges
                0x00000080       0x20 build/default_-_avec_Bootloader/production/_ext/1472/HTTP_log.o
 .debug_aranges
                0x000000a0       0x20 build/default_-_avec_Bootloader/production/_ext/1472/HTTP_cmd.o
 .debug_aranges
                0x000000c0       0x20 build/default_-_avec_Bootloader/production/_ext/1472/HTTP_Parametres.o
 .debug_aranges
                0x000000e0       0x20 build/default_-_avec_Bootloader/production/_ext/1472/HTTP_Donnees.o
 .debug_aranges
                0x00000100       0x20 build/default_-_avec_Bootloader/production/_ext/1472/HTTP_Index.o
 .debug_aranges
                0x00000120       0x20 build/default_-_avec_Bootloader/production/_ext/1472/HTTP_ADTEK.o
 .debug_aranges
                0x00000140       0x20 build/default_-_avec_Bootloader/production/_ext/1295770447/Announce.o
 .debug_aranges
                0x00000160       0x20 build/default_-_avec_Bootloader/production/_ext/1295770447/ARP.o
 .debug_aranges
                0x00000180       0x20 build/default_-_avec_Bootloader/production/_ext/1295770447/Delay.o
 .debug_aranges
                0x000001a0       0x20 build/default_-_avec_Bootloader/production/_ext/1295770447/DHCP.o
 .debug_aranges
                0x000001c0       0x20 build/default_-_avec_Bootloader/production/_ext/1295770447/DNS.o
 .debug_aranges
                0x000001e0       0x20 build/default_-_avec_Bootloader/production/_ext/1295770447/Hashes.o
 .debug_aranges
                0x00000200       0x20 build/default_-_avec_Bootloader/production/_ext/1295770447/Helpers.o
 .debug_aranges
                0x00000220       0x20 build/default_-_avec_Bootloader/production/_ext/1295770447/HTTP2.o
 .debug_aranges
                0x00000240       0x20 build/default_-_avec_Bootloader/production/_ext/1295770447/ICMP.o
 .debug_aranges
                0x00000260       0x20 build/default_-_avec_Bootloader/production/_ext/1295770447/IP.o
 .debug_aranges
                0x00000280       0x20 build/default_-_avec_Bootloader/production/_ext/1295770447/MPFS2.o
 .debug_aranges
                0x000002a0       0x20 build/default_-_avec_Bootloader/production/_ext/1295770447/NBNS.o
 .debug_aranges
                0x000002c0       0x20 build/default_-_avec_Bootloader/production/_ext/1295770447/SMTP.o
 .debug_aranges
                0x000002e0       0x20 build/default_-_avec_Bootloader/production/_ext/1295770447/StackTsk.o
 .debug_aranges
                0x00000300       0x20 build/default_-_avec_Bootloader/production/_ext/1295770447/TCP.o
 .debug_aranges
                0x00000320       0x20 build/default_-_avec_Bootloader/production/_ext/1295770447/Tick.o
 .debug_aranges
                0x00000340       0x20 build/default_-_avec_Bootloader/production/_ext/1295770447/UDP.o
 .debug_aranges
                0x00000360       0x20 build/default_-_avec_Bootloader/production/_ext/1295770447/Random.o
 .debug_aranges
                0x00000380       0x20 build/default_-_avec_Bootloader/production/_ext/1295770447/SSL.o
 .debug_aranges
                0x000003a0       0x20 build/default_-_avec_Bootloader/production/_ext/1295770447/ARCFOUR.o
 .debug_aranges
                0x000003c0       0x20 build/default_-_avec_Bootloader/production/_ext/1295770447/ENCX24J600.o
 .debug_aranges
                0x000003e0       0x20 build/default_-_avec_Bootloader/production/_ext/1472/rs232.o
 .debug_aranges
                0x00000400       0x20 build/default_-_avec_Bootloader/production/_ext/1472/Mynetmemo.o
 .debug_aranges
                0x00000420       0x20 build/default_-_avec_Bootloader/production/_ext/1472/Eeprom_i2c.o
 .debug_aranges
                0x00000440       0x20 build/default_-_avec_Bootloader/production/_ext/1472/Temperature.o
 .debug_aranges
                0x00000460       0x20 build/default_-_avec_Bootloader/production/_ext/1472/Teleinfo.o
 .debug_aranges
                0x00000480       0x20 build/default_-_avec_Bootloader/production/_ext/1472/log.o
 .debug_aranges
                0x000004a0       0x20 build/default_-_avec_Bootloader/production/_ext/1472/divers.o
 .debug_aranges
                0x000004c0       0x20 build/default_-_avec_Bootloader/production/_ext/1472/SST25VF016.o
 .debug_aranges
                0x000004e0       0x20 build/default_-_avec_Bootloader/production/_ext/1472/drv_spi.o
 .debug_aranges
                0x00000500       0x20 build/default_-_avec_Bootloader/production/_ext/1472/mcp7941.o
 .debug_aranges
                0x00000520       0x20 build/default_-_avec_Bootloader/production/_ext/1472/RTC.o
 .debug_aranges
                0x00000540       0x20 build/default_-_avec_Bootloader/production/_ext/1472/0_SparkBox.o
 .debug_aranges
                0x00000560       0x20 build/default_-_avec_Bootloader/production/_ext/1472/Lcd.o
 .debug_aranges
                0x00000580       0x20 build/default_-_avec_Bootloader/production/_ext/1472/Analogique.o
 .debug_aranges
                0x000005a0       0x20 build/default_-_avec_Bootloader/production/_ext/1472/Evse.o
 .debug_aranges
                0x000005c0       0x20 build/default_-_avec_Bootloader/production/_ext/1472/i2c.o
 .debug_aranges
                0x000005e0       0x20 build/default_-_avec_Bootloader/production/_ext/1472/BD_sst.o
 .debug_aranges
                0x00000600       0x20 c:/program files (x86)/microchip/xc32/v1.31/bin/../lib/gcc/pic32mx/4.5.2/../../../../pic32mx/lib/size\libmchp_peripheral_32MX695F512L.a(soft_reset_lib.o)
 .debug_aranges
                0x00000620       0x28 c:/program files (x86)/microchip/xc32/v1.31/bin/../lib/gcc/pic32mx/4.5.2/../../../../pic32mx/lib/size\libmchp_peripheral_32MX695F512L.a(pcache.o)
 .debug_aranges
                0x00000648       0x20 c:/program files (x86)/microchip/xc32/v1.31/bin/../lib/gcc/pic32mx/4.5.2/../../../../pic32mx/lib/size\libmchp_peripheral_32MX695F512L.a(int_disable_interrupts_lib.o)
 .debug_aranges
                0x00000668       0x20 c:/program files (x86)/microchip/xc32/v1.31/bin/../lib/gcc/pic32mx/4.5.2/../../../../pic32mx/lib/size\libmchp_peripheral_32MX695F512L.a(int_restore_interrupts_lib.o)
 .debug_aranges
                0x00000688       0x20 c:/program files (x86)/microchip/xc32/v1.31/bin/../lib/gcc/pic32mx/4.5.2/../../../../pic32mx/lib/size\libmchp_peripheral_32MX695F512L.a(int_enable_mv_int_lib.o)
 .debug_aranges
                0x000006a8       0x60 c:/program files (x86)/microchip/xc32/v1.31/bin/../lib/gcc/pic32mx/4.5.2/../../../../pic32mx/lib/size\libmchp_peripheral_32MX695F512L.a(int_tbl_lib.o)
 .debug_aranges
                0x00000708       0x58 c:/program files (x86)/microchip/xc32/v1.31/bin/../lib/gcc/pic32mx/4.5.2/../../../../pic32mx/lib/size\libmchp_peripheral_32MX695F512L.a(uart_lib.o)
 .debug_aranges
                0x00000760       0x20 c:/program files (x86)/microchip/xc32/v1.31/bin/../lib/gcc/pic32mx/4.5.2/../../../../pic32mx/lib/size\libmchp_peripheral_32MX695F512L.a(I2CAcknowledgeByte.o)
 .debug_aranges
                0x00000780       0x20 c:/program files (x86)/microchip/xc32/v1.31/bin/../lib/gcc/pic32mx/4.5.2/../../../../pic32mx/lib/size\libmchp_peripheral_32MX695F512L.a(I2CBusIsIdle.o)
 .debug_aranges
                0x000007a0       0x20 c:/program files (x86)/microchip/xc32/v1.31/bin/../lib/gcc/pic32mx/4.5.2/../../../../pic32mx/lib/size\libmchp_peripheral_32MX695F512L.a(I2CByteWasAcknowledged.o)
 .debug_aranges
                0x000007c0       0x20 c:/program files (x86)/microchip/xc32/v1.31/bin/../lib/gcc/pic32mx/4.5.2/../../../../pic32mx/lib/size\libmchp_peripheral_32MX695F512L.a(I2CEnable.o)
 .debug_aranges
                0x000007e0       0x20 c:/program files (x86)/microchip/xc32/v1.31/bin/../lib/gcc/pic32mx/4.5.2/../../../../pic32mx/lib/size\libmchp_peripheral_32MX695F512L.a(I2CGetByte.o)
 .debug_aranges
                0x00000800       0x20 c:/program files (x86)/microchip/xc32/v1.31/bin/../lib/gcc/pic32mx/4.5.2/../../../../pic32mx/lib/size\libmchp_peripheral_32MX695F512L.a(I2CGetStatus.o)
 .debug_aranges
                0x00000820       0x20 c:/program files (x86)/microchip/xc32/v1.31/bin/../lib/gcc/pic32mx/4.5.2/../../../../pic32mx/lib/size\libmchp_peripheral_32MX695F512L.a(I2CReceivedDataIsAvailable.o)
 .debug_aranges
                0x00000840       0x20 c:/program files (x86)/microchip/xc32/v1.31/bin/../lib/gcc/pic32mx/4.5.2/../../../../pic32mx/lib/size\libmchp_peripheral_32MX695F512L.a(I2CReceiverEnable.o)
 .debug_aranges
                0x00000860       0x20 c:/program files (x86)/microchip/xc32/v1.31/bin/../lib/gcc/pic32mx/4.5.2/../../../../pic32mx/lib/size\libmchp_peripheral_32MX695F512L.a(I2CRepeatStart.o)
 .debug_aranges
                0x00000880       0x20 c:/program files (x86)/microchip/xc32/v1.31/bin/../lib/gcc/pic32mx/4.5.2/../../../../pic32mx/lib/size\libmchp_peripheral_32MX695F512L.a(I2CSendByte.o)
 .debug_aranges
                0x000008a0       0x20 c:/program files (x86)/microchip/xc32/v1.31/bin/../lib/gcc/pic32mx/4.5.2/../../../../pic32mx/lib/size\libmchp_peripheral_32MX695F512L.a(I2CSetFrequency.o)
 .debug_aranges
                0x000008c0       0x20 c:/program files (x86)/microchip/xc32/v1.31/bin/../lib/gcc/pic32mx/4.5.2/../../../../pic32mx/lib/size\libmchp_peripheral_32MX695F512L.a(I2CStart.o)
 .debug_aranges
                0x000008e0       0x20 c:/program files (x86)/microchip/xc32/v1.31/bin/../lib/gcc/pic32mx/4.5.2/../../../../pic32mx/lib/size\libmchp_peripheral_32MX695F512L.a(I2CStop.o)
 .debug_aranges
                0x00000900       0x20 c:/program files (x86)/microchip/xc32/v1.31/bin/../lib/gcc/pic32mx/4.5.2/../../../../pic32mx/lib/size\libmchp_peripheral_32MX695F512L.a(I2CTransmissionHasCompleted.o)
 .debug_aranges
                0x00000920       0x20 c:/program files (x86)/microchip/xc32/v1.31/bin/../lib/gcc/pic32mx/4.5.2/../../../../pic32mx/lib/size\libmchp_peripheral_32MX695F512L.a(I2CTransmitterIsReady.o)
 .debug_aranges
                0x00000940       0x20 c:/program files (x86)/microchip/xc32/v1.31/bin/../lib/gcc/pic32mx/4.5.2/../../../../pic32mx/lib/size\libmchp_peripheral_32MX695F512L.a(int_enable_interrupts_lib.o)
 .debug_aranges
                0x00000960       0x20 c:/program files (x86)/microchip/xc32/v1.31/bin/../lib/gcc/pic32mx/4.5.2/size\libgcc.a(_divdi3.o)
 .debug_aranges
                0x00000980       0x20 c:/program files (x86)/microchip/xc32/v1.31/bin/../lib/gcc/pic32mx/4.5.2/size\libgcc.a(_udivdi3.o)
 .debug_aranges
                0x000009a0       0x20 c:/program files (x86)/microchip/xc32/v1.31/bin/../lib/gcc/pic32mx/4.5.2/size\libgcc.a(floatunsisf.o)
 .debug_aranges
                0x000009c0       0x20 c:/program files (x86)/microchip/xc32/v1.31/bin/../lib/gcc/pic32mx/4.5.2/../../../../pic32mx/lib/size\libpic32.a(default-bootstrap-exception-handler.o)
 .debug_aranges
                0x000009e0       0x20 c:/program files (x86)/microchip/xc32/v1.31/bin/../lib/gcc/pic32mx/4.5.2/../../../../pic32mx/lib/size\libpic32.a(default-on-reset.o)
 .debug_aranges
                0x00000a00       0x20 c:/program files (x86)/microchip/xc32/v1.31/bin/../lib/gcc/pic32mx/4.5.2/../../../../pic32mx/lib/size\libpic32.a(default-on-bootstrap.o)
 .debug_aranges
                0x00000a20       0x20 c:/program files (x86)/microchip/xc32/v1.31/bin/../lib/gcc/pic32mx/4.5.2/../../../../pic32mx/lib/size\libm.a(w_sqrtf.o)
 .debug_aranges
                0x00000a40       0x20 c:/program files (x86)/microchip/xc32/v1.31/bin/../lib/gcc/pic32mx/4.5.2/../../../../pic32mx/lib/size\libc.a(atoi.o)
 .debug_aranges
                0x00000a60       0x20 c:/program files (x86)/microchip/xc32/v1.31/bin/../lib/gcc/pic32mx/4.5.2/../../../../pic32mx/lib/size\libc.a(atol.o)
 .debug_aranges
                0x00000a80       0xa0 c:/program files (x86)/microchip/xc32/v1.31/bin/../lib/gcc/pic32mx/4.5.2/../../../../pic32mx/lib/size\libc.a(ctypef.o)
 .debug_aranges
                0x00000b20       0x28 c:/program files (x86)/microchip/xc32/v1.31/bin/../lib/gcc/pic32mx/4.5.2/../../../../pic32mx/lib/size\libc.a(ltoa.o)
 .debug_aranges
                0x00000b48       0x30 c:/program files (x86)/microchip/xc32/v1.31/bin/../lib/gcc/pic32mx/4.5.2/../../../../pic32mx/lib/size\libc.a(mktime.o)
 .debug_aranges
                0x00000b78       0x20 c:/program files (x86)/microchip/xc32/v1.31/bin/../lib/gcc/pic32mx/4.5.2/../../../../pic32mx/lib/size\libc.a(strcat.o)
 .debug_aranges
                0x00000b98       0x20 c:/program files (x86)/microchip/xc32/v1.31/bin/../lib/gcc/pic32mx/4.5.2/../../../../pic32mx/lib/size\libc.a(strchr.o)
 .debug_aranges
                0x00000bb8       0x20 c:/program files (x86)/microchip/xc32/v1.31/bin/../lib/gcc/pic32mx/4.5.2/../../../../pic32mx/lib/size\libc.a(strncmp.o)
 .debug_aranges
                0x00000bd8       0x20 c:/program files (x86)/microchip/xc32/v1.31/bin/../lib/gcc/pic32mx/4.5.2/../../../../pic32mx/lib/size\libc.a(strncpy.o)
 .debug_aranges
                0x00000bf8       0x20 c:/program files (x86)/microchip/xc32/v1.31/bin/../lib/gcc/pic32mx/4.5.2/../../../../pic32mx/lib/size\libc.a(strstr.o)
 .debug_aranges