Archive member included because of file (symbol)

c:/program files (x86)/microchip/xc32/v1.31/bin/../lib/gcc/pic32mx/4.5.2/../../../../pic32mx/lib\libmchp_peripheral_32MX695F512L.a(soft_reset_lib.o)
                              build/DEBUG_-_Sans_Bootloader/debug/_ext/1472/HTTP_ADTEK.o (SoftReset)
c:/program files (x86)/microchip/xc32/v1.31/bin/../lib/gcc/pic32mx/4.5.2/../../../../pic32mx/lib\libmchp_peripheral_32MX695F512L.a(pcache.o)
                              build/DEBUG_-_Sans_Bootloader/debug/_ext/1472/0_SparkBox.o (CheKseg0CacheOn)
c:/program files (x86)/microchip/xc32/v1.31/bin/../lib/gcc/pic32mx/4.5.2/../../../../pic32mx/lib\libmchp_peripheral_32MX695F512L.a(int_disable_interrupts_lib.o)
                              build/DEBUG_-_Sans_Bootloader/debug/_ext/1472/rs232.o (INTDisableInterrupts)
c:/program files (x86)/microchip/xc32/v1.31/bin/../lib/gcc/pic32mx/4.5.2/../../../../pic32mx/lib\libmchp_peripheral_32MX695F512L.a(int_restore_interrupts_lib.o)
                              build/DEBUG_-_Sans_Bootloader/debug/_ext/1472/rs232.o (INTRestoreInterrupts)
c:/program files (x86)/microchip/xc32/v1.31/bin/../lib/gcc/pic32mx/4.5.2/../../../../pic32mx/lib\libmchp_peripheral_32MX695F512L.a(int_enable_mv_int_lib.o)
                              build/DEBUG_-_Sans_Bootloader/debug/_ext/1472/0_SparkBox.o (INTEnableSystemMultiVectoredInt)
c:/program files (x86)/microchip/xc32/v1.31/bin/../lib/gcc/pic32mx/4.5.2/../../../../pic32mx/lib\libmchp_peripheral_32MX695F512L.a(int_tbl_lib.o)
                              build/DEBUG_-_Sans_Bootloader/debug/_ext/1472/rs232.o (INTClearFlag)
c:/program files (x86)/microchip/xc32/v1.31/bin/../lib/gcc/pic32mx/4.5.2/../../../../pic32mx/lib\libmchp_peripheral_32MX695F512L.a(uart_lib.o)
                              build/DEBUG_-_Sans_Bootloader/debug/_ext/1472/rs232.o (UARTEnable)
c:/program files (x86)/microchip/xc32/v1.31/bin/../lib/gcc/pic32mx/4.5.2/../../../../pic32mx/lib\libmchp_peripheral_32MX695F512L.a(I2CAcknowledgeByte.o)
                              build/DEBUG_-_Sans_Bootloader/debug/_ext/1472/i2c.o (I2CAcknowledgeByte)
c:/program files (x86)/microchip/xc32/v1.31/bin/../lib/gcc/pic32mx/4.5.2/../../../../pic32mx/lib\libmchp_peripheral_32MX695F512L.a(I2CBusIsIdle.o)
                              build/DEBUG_-_Sans_Bootloader/debug/_ext/1472/i2c.o (I2CBusIsIdle)
c:/program files (x86)/microchip/xc32/v1.31/bin/../lib/gcc/pic32mx/4.5.2/../../../../pic32mx/lib\libmchp_peripheral_32MX695F512L.a(I2CByteWasAcknowledged.o)
                              build/DEBUG_-_Sans_Bootloader/debug/_ext/1472/Eeprom_i2c.o (I2CByteWasAcknowledged)
c:/program files (x86)/microchip/xc32/v1.31/bin/../lib/gcc/pic32mx/4.5.2/../../../../pic32mx/lib\libmchp_peripheral_32MX695F512L.a(I2CEnable.o)
                              build/DEBUG_-_Sans_Bootloader/debug/_ext/1472/Eeprom_i2c.o (I2CEnable)
c:/program files (x86)/microchip/xc32/v1.31/bin/../lib/gcc/pic32mx/4.5.2/../../../../pic32mx/lib\libmchp_peripheral_32MX695F512L.a(I2CGetByte.o)
                              build/DEBUG_-_Sans_Bootloader/debug/_ext/1472/Eeprom_i2c.o (I2CGetByte)
c:/program files (x86)/microchip/xc32/v1.31/bin/../lib/gcc/pic32mx/4.5.2/../../../../pic32mx/lib\libmchp_peripheral_32MX695F512L.a(I2CGetStatus.o)
                              build/DEBUG_-_Sans_Bootloader/debug/_ext/1472/i2c.o (I2CGetStatus)
c:/program files (x86)/microchip/xc32/v1.31/bin/../lib/gcc/pic32mx/4.5.2/../../../../pic32mx/lib\libmchp_peripheral_32MX695F512L.a(I2CReceivedDataIsAvailable.o)
                              build/DEBUG_-_Sans_Bootloader/debug/_ext/1472/Eeprom_i2c.o (I2CReceivedDataIsAvailable)
c:/program files (x86)/microchip/xc32/v1.31/bin/../lib/gcc/pic32mx/4.5.2/../../../../pic32mx/lib\libmchp_peripheral_32MX695F512L.a(I2CReceiverEnable.o)
                              build/DEBUG_-_Sans_Bootloader/debug/_ext/1472/Eeprom_i2c.o (I2CReceiverEnable)
c:/program files (x86)/microchip/xc32/v1.31/bin/../lib/gcc/pic32mx/4.5.2/../../../../pic32mx/lib\libmchp_peripheral_32MX695F512L.a(I2CRepeatStart.o)
                              build/DEBUG_-_Sans_Bootloader/debug/_ext/1472/i2c.o (I2CRepeatStart)
c:/program files (x86)/microchip/xc32/v1.31/bin/../lib/gcc/pic32mx/4.5.2/../../../../pic32mx/lib\libmchp_peripheral_32MX695F512L.a(I2CSendByte.o)
                              build/DEBUG_-_Sans_Bootloader/debug/_ext/1472/i2c.o (I2CSendByte)
c:/program files (x86)/microchip/xc32/v1.31/bin/../lib/gcc/pic32mx/4.5.2/../../../../pic32mx/lib\libmchp_peripheral_32MX695F512L.a(I2CSetFrequency.o)
                              build/DEBUG_-_Sans_Bootloader/debug/_ext/1472/Eeprom_i2c.o (I2CSetFrequency)
c:/program files (x86)/microchip/xc32/v1.31/bin/../lib/gcc/pic32mx/4.5.2/../../../../pic32mx/lib\libmchp_peripheral_32MX695F512L.a(I2CStart.o)
                              build/DEBUG_-_Sans_Bootloader/debug/_ext/1472/i2c.o (I2CStart)
[...]
Memory Configuration

Name             Origin             Length             Attributes
kseg0_program_mem 0x9d000000         0x00080000         xr
kseg0_boot_mem   0x9fc00490         0x00000970
exception_mem    0x9fc01000         0x00001000
kseg1_boot_mem   0xbfc00000         0x00000490
debug_exec_mem   0xbfc02000         0x00000ff0
config3          0xbfc02ff0         0x00000004
config2          0xbfc02ff4         0x00000004
config1          0xbfc02ff8         0x00000004
config0          0xbfc02ffc         0x00000004
kseg1_data_mem   0xa0000000         0x00020000         w !x
sfrs             0xbf800000         0x00100000
configsfrs       0xbfc02ff0         0x00000010
*default*        0x00000000         0xffffffff

Linker script and memory map

LOAD c:/program files (x86)/microchip/xc32/v1.31/bin/../lib/gcc/pic32mx/4.5.2/../../../../pic32mx/lib/./proc/32MX695F512L/crt0_mips32r2.o
                0x00000001                _DEBUGGER = 0x1
LOAD build/DEBUG_-_Sans_Bootloader/debug/_ext/1472/HTTP_Teleinfo.o
LOAD build/DEBUG_-_Sans_Bootloader/debug/_ext/1472/HTTP_Reseau.o
LOAD build/DEBUG_-_Sans_Bootloader/debug/_ext/1472/HTTP_Mynetmemo.o
LOAD build/DEBUG_-_Sans_Bootloader/debug/_ext/1472/HTTP_Password.o
LOAD build/DEBUG_-_Sans_Bootloader/debug/_ext/1472/HTTP_log.o
LOAD build/DEBUG_-_Sans_Bootloader/debug/_ext/1472/HTTP_cmd.o
LOAD build/DEBUG_-_Sans_Bootloader/debug/_ext/1472/HTTP_Parametres.o
LOAD build/DEBUG_-_Sans_Bootloader/debug/_ext/1472/HTTP_Donnees.o
LOAD build/DEBUG_-_Sans_Bootloader/debug/_ext/1472/HTTP_Index.o
LOAD build/DEBUG_-_Sans_Bootloader/debug/_ext/1472/HTTP_ADTEK.o
LOAD build/DEBUG_-_Sans_Bootloader/debug/_ext/1295770447/Announce.o
LOAD build/DEBUG_-_Sans_Bootloader/debug/_ext/1295770447/ARP.o
LOAD build/DEBUG_-_Sans_Bootloader/debug/_ext/1295770447/Delay.o
LOAD build/DEBUG_-_Sans_Bootloader/debug/_ext/1295770447/DHCP.o
LOAD build/DEBUG_-_Sans_Bootloader/debug/_ext/1295770447/DHCPs.o
LOAD build/DEBUG_-_Sans_Bootloader/debug/_ext/1295770447/DNS.o
LOAD build/DEBUG_-_Sans_Bootloader/debug/_ext/1295770447/DynDNS.o
LOAD build/DEBUG_-_Sans_Bootloader/debug/_ext/1295770447/FTP.o
LOAD build/DEBUG_-_Sans_Bootloader/debug/_ext/1295770447/Hashes.o
LOAD build/DEBUG_-_Sans_Bootloader/debug/_ext/1295770447/Helpers.o
LOAD build/DEBUG_-_Sans_Bootloader/debug/_ext/1295770447/HTTP2.o
LOAD build/DEBUG_-_Sans_Bootloader/debug/_ext/1295770447/ICMP.o
LOAD build/DEBUG_-_Sans_Bootloader/debug/_ext/1295770447/IP.o
LOAD build/DEBUG_-_Sans_Bootloader/debug/_ext/1295770447/MPFS2.o
LOAD build/DEBUG_-_Sans_Bootloader/debug/_ext/1295770447/NBNS.o
LOAD build/DEBUG_-_Sans_Bootloader/debug/_ext/1295770447/SMTP.o
LOAD build/DEBUG_-_Sans_Bootloader/debug/_ext/1295770447/SNMP.o
LOAD build/DEBUG_-_Sans_Bootloader/debug/_ext/1295770447/SNTP.o
LOAD build/DEBUG_-_Sans_Bootloader/debug/_ext/1295770447/SPIEEPROM.o
LOAD build/DEBUG_-_Sans_Bootloader/debug/_ext/1295770447/SPIFlash.o
LOAD build/DEBUG_-_Sans_Bootloader/debug/_ext/1295770447/SPIRAM.o
LOAD build/DEBUG_-_Sans_Bootloader/debug/_ext/1295770447/StackTsk.o
LOAD build/DEBUG_-_Sans_Bootloader/debug/_ext/1295770447/TCP.o
LOAD build/DEBUG_-_Sans_Bootloader/debug/_ext/1295770447/Telnet.o
LOAD build/DEBUG_-_Sans_Bootloader/debug/_ext/1295770447/TFTPc.o
LOAD build/DEBUG_-_Sans_Bootloader/debug/_ext/1295770447/Tick.o
LOAD build/DEBUG_-_Sans_Bootloader/debug/_ext/1295770447/UART.o
LOAD build/DEBUG_-_Sans_Bootloader/debug/_ext/1295770447/UDP.o
LOAD build/DEBUG_-_Sans_Bootloader/debug/_ext/1472/MPFSImg2.o
LOAD build/DEBUG_-_Sans_Bootloader/debug/_ext/1295770447/Random.o
LOAD build/DEBUG_-_Sans_Bootloader/debug/_ext/1295770447/RSA.o
LOAD build/DEBUG_-_Sans_Bootloader/debug/_ext/1295770447/SSL.o
LOAD build/DEBUG_-_Sans_Bootloader/debug/_ext/1295770447/ARCFOUR.o
LOAD build/DEBUG_-_Sans_Bootloader/debug/_ext/1295770447/BigInt.o
LOAD build/DEBUG_-_Sans_Bootloader/debug/_ext/1295770447/BigInt_helper_C32.o
LOAD build/DEBUG_-_Sans_Bootloader/debug/_ext/1295770447/AutoIP.o
LOAD build/DEBUG_-_Sans_Bootloader/debug/_ext/1295770447/DNSs.o
LOAD build/DEBUG_-_Sans_Bootloader/debug/_ext/1295770447/ENCX24J600.o
LOAD build/DEBUG_-_Sans_Bootloader/debug/_ext/1295770447/ETHPIC32ExtPhy.o
LOAD build/DEBUG_-_Sans_Bootloader/debug/_ext/1295770447/ETHPIC32ExtPhyDP83848.o
LOAD build/DEBUG_-_Sans_Bootloader/debug/_ext/1295770447/ETHPIC32IntMac.o
LOAD build/DEBUG_-_Sans_Bootloader/debug/_ext/1472/rs232.o
LOAD build/DEBUG_-_Sans_Bootloader/debug/_ext/1472/Mynetmemo.o
LOAD build/DEBUG_-_Sans_Bootloader/debug/_ext/1472/Eeprom_i2c.o
LOAD build/DEBUG_-_Sans_Bootloader/debug/_ext/1472/Temperature.o
LOAD build/DEBUG_-_Sans_Bootloader/debug/_ext/1472/Teleinfo.o
LOAD build/DEBUG_-_Sans_Bootloader/debug/_ext/1472/log.o
LOAD build/DEBUG_-_Sans_Bootloader/debug/_ext/1472/SSLCert.o
LOAD build/DEBUG_-_Sans_Bootloader/debug/_ext/1472/divers.o
LOAD build/DEBUG_-_Sans_Bootloader/debug/_ext/1472/SST25VF016.o
LOAD build/DEBUG_-_Sans_Bootloader/debug/_ext/1472/drv_spi.o
LOAD build/DEBUG_-_Sans_Bootloader/debug/_ext/1472/mcp7941.o
LOAD build/DEBUG_-_Sans_Bootloader/debug/_ext/1472/RTC.o
LOAD build/DEBUG_-_Sans_Bootloader/debug/_ext/1472/0_SparkBox.o
LOAD build/DEBUG_-_Sans_Bootloader/debug/_ext/1472/Lcd.o
LOAD build/DEBUG_-_Sans_Bootloader/debug/_ext/1472/Analogique.o
LOAD build/DEBUG_-_Sans_Bootloader/debug/_ext/1472/Evse.o
LOAD build/DEBUG_-_Sans_Bootloader/debug/_ext/1472/i2c.o
                0x00000001                __MPLAB_BUILD = 0x1
                0x00000001                __MPLAB_DEBUG = 0x1
                0x00000001                __DEBUG = 0x1
                0x00000001                __MPLAB_DEBUGGER_REAL_ICE = 0x1
LOAD c:/program files (x86)/microchip/xc32/v1.31/bin/../lib/gcc/pic32mx/4.5.2/../../../../pic32mx/lib/./proc/32MX695F512L\default_isr_vectors.o
                0x00000400                PROVIDE (_min_stack_size, 0x400)
LOAD c:/program files (x86)/microchip/xc32/v1.31/bin/../lib/gcc/pic32mx/4.5.2/../../../../pic32mx/lib/./proc/32MX695F512L\processor.o
START GROUP
LOAD c:/program files (x86)/microchip/xc32/v1.31/bin/../lib/gcc/pic32mx/4.5.2/../../../../pic32mx/lib\libmchp_peripheral.a
END GROUP
START GROUP
LOAD c:/program files (x86)/microchip/xc32/v1.31/bin/../lib/gcc/pic32mx/4.5.2/../../../../pic32mx/lib\libmchp_peripheral_32MX695F512L.a
END GROUP
                0x00000001                PROVIDE (_vector_spacing, 0x1)
                0x9fc01000                _ebase_address = 0x9fc01000
                0xbfc00000                _RESET_ADDR = 0xbfc00000
                0xbfc00380                _BEV_EXCPT_ADDR = 0xbfc00380
                0xbfc00480                _DBG_EXCPT_ADDR = 0xbfc00480
                0xbfc02000                _DBG_CODE_ADDR = 0xbfc02000
                0x00000ff0                _DBG_CODE_SIZE = 0xff0
                0x9fc01180                _GEN_EXCPT_ADDR = (_ebase_address + 0x180)

.config_BFC02FF0
 *(.config_BFC02FF0)

.config_BFC02FF4
                0xbfc02ff4        0x4
 *(.config_BFC02FF4)
 .config_BFC02FF4
                0xbfc02ff4        0x4 build/DEBUG_-_Sans_Bootloader/debug/_ext/1472/0_SparkBox.o

.config_BFC02FF8
                0xbfc02ff8        0x4
 *(.config_BFC02FF8)
 .config_BFC02FF8
                0xbfc02ff8        0x4 build/DEBUG_-_Sans_Bootloader/debug/_ext/1472/0_SparkBox.o

.config_BFC02FFC
                0xbfc02ffc        0x4
 *(.config_BFC02FFC)
 .config_BFC02FFC
                0xbfc02ffc        0x4 build/DEBUG_-_Sans_Bootloader/debug/_ext/1472/0_SparkBox.o
                0xbfc02000                PROVIDE (_DBG_CODE_ADDR, 0xbfc02000)
                0x00000ff0                PROVIDE (_DBG_CODE_SIZE, 0xff0)

.reset          0xbfc00000      0x1e8
 *(.reset)
 .reset         0xbfc00000      0x1e8 c:/program files (x86)/microchip/xc32/v1.31/bin/../lib/gcc/pic32mx/4.5.2/../../../../pic32mx/lib/./proc/32MX695F512L/crt0_mips32r2.o
                0xbfc00000                _reset
 *(.reset.startup)

.bev_excpt      0xbfc00380       0x10
 *(.bev_handler)
 .bev_handler   0xbfc00380       0x10 c:/program files (x86)/microchip/xc32/v1.31/bin/../lib/gcc/pic32mx/4.5.2/../../../../pic32mx/lib/./proc/32MX695F512L/crt0_mips32r2.o

.dbg_excpt      0xbfc00480        0x8
                0xbfc00480                . = (. + DEFINED (_DEBUGGER)?0x8:0x0)
 *fill*         0xbfc00480        0x8 

.dbg_code       0xbfc02000      0xff0
                0xbfc02000                . = (. + DEFINED (_DEBUGGER)?_DBG_CODE_SIZE:0x0)
 *fill*         0xbfc02000      0xff0 

.app_excpt      0x9fc01180       0x10
 *(.gen_handler)
 .gen_handler   0x9fc01180       0x10 c:/program files (x86)/microchip/xc32/v1.31/bin/../lib/gcc/pic32mx/4.5.2/../../../../pic32mx/lib/./proc/32MX695F512L/crt0_mips32r2.o

.vector_0       0x9fc01200        0x8
 *(.vector_0)
 .vector_0      0x9fc01200        0x8 c:/program files (x86)/microchip/xc32/v1.31/bin/../lib/gcc/pic32mx/4.5.2/../../../../pic32mx/lib\libpic32.a(vector0.o)
                0x9fc01200                __vector_dispatch_0
                0x00000001                ASSERT (((_vector_spacing == 0x0) || (SIZEOF (.vector_0) <= (_vector_spacing << 0x5))), function at exception vector 0 too large)

.vector_1       0x9fc01220        0x8
 *(.vector_1)
 .vector_1      0x9fc01220        0x8 c:/program files (x86)/microchip/xc32/v1.31/bin/../lib/gcc/pic32mx/4.5.2/../../../../pic32mx/lib\libpic32.a(vector1.o)
                0x9fc01220                __vector_dispatch_1
                0x00000001                ASSERT (((_vector_spacing == 0x0) || (SIZEOF (.vector_1) <= (_vector_spacing << 0x5))), function at exception vector 1 too large)

.vector_2       0x9fc01240        0x8
 *(.vector_2)
 .vector_2      0x9fc01240        0x8 c:/program files (x86)/microchip/xc32/v1.31/bin/../lib/gcc/pic32mx/4.5.2/../../../../pic32mx/lib\libpic32.a(vector2.o)
                0x9fc01240                __vector_dispatch_2
                0x00000001                ASSERT (((_vector_spacing == 0x0) || (SIZEOF (.vector_2) <= (_vector_spacing << 0x5))), function at exception vector 2 too large)

.vector_3       0x9fc01260        0x8
 *(.vector_3)
 .vector_3      0x9fc01260        0x8 c:/program files (x86)/microchip/xc32/v1.31/bin/../lib/gcc/pic32mx/4.5.2/../../../../pic32mx/lib\libpic32.a(vector3.o)
                0x9fc01260                __vector_dispatch_3
                0x00000001                ASSERT (((_vector_spacing == 0x0) || (SIZEOF (.vector_3) <= (_vector_spacing << 0x5))), function at exception vector 3 too large)

.vector_4       0x9fc01280        0x8
 *(.vector_4)
 .vector_4      0x9fc01280        0x8 build/DEBUG_-_Sans_Bootloader/debug/_ext/1295770447/Tick.o
                0x9fc01280                __vector_dispatch_4
                0x00000001                ASSERT (((_vector_spacing == 0x0) || (SIZEOF (.vector_4) <= (_vector_spacing << 0x5))), function at exception vector 4 too large)

.vector_5       0x9fc012a0        0x8
 *(.vector_5)
 .vector_5      0x9fc012a0        0x8 c:/program files (x86)/microchip/xc32/v1.31/bin/../lib/gcc/pic32mx/4.5.2/../../../../pic32mx/lib\libpic32.a(vector5.o)
                0x9fc012a0                __vector_dispatch_5
                0x00000001                ASSERT (((_vector_spacing == 0x0) || (SIZEOF (.vector_5) <= (_vector_spacing << 0x5))), function at exception vector 5 too large)

.vector_6       0x9fc012c0        0x8
 *(.vector_6)
 .vector_6      0x9fc012c0        0x8 c:/program files (x86)/microchip/xc32/v1.31/bin/../lib/gcc/pic32mx/4.5.2/../../../../pic32mx/lib\libpic32.a(vector6.o)
                0x9fc012c0                __vector_dispatch_6
                0x00000001                ASSERT (((_vector_spacing == 0x0) || (SIZEOF (.vector_6) <= (_vector_spacing << 0x5))), function at exception vector 6 too large)

.vector_7       0x9fc012e0        0x8
 *(.vector_7)
 .vector_7      0x9fc012e0        0x8 c:/program files (x86)/microchip/xc32/v1.31/bin/../lib/gcc/pic32mx/4.5.2/../../../../pic32mx/lib\libpic32.a(vector7.o)
                0x9fc012e0                __vector_dispatch_7
                0x00000001                ASSERT (((_vector_spacing == 0x0) || (SIZEOF (.vector_7) <= (_vector_spacing << 0x5))), function at exception vector 7 too large)

.vector_8       0x9fc01300        0x8
 *(.vector_8)
 .vector_8      0x9fc01300        0x8 build/DEBUG_-_Sans_Bootloader/debug/_ext/1472/Evse.o
                0x9fc01300                __vector_dispatch_8
                0x00000001                ASSERT (((_vector_spacing == 0x0) || (SIZEOF (.vector_8) <= (_vector_spacing << 0x5))), function at exception vector 8 too large)

.vector_9       0x9fc01320        0x8
 *(.vector_9)
 .vector_9      0x9fc01320        0x8 c:/program files (x86)/microchip/xc32/v1.31/bin/../lib/gcc/pic32mx/4.5.2/../../../../pic32mx/lib\libpic32.a(vector9.o)
                0x9fc01320                __vector_dispatch_9
                0x00000001                ASSERT (((_vector_spacing == 0x0) || (SIZEOF (.vector_9) <= (_vector_spacing << 0x5))), function at exception vector 9 too large)

.vector_10      0x9fc01340        0x8
 *(.vector_10)
 .vector_10     0x9fc01340        0x8 c:/program files (x86)/microchip/xc32/v1.31/bin/../lib/gcc/pic32mx/4.5.2/../../../../pic32mx/lib\libpic32.a(vector10.o)
                0x9fc01340                __vector_dispatch_10
                0x00000001                ASSERT (((_vector_spacing == 0x0) || (SIZEOF (.vector_10) <= (_vector_spacing << 0x5))), function at exception vector 10 too large)

.vector_11      0x9fc01360        0x8
 *(.vector_11)
 .vector_11     0x9fc01360        0x8 c:/program files (x86)/microchip/xc32/v1.31/bin/../lib/gcc/pic32mx/4.5.2/../../../../pic32mx/lib\libpic32.a(vector11.o)
                0x9fc01360                __vector_dispatch_11
                0x00000001                ASSERT (((_vector_spacing == 0x0) || (SIZEOF (.vector_11) <= (_vector_spacing << 0x5))), function at exception vector 11 too large)

.vector_12      0x9fc01380        0x8
 *(.vector_12)
 .vector_12     0x9fc01380        0x8 build/DEBUG_-_Sans_Bootloader/debug/_ext/1472/Evse.o
                0x9fc01380                __vector_dispatch_12
                0x00000001                ASSERT (((_vector_spacing == 0x0) || (SIZEOF (.vector_12) <= (_vector_spacing << 0x5))), function at exception vector 12 too large)

.vector_13      0x9fc013a0        0x8
 *(.vector_13)
 .vector_13     0x9fc013a0        0x8 c:/program files (x86)/microchip/xc32/v1.31/bin/../lib/gcc/pic32mx/4.5.2/../../../../pic32mx/lib\libpic32.a(vector13.o)
                0x9fc013a0                __vector_dispatch_13
                0x00000001                ASSERT (((_vector_spacing == 0x0) || (SIZEOF (.vector_13) <= (_vector_spacing << 0x5))), function at exception vector 13 too large)

.vector_14      0x9fc013c0        0x8
 *(.vector_14)
 .vector_14     0x9fc013c0        0x8 c:/program files (x86)/microchip/xc32/v1.31/bin/../lib/gcc/pic32mx/4.5.2/../../../../pic32mx/lib\libpic32.a(vector14.o)
                0x9fc013c0                __vector_dispatch_14
                0x00000001                ASSERT (((_vector_spacing == 0x0) || (SIZEOF (.vector_14) <= (_vector_spacing << 0x5))), function at exception vector 14 too large)

.vector_15      0x9fc013e0        0x8
 *(.vector_15)
 .vector_15     0x9fc013e0        0x8 c:/program files (x86)/microchip/xc32/v1.31/bin/../lib/gcc/pic32mx/4.5.2/../../../../pic32mx/lib\libpic32.a(vector15.o)
                0x9fc013e0                __vector_dispatch_15
                0x00000001                ASSERT (((_vector_spacing == 0x0) || (SIZEOF (.vector_15) <= (_vector_spacing << 0x5))), function at exception vector 15 too large)

.vector_16      0x9fc01400        0x8
 *(.vector_16)
 .vector_16     0x9fc01400        0x8 c:/program files (x86)/microchip/xc32/v1.31/bin/../lib/gcc/pic32mx/4.5.2/../../../../pic32mx/lib\libpic32.a(vector16.o)
                0x9fc01400                __vector_dispatch_16
                0x00000001                ASSERT (((_vector_spacing == 0x0) || (SIZEOF (.vector_16) <= (_vector_spacing << 0x5))), function at exception vector 16 too large)

.vector_17      0x9fc01420        0x8
 *(.vector_17)
 .vector_17     0x9fc01420        0x8 c:/program files (x86)/microchip/xc32/v1.31/bin/../lib/gcc/pic32mx/4.5.2/../../../../pic32mx/lib\libpic32.a(vector17.o)
                0x9fc01420                __vector_dispatch_17
                0x00000001                ASSERT (((_vector_spacing == 0x0) || (SIZEOF (.vector_17) <= (_vector_spacing << 0x5))), function at exception vector 17 too large)

.vector_18      0x9fc01440        0x8
 *(.vector_18)
 .vector_18     0x9fc01440        0x8 c:/program files (x86)/microchip/xc32/v1.31/bin/../lib/gcc/pic32mx/4.5.2/../../../../pic32mx/lib\libpic32.a(vector18.o)
                0x9fc01440                __vector_dispatch_18
                0x00000001                ASSERT (((_vector_spacing == 0x0) || (SIZEOF (.vector_18) <= (_vector_spacing << 0x5))), function at exception vector 18 too large)

.vector_19      0x9fc01460        0x8
 *(.vector_19)
 .vector_19     0x9fc01460        0x8 c:/program files (x86)/microchip/xc32/v1.31/bin/../lib/gcc/pic32mx/4.5.2/../../../../pic32mx/lib\libpic32.a(vector19.o)
                0x9fc01460                __vector_dispatch_19
                0x00000001                ASSERT (((_vector_spacing == 0x0) || (SIZEOF (.vector_19) <= (_vector_spacing << 0x5))), function at exception vector 19 too large)

.vector_20      0x9fc01480        0x8
 *(.vector_20)
 .vector_20     0x9fc01480        0x8 c:/program files (x86)/microchip/xc32/v1.31/bin/../lib/gcc/pic32mx/4.5.2/../../../../pic32mx/lib\libpic32.a(vector20.o)
                0x9fc01480                __vector_dispatch_20
                0x00000001                ASSERT (((_vector_spacing == 0x0) || (SIZEOF (.vector_20) <= (_vector_spacing << 0x5))), function at exception vector 20 too large)

.vector_21      0x9fc014a0        0x8
 *(.vector_21)
 .vector_21     0x9fc014a0        0x8 c:/program files (x86)/microchip/xc32/v1.31/bin/../lib/gcc/pic32mx/4.5.2/../../../../pic32mx/lib\libpic32.a(vector21.o)
                0x9fc014a0                __vector_dispatch_21
                0x00000001                ASSERT (((_vector_spacing == 0x0) || (SIZEOF (.vector_21) <= (_vector_spacing << 0x5))), function at exception vector 21 too large)

.vector_22      0x9fc014c0        0x8
 *(.vector_22)
 .vector_22     0x9fc014c0        0x8 c:/program files (x86)/microchip/xc32/v1.31/bin/../lib/gcc/pic32mx/4.5.2/../../../../pic32mx/lib\libpic32.a(vector22.o)
                0x9fc014c0                __vector_dispatch_22
                0x00000001                ASSERT (((_vector_spacing == 0x0) || (SIZEOF (.vector_22) <= (_vector_spacing << 0x5))), function at exception vector 22 too large)

.vector_23      0x9fc014e0        0x8
 *(.vector_23)
 .vector_23     0x9fc014e0        0x8 c:/program files (x86)/microchip/xc32/v1.31/bin/../lib/gcc/pic32mx/4.5.2/../../../../pic32mx/lib\libpic32.a(vector23.o)
                0x9fc014e0                __vector_dispatch_23
                0x00000001                ASSERT (((_vector_spacing == 0x0) || (SIZEOF (.vector_23) <= (_vector_spacing << 0x5))), function at exception vector 23 too large)

.vector_24      0x9fc01500        0x8
 *(.vector_24)
 .vector_24     0x9fc01500        0x8 c:/program files (x86)/microchip/xc32/v1.31/bin/../lib/gcc/pic32mx/4.5.2/../../../../pic32mx/lib\libpic32.a(vector24.o)
                0x9fc01500                __vector_dispatch_24
                0x00000001                ASSERT (((_vector_spacing == 0x0) || (SIZEOF (.vector_24) <= (_vector_spacing << 0x5))), function at exception vector 24 too large)

.vector_25      0x9fc01520        0x8
 *(.vector_25)
 .vector_25     0x9fc01520        0x8 c:/program files (x86)/microchip/xc32/v1.31/bin/../lib/gcc/pic32mx/4.5.2/../../../../pic32mx/lib\libpic32.a(vector25.o)
                0x9fc01520                __vector_dispatch_25
                0x00000001                ASSERT (((_vector_spacing == 0x0) || (SIZEOF (.vector_25) <= (_vector_spacing << 0x5))), function at exception vector 25 too large)

.vector_26      0x9fc01540        0x8
 *(.vector_26)
 .vector_26     0x9fc01540        0x8 c:/program files (x86)/microchip/xc32/v1.31/bin/../lib/gcc/pic32mx/4.5.2/../../../../pic32mx/lib\libpic32.a(vector26.o)
                0x9fc01540                __vector_dispatch_26
                0x00000001                ASSERT (((_vector_spacing == 0x0) || (SIZEOF (.vector_26) <= (_vector_spacing << 0x5))), function at exception vector 26 too large)

.vector_27      0x9fc01560        0x8
 *(.vector_27)
 .vector_27     0x9fc01560        0x8 build/DEBUG_-_Sans_Bootloader/debug/_ext/1472/Analogique.o
                0x9fc01560                __vector_dispatch_27
                0x00000001                ASSERT (((_vector_spacing == 0x0) || (SIZEOF (.vector_27) <= (_vector_spacing << 0x5))), function at exception vector 27 too large)

.vector_28      0x9fc01580        0x8
 *(.vector_28)
 .vector_28     0x9fc01580        0x8 c:/program files (x86)/microchip/xc32/v1.31/bin/../lib/gcc/pic32mx/4.5.2/../../../../pic32mx/lib\libpic32.a(vector28.o)
                0x9fc01580                __vector_dispatch_28
                0x00000001                ASSERT (((_vector_spacing == 0x0) || (SIZEOF (.vector_28) <= (_vector_spacing << 0x5))), function at exception vector 28 too large)

.vector_29      0x9fc015a0        0x8
 *(.vector_29)
 .vector_29     0x9fc015a0        0x8 c:/program files (x86)/microchip/xc32/v1.31/bin/../lib/gcc/pic32mx/4.5.2/../../../../pic32mx/lib\libpic32.a(vector29.o)
                0x9fc015a0                __vector_dispatch_29
                0x00000001                ASSERT (((_vector_spacing == 0x0) || (SIZEOF (.vector_29) <= (_vector_spacing << 0x5))), function at exception vector 29 too large)

.vector_30      0x9fc015c0        0x8
 *(.vector_30)
 .vector_30     0x9fc015c0        0x8 c:/program files (x86)/microchip/xc32/v1.31/bin/../lib/gcc/pic32mx/4.5.2/../../../../pic32mx/lib\libpic32.a(vector30.o)
                0x9fc015c0                __vector_dispatch_30
                0x00000001                ASSERT (((_vector_spacing == 0x0) || (SIZEOF (.vector_30) <= (_vector_spacing << 0x5))), function at exception vector 30 too large)

.vector_31      0x9fc015e0        0x8
 *(.vector_31)
 .vector_31     0x9fc015e0        0x8 c:/program files (x86)/microchip/xc32/v1.31/bin/../lib/gcc/pic32mx/4.5.2/../../../../pic32mx/lib\libpic32.a(vector31.o)
                0x9fc015e0                __vector_dispatch_31
                0x00000001                ASSERT (((_vector_spacing == 0x0) || (SIZEOF (.vector_31) <= (_vector_spacing << 0x5))), function at exception vector 31 too large)

.vector_32      0x9fc01600        0x8
 *(.vector_32)
 .vector_32     0x9fc01600        0x8 c:/program files (x86)/microchip/xc32/v1.31/bin/../lib/gcc/pic32mx/4.5.2/../../../../pic32mx/lib\libpic32.a(vector32.o)
                0x9fc01600                __vector_dispatch_32
                0x00000001                ASSERT (((_vector_spacing == 0x0) || (SIZEOF (.vector_32) <= (_vector_spacing << 0x5))), function at exception vector 32 too large)

.vector_33      0x9fc01620        0x8
 *(.vector_33)
 .vector_33     0x9fc01620        0x8 c:/program files (x86)/microchip/xc32/v1.31/bin/../lib/gcc/pic32mx/4.5.2/../../../../pic32mx/lib\libpic32.a(vector33.o)
                0x9fc01620                __vector_dispatch_33
                0x00000001                ASSERT (((_vector_spacing == 0x0) || (SIZEOF (.vector_33) <= (_vector_spacing << 0x5))), function at exception vector 33 too large)

.vector_34      0x9fc01640        0x8
 *(.vector_34)
 .vector_34     0x9fc01640        0x8 c:/program files (x86)/microchip/xc32/v1.31/bin/../lib/gcc/pic32mx/4.5.2/../../../../pic32mx/lib\libpic32.a(vector34.o)
                0x9fc01640                __vector_dispatch_34
                0x00000001                ASSERT (((_vector_spacing == 0x0) || (SIZEOF (.vector_34) <= (_vector_spacing << 0x5))), function at exception vector 34 too large)

.vector_35      0x9fc01660        0x8
 *(.vector_35)
 .vector_35     0x9fc01660        0x8 c:/program files (x86)/microchip/xc32/v1.31/bin/../lib/gcc/pic32mx/4.5.2/../../../../pic32mx/lib\libpic32.a(vector35.o)
                0x9fc01660                __vector_dispatch_35
                0x00000001                ASSERT (((_vector_spacing == 0x0) || (SIZEOF (.vector_35) <= (_vector_spacing << 0x5))), function at exception vector 35 too large)

.vector_36      0x9fc01680        0x8
 *(.vector_36)
 .vector_36     0x9fc01680        0x8 c:/program files (x86)/microchip/xc32/v1.31/bin/../lib/gcc/pic32mx/4.5.2/../../../../pic32mx/lib\libpic32.a(vector36.o)
                0x9fc01680                __vector_dispatch_36
                0x00000001                ASSERT (((_vector_spacing == 0x0) || (SIZEOF (.vector_36) <= (_vector_spacing << 0x5))), function at exception vector 36 too large)

.vector_37      0x9fc016a0        0x8
 *(.vector_37)
 .vector_37     0x9fc016a0        0x8 c:/program files (x86)/microchip/xc32/v1.31/bin/../lib/gcc/pic32mx/4.5.2/../../../../pic32mx/lib\libpic32.a(vector37.o)
                0x9fc016a0                __vector_dispatch_37
                0x00000001                ASSERT (((_vector_spacing == 0x0) || (SIZEOF (.vector_37) <= (_vector_spacing << 0x5))), function at exception vector 37 too large)

.vector_38      0x9fc016c0        0x8
 *(.vector_38)
 .vector_38     0x9fc016c0        0x8 c:/program files (x86)/microchip/xc32/v1.31/bin/../lib/gcc/pic32mx/4.5.2/../../../../pic32mx/lib\libpic32.a(vector38.o)
                0x9fc016c0                __vector_dispatch_38
                0x00000001                ASSERT (((_vector_spacing == 0x0) || (SIZEOF (.vector_38) <= (_vector_spacing << 0x5))), function at exception vector 38 too large)

.vector_39      0x9fc016e0        0x8
 *(.vector_39)
 .vector_39     0x9fc016e0        0x8 c:/program files (x86)/microchip/xc32/v1.31/bin/../lib/gcc/pic32mx/4.5.2/../../../../pic32mx/lib\libpic32.a(vector39.o)
                0x9fc016e0                __vector_dispatch_39
                0x00000001                ASSERT (((_vector_spacing == 0x0) || (SIZEOF (.vector_39) <= (_vector_spacing << 0x5))), function at exception vector 39 too large)

.vector_40      0x9fc01700        0x8
 *(.vector_40)
 .vector_40     0x9fc01700        0x8 c:/program files (x86)/microchip/xc32/v1.31/bin/../lib/gcc/pic32mx/4.5.2/../../../../pic32mx/lib\libpic32.a(vector40.o)
                0x9fc01700                __vector_dispatch_40
                0x00000001                ASSERT (((_vector_spacing == 0x0) || (SIZEOF (.vector_40) <= (_vector_spacing << 0x5))), function at exception vector 40 too large)

.vector_41      0x9fc01720        0x8
 *(.vector_41)
 .vector_41     0x9fc01720        0x8 c:/program files (x86)/microchip/xc32/v1.31/bin/../lib/gcc/pic32mx/4.5.2/../../../../pic32mx/lib\libpic32.a(vector41.o)
                0x9fc01720                __vector_dispatch_41
                0x00000001                ASSERT (((_vector_spacing == 0x0) || (SIZEOF (.vector_41) <= (_vector_spacing << 0x5))), function at exception vector 41 too large)

.vector_42      0x9fc01740        0x8
 *(.vector_42)
 .vector_42     0x9fc01740        0x8 c:/program files (x86)/microchip/xc32/v1.31/bin/../lib/gcc/pic32mx/4.5.2/../../../../pic32mx/lib\libpic32.a(vector42.o)
                0x9fc01740                __vector_dispatch_42
                0x00000001                ASSERT (((_vector_spacing == 0x0) || (SIZEOF (.vector_42) <= (_vector_spacing << 0x5))), function at exception vector 42 too large)

.vector_43      0x9fc01760        0x8
 *(.vector_43)
 .vector_43     0x9fc01760        0x8 c:/program files (x86)/microchip/xc32/v1.31/bin/../lib/gcc/pic32mx/4.5.2/../../../../pic32mx/lib\libpic32.a(vector43.o)
                0x9fc01760                __vector_dispatch_43
                0x00000001                ASSERT (((_vector_spacing == 0x0) || (SIZEOF (.vector_43) <= (_vector_spacing << 0x5))), function at exception vector 43 too large)

.vector_44      0x9fc01780        0x8
 *(.vector_44)
 .vector_44     0x9fc01780        0x8 c:/program files (x86)/microchip/xc32/v1.31/bin/../lib/gcc/pic32mx/4.5.2/../../../../pic32mx/lib\libpic32.a(vector44.o)
                0x9fc01780                __vector_dispatch_44
                0x00000001                ASSERT (((_vector_spacing == 0x0) || (SIZEOF (.vector_44) <= (_vector_spacing << 0x5))), function at exception vector 44 too large)

.vector_45      0x9fc017a0        0x8
 *(.vector_45)
 .vector_45     0x9fc017a0        0x8 c:/program files (x86)/microchip/xc32/v1.31/bin/../lib/gcc/pic32mx/4.5.2/../../../../pic32mx/lib\libpic32.a(vector45.o)
                0x9fc017a0                __vector_dispatch_45
                0x00000001                ASSERT (((_vector_spacing == 0x0) || (SIZEOF (.vector_45) <= (_vector_spacing << 0x5))), function at exception vector 45 too large)

.vector_46      0x9fc017c0        0x8
 *(.vector_46)
 .vector_46     0x9fc017c0        0x8 c:/program files (x86)/microchip/xc32/v1.31/bin/../lib/gcc/pic32mx/4.5.2/../../../../pic32mx/lib\libpic32.a(vector46.o)
                0x9fc017c0                __vector_dispatch_46
                0x00000001                ASSERT (((_vector_spacing == 0x0) || (SIZEOF (.vector_46) <= (_vector_spacing << 0x5))), function at exception vector 46 too large)

.vector_47      0x9fc017e0        0x8
 *(.vector_47)
 .vector_47     0x9fc017e0        0x8 c:/program files (x86)/microchip/xc32/v1.31/bin/../lib/gcc/pic32mx/4.5.2/../../../../pic32mx/lib\libpic32.a(vector47.o)
                0x9fc017e0                __vector_dispatch_47
                0x00000001                ASSERT (((_vector_spacing == 0x0) || (SIZEOF (.vector_47) <= (_vector_spacing << 0x5))), function at exception vector 47 too large)

.vector_48      0x9fc01800        0x8
 *(.vector_48)
 .vector_48     0x9fc01800        0x8 c:/program files (x86)/microchip/xc32/v1.31/bin/../lib/gcc/pic32mx/4.5.2/../../../../pic32mx/lib\libpic32.a(vector48.o)
                0x9fc01800                __vector_dispatch_48
                0x00000001                ASSERT (((_vector_spacing == 0x0) || (SIZEOF (.vector_48) <= (_vector_spacing << 0x5))), function at exception vector 48 too large)

.vector_49      0x9fc01820        0x8
 *(.vector_49)
 .vector_49     0x9fc01820        0x8 build/DEBUG_-_Sans_Bootloader/debug/_ext/1472/rs232.o
                0x9fc01820                __vector_dispatch_49
                0x00000001                ASSERT (((_vector_spacing == 0x0) || (SIZEOF (.vector_49) <= (_vector_spacing << 0x5))), function at exception vector 49 too large)

.vector_50      0x9fc01840        0x8
 *(.vector_50)
 .vector_50     0x9fc01840        0x8 c:/program files (x86)/microchip/xc32/v1.31/bin/../lib/gcc/pic32mx/4.5.2/../../../../pic32mx/lib\libpic32.a(vector50.o)
                0x9fc01840                __vector_dispatch_50
                0x00000001                ASSERT (((_vector_spacing == 0x0) || (SIZEOF (.vector_50) <= (_vector_spacing << 0x5))), function at exception vector 50 too large)

.vector_51      0x9fc01860        0x8
 *(.vector_51)
 .vector_51     0x9fc01860        0x8 build/DEBUG_-_Sans_Bootloader/debug/_ext/1472/rs232.o
                0x9fc01860                __vector_dispatch_51
                0x00000001                ASSERT (((_vector_spacing == 0x0) || (SIZEOF (.vector_51) <= (_vector_spacing << 0x5))), function at exception vector 51 too large)

.vector_52      0x9fc01880        0x8
 *(.vector_52)
 .vector_52     0x9fc01880        0x8 c:/program files (x86)/microchip/xc32/v1.31/bin/../lib/gcc/pic32mx/4.5.2/../../../../pic32mx/lib\libpic32.a(vector52.o)
                0x9fc01880                __vector_dispatch_52
                0x00000001                ASSERT (((_vector_spacing == 0x0) || (SIZEOF (.vector_52) <= (_vector_spacing << 0x5))), function at exception vector 52 too large)

.vector_53      0x9fc018a0        0x8
 *(.vector_53)
 .vector_53     0x9fc018a0        0x8 c:/program files (x86)/microchip/xc32/v1.31/bin/../lib/gcc/pic32mx/4.5.2/../../../../pic32mx/lib\libpic32.a(vector53.o)
                0x9fc018a0                __vector_dispatch_53
                0x00000001                ASSERT (((_vector_spacing == 0x0) || (SIZEOF (.vector_53) <= (_vector_spacing << 0x5))), function at exception vector 53 too large)

.vector_54      0x9fc018c0        0x8
 *(.vector_54)
 .vector_54     0x9fc018c0        0x8 c:/program files (x86)/microchip/xc32/v1.31/bin/../lib/gcc/pic32mx/4.5.2/../../../../pic32mx/lib\libpic32.a(vector54.o)
                0x9fc018c0                __vector_dispatch_54
                0x00000001                ASSERT (((_vector_spacing == 0x0) || (SIZEOF (.vector_54) <= (_vector_spacing << 0x5))), function at exception vector 54 too large)

.vector_55      0x9fc018e0        0x8
 *(.vector_55)
 .vector_55     0x9fc018e0        0x8 c:/program files (x86)/microchip/xc32/v1.31/bin/../lib/gcc/pic32mx/4.5.2/../../../../pic32mx/lib\libpic32.a(vector55.o)
                0x9fc018e0                __vector_dispatch_55
                0x00000001                ASSERT (((_vector_spacing == 0x0) || (SIZEOF (.vector_55) <= (_vector_spacing << 0x5))), function at exception vector 55 too large)

.vector_56      0x9fc01900        0x8
 *(.vector_56)
 .vector_56     0x9fc01900        0x8 c:/program files (x86)/microchip/xc32/v1.31/bin/../lib/gcc/pic32mx/4.5.2/../../../../pic32mx/lib\libpic32.a(vector56.o)
                0x9fc01900                __vector_dispatch_56
                0x00000001                ASSERT (((_vector_spacing == 0x0) || (SIZEOF (.vector_56) <= (_vector_spacing << 0x5))), function at exception vector 56 too large)

.vector_57      0x9fc01920        0x8
 *(.vector_57)
 .vector_57     0x9fc01920        0x8 c:/program files (x86)/microchip/xc32/v1.31/bin/../lib/gcc/pic32mx/4.5.2/../../../../pic32mx/lib\libpic32.a(vector57.o)
                0x9fc01920                __vector_dispatch_57
                0x00000001                ASSERT (((_vector_spacing == 0x0) || (SIZEOF (.vector_57) <= (_vector_spacing << 0x5))), function at exception vector 57 too large)

.vector_58      0x9fc01940        0x8
 *(.vector_58)
 .vector_58     0x9fc01940        0x8 c:/program files (x86)/microchip/xc32/v1.31/bin/../lib/gcc/pic32mx/4.5.2/../../../../pic32mx/lib\libpic32.a(vector58.o)
                0x9fc01940                __vector_dispatch_58
                0x00000001                ASSERT (((_vector_spacing == 0x0) || (SIZEOF (.vector_58) <= (_vector_spacing << 0x5))), function at exception vector 58 too large)

.vector_59      0x9fc01960        0x8
 *(.vector_59)
 .vector_59     0x9fc01960        0x8 c:/program files (x86)/microchip/xc32/v1.31/bin/../lib/gcc/pic32mx/4.5.2/../../../../pic32mx/lib\libpic32.a(vector59.o)
                0x9fc01960                __vector_dispatch_59
                0x00000001                ASSERT (((_vector_spacing == 0x0) || (SIZEOF (.vector_59) <= (_vector_spacing << 0x5))), function at exception vector 59 too large)

.vector_60      0x9fc01980        0x8
 *(.vector_60)
 .vector_60     0x9fc01980        0x8 c:/program files (x86)/microchip/xc32/v1.31/bin/../lib/gcc/pic32mx/4.5.2/../../../../pic32mx/lib\libpic32.a(vector60.o)
                0x9fc01980                __vector_dispatch_60
                0x00000001                ASSERT (((_vector_spacing == 0x0) || (SIZEOF (.vector_60) <= (_vector_spacing << 0x5))), function at exception vector 60 too large)

.vector_61      0x9fc019a0        0x8
 *(.vector_61)
 .vector_61     0x9fc019a0        0x8 c:/program files (x86)/microchip/xc32/v1.31/bin/../lib/gcc/pic32mx/4.5.2/../../../../pic32mx/lib\libpic32.a(vector61.o)
                0x9fc019a0                __vector_dispatch_61
                0x00000001                ASSERT (((_vector_spacing == 0x0) || (SIZEOF (.vector_61) <= (_vector_spacing << 0x5))), function at exception vector 61 too large)

.vector_62      0x9fc019c0        0x8
 *(.vector_62)
 .vector_62     0x9fc019c0        0x8 c:/program files (x86)/microchip/xc32/v1.31/bin/../lib/gcc/pic32mx/4.5.2/../../../../pic32mx/lib\libpic32.a(vector62.o)
                0x9fc019c0                __vector_dispatch_62
                0x00000001                ASSERT (((_vector_spacing == 0x0) || (SIZEOF (.vector_62) <= (_vector_spacing << 0x5))), function at exception vector 62 too large)

.vector_63      0x9fc019e0        0x8
 *(.vector_63)
 .vector_63     0x9fc019e0        0x8 c:/program files (x86)/microchip/xc32/v1.31/bin/../lib/gcc/pic32mx/4.5.2/../../../../pic32mx/lib\libpic32.a(vector63.o)
                0x9fc019e0                __vector_dispatch_63
                0x00000001                ASSERT (((_vector_spacing == 0x0) || (SIZEOF (.vector_63) <= (_vector_spacing << 0x5))), function at exception vector 63 too large)

.startup
 *(.startup)

.text           0x9d000000        0x0
 *(.stub .gnu.linkonce.t.*)
 *(.text.*personality*)
 *(.mips16.fn.*)
 *(.mips16.call.*)
 *(.gnu.warning)
                0x9d000000                . = ALIGN (0x4)

.init           0x9d000000        0x0
 *crti.o(.init)
 *crtbegin.o(.init)
 *(EXCLUDE_FILE(*crtn.o *crtend?.o *crtend.o) .init)
 *crtend.o(.init)
 *crtn.o(.init)
                0x9d000000                . = ALIGN (0x4)

.fini           0x9d000000        0x0
 *(.fini)
                0x9d000000                . = ALIGN (0x4)

.preinit_array  0x9d000000        0x0
                0x9d000000                PROVIDE (__preinit_array_start, .)
 *(.preinit_array)
                0x9d000000                PROVIDE (__preinit_array_end, .)
                0x9d000000                . = ALIGN (0x4)

.init_array     0x9d000000        0x0
                0x9d000000                PROVIDE (__init_array_start, .)
 *(SORT(.init_array.*))
 *(.init_array)
                0x9d000000                PROVIDE (__init_array_end, .)
                0x9d000000                . = ALIGN (0x4)

.fini_array     0x9d000000        0x0
                0x9d000000                PROVIDE (__fini_array_start, .)
 *(SORT(.fini_array.*))
 *(.fini_array)
                0x9d000000                PROVIDE (__fini_array_end, .)
                0x9d000000                . = ALIGN (0x4)

.ctors          0x9d000000        0x0
 *crtbegin.o(.ctors)
 *crtbegin?.o(.ctors)
 *(EXCLUDE_FILE(*crtend?.o *crtend.o) .ctors)
 *(SORT(.ctors.*))
 *(.ctors)
                0x9d000000                . = ALIGN (0x4)

.dtors          0x9d000000        0x0
 *crtbegin.o(.dtors)
 *crtbegin?.o(.dtors)
 *(EXCLUDE_FILE(*crtend?.o *crtend.o) .dtors)
 *(SORT(.dtors.*))
 *(.dtors)
                0x9d000000                . = ALIGN (0x4)

.rodata         0x9d000000        0x0
 *(.gnu.linkonce.r.*)
 *(.rodata1)
                0x9d000000                . = ALIGN (0x4)

.sdata2         0x9fc00490        0x0
 *(.sdata2 .sdata2.* .gnu.linkonce.s2.*)
                0x9fc00490                . = ALIGN (0x4)

.sbss2          0x9fc00490        0x0
 *(.sbss2 .sbss2.* .gnu.linkonce.sb2.*)
                0x9fc00490                . = ALIGN (0x4)

.eh_frame_hdr
 *(.eh_frame_hdr)
                0x9fc00490                . = ALIGN (0x4)

.eh_frame
 *(.eh_frame)
                0x9fc00490                . = ALIGN (0x4)

.gcc_except_table
 *(.gcc_except_table .gcc_except_table.*)
                0x9fc00490                . = ALIGN (0x4)

.dbg_data       0xa0000000      0x200
                0xa0000000                . = (. + DEFINED (_DEBUGGER)?0x200:0x0)
 *fill*         0xa0000000      0x200 

.jcr            0xa0000200        0x0
 *(.jcr)
                0xa0000200                . = ALIGN (0x4)

.eh_frame       0xa0000200       0x40
 *(.eh_frame)
 .eh_frame      0xa0000200       0x20 c:/program files (x86)/microchip/xc32/v1.31/bin/../lib/gcc/pic32mx/4.5.2\libgcc.a(_divdi3.o)
 .eh_frame      0xa0000220       0x10 c:/program files (x86)/microchip/xc32/v1.31/bin/../lib/gcc/pic32mx/4.5.2\libgcc.a(_udivdi3.o)
 .eh_frame      0xa0000230       0x10 c:/program files (x86)/microchip/xc32/v1.31/bin/../lib/gcc/pic32mx/4.5.2\libgcc.a(_umoddi3.o)
                0xa0000240                . = ALIGN (0x4)

.gcc_except_table
 *(.gcc_except_table .gcc_except_table.*)
                0xa0000240                . = ALIGN (0x4)

.persist        0xa0000240        0x0
                0xa0000240                _persist_begin = .
 *(.persist .persist.*)
 *(.pbss .pbss.*)
                0xa0000240                . = ALIGN (0x4)
                0xa0000240                _persist_end = .

.data           0xa0000240        0x0
 *(.gnu.linkonce.d.*)
 *(.data1)
                0xa0000240                . = ALIGN (0x4)
                0xa0000240                . = .
                0xa0008230                _gp = (ALIGN (0x10) + 0x7ff0)

.got            0xa0000240        0x0
 *(.got.plt)
 *(.got)
                0xa0000240                . = ALIGN (0x4)

.sdata          0xa0000240       0x38
                0xa0000240                _sdata_begin = .
 *(.sdata .sdata.* .gnu.linkonce.s.*)
 .sdata         0xa0000240        0x1 build/DEBUG_-_Sans_Bootloader/debug/_ext/1472/HTTP_Donnees.o
                0xa0000240                donnees_mois
 *fill*         0xa0000241        0x3 
 .sdata         0xa0000244        0x8 build/DEBUG_-_Sans_Bootloader/debug/_ext/1295770447/DNS.o
 .sdata         0xa000024c        0x4 build/DEBUG_-_Sans_Bootloader/debug/_ext/1295770447/Helpers.o
 .sdata         0xa0000250        0x1 build/DEBUG_-_Sans_Bootloader/debug/_ext/1295770447/SMTP.o
 .sdata         0xa0000251        0x2 build/DEBUG_-_Sans_Bootloader/debug/_ext/1295770447/TCP.o
 .sdata         0xa0000253        0x2 build/DEBUG_-_Sans_Bootloader/debug/_ext/1295770447/UDP.o
 *fill*         0xa0000255        0x3 
 .sdata         0xa0000258        0x8 build/DEBUG_-_Sans_Bootloader/debug/_ext/1472/divers.o
                0xa0000258                Piezzo
 .sdata         0xa0000260        0x3 build/DEBUG_-_Sans_Bootloader/debug/_ext/1472/0_SparkBox.o
                0xa0000260                OPTO1_FILTRE
                0xa0000261                OPTO2_FILTRE
                0xa0000262                BP_FILTRE
 *fill*         0xa0000263        0x1 
 .sdata         0xa0000264        0x8 build/DEBUG_-_Sans_Bootloader/debug/_ext/1472/Analogique.o
 .sdata         0xa000026c        0x2 build/DEBUG_-_Sans_Bootloader/debug/_ext/1472/Evse.o
                0xa000026c                bp_ext_sav
 *fill*         0xa000026e        0x2 
 .sdata         0xa0000270        0x4 c:/program files (x86)/microchip/xc32/v1.31/bin/../lib/gcc/pic32mx/4.5.2/../../../../pic32mx/lib\libc.a(_iob.o)
                0xa0000270                _Files
 .sdata         0xa0000274        0x4 c:/program files (x86)/microchip/xc32/v1.31/bin/../lib/gcc/pic32mx/4.5.2/../../../../pic32mx/lib\libpic32.a(xc32_uart.o)
                0xa0000274                __XC_UART
                0xa0000278                . = ALIGN (0x4)
                0xa0000278                _sdata_end = .

.lit8
 *(.lit8)

.lit4
 *(.lit4)
                0xa0000278                . = ALIGN (0x4)
                0xa0000278                _data_end = .
                0xa0000278                _bss_begin = .

.sbss           0xa0000278      0x294
                0xa0000278                _sbss_begin = .
 *(.dynsbss)
 *(.sbss .sbss.* .gnu.linkonce.sb.*)
 .sbss          0xa0000278        0x2 build/DEBUG_-_Sans_Bootloader/debug/_ext/1472/HTTP_Mynetmemo.o
 .sbss          0xa000027a        0x4 build/DEBUG_-_Sans_Bootloader/debug/_ext/1472/HTTP_log.o
                0xa000027a                val
                0xa000027b                val1
                0xa000027c                val2
                0xa000027d                val3
 .sbss          0xa000027e        0x2 build/DEBUG_-_Sans_Bootloader/debug/_ext/1472/HTTP_Donnees.o
                0xa000027e                donnees_an
 .sbss          0xa0000280       0x14 build/DEBUG_-_Sans_Bootloader/debug/_ext/1472/HTTP_ADTEK.o
                0xa0000280                lastSuccess
                0xa0000284                lastFailure
                0xa0000288                TGetRelais
                0xa000028c                message_test_alarme_mail
                0xa0000290                message_test_alarme_sms
 .sbss          0xa0000294        0x8 build/DEBUG_-_Sans_Bootloader/debug/_ext/1295770447/Announce.o
 .sbss          0xa000029c        0x4 build/DEBUG_-_Sans_Bootloader/debug/_ext/1295770447/ARP.o
 .sbss          0xa00002a0        0x4 build/DEBUG_-_Sans_Bootloader/debug/_ext/1295770447/DHCP.o
                0xa00002a0                DHCPClientInitializedOnce
 .sbss          0xa00002a4       0x14 build/DEBUG_-_Sans_Bootloader/debug/_ext/1295770447/DNS.o
 .sbss          0xa00002b8        0x4 build/DEBUG_-_Sans_Bootloader/debug/_ext/1295770447/IP.o
 .sbss          0xa00002bc        0x8 build/DEBUG_-_Sans_Bootloader/debug/_ext/1295770447/MPFS2.o
 .sbss          0xa00002c4        0x8 build/DEBUG_-_Sans_Bootloader/debug/_ext/1295770447/NBNS.o
 .sbss          0xa00002cc       0x38 build/DEBUG_-_Sans_Bootloader/debug/_ext/1295770447/SMTP.o
 .sbss          0xa0000304        0xc build/DEBUG_-_Sans_Bootloader/debug/_ext/1295770447/StackTsk.o
 .sbss          0xa0000310        0xc build/DEBUG_-_Sans_Bootloader/debug/_ext/1295770447/Tick.o
 .sbss          0xa000031c        0x8 build/DEBUG_-_Sans_Bootloader/debug/_ext/1295770447/UDP.o
 .sbss          0xa0000324        0x1 build/DEBUG_-_Sans_Bootloader/debug/_ext/1295770447/Random.o
 *fill*         0xa0000325        0x3 
 .sbss          0xa0000328        0xc build/DEBUG_-_Sans_Bootloader/debug/_ext/1295770447/SSL.o
 .sbss          0xa0000334       0x18 build/DEBUG_-_Sans_Bootloader/debug/_ext/1295770447/ENCX24J600.o
 .sbss          0xa000034c        0xc build/DEBUG_-_Sans_Bootloader/debug/_ext/1472/Mynetmemo.o
 .sbss          0xa0000358        0x6 build/DEBUG_-_Sans_Bootloader/debug/_ext/1472/Temperature.o
 *fill*         0xa000035e        0x2 
 .sbss          0xa0000360       0x30 build/DEBUG_-_Sans_Bootloader/debug/_ext/1472/Teleinfo.o
                0xa0000360                itel
 .sbss          0xa0000390        0x8 build/DEBUG_-_Sans_Bootloader/debug/_ext/1472/log.o
                0xa0000390                cpt1s_log
                0xa0000394                Fichier_Present
 .sbss          0xa0000398        0x1 build/DEBUG_-_Sans_Bootloader/debug/_ext/1472/divers.o
 *fill*         0xa0000399        0x3 
 .sbss          0xa000039c       0x18 build/DEBUG_-_Sans_Bootloader/debug/_ext/1472/RTC.o
 .sbss          0xa00003b4       0x40 build/DEBUG_-_Sans_Bootloader/debug/_ext/1472/0_SparkBox.o
                0xa00003b4                cpt1s
                0xa00003b8                cpt1ms
                0xa00003bc                nb_heures
                0xa00003c0                debug_ui1
                0xa00003c4                debug_ui2
                0xa00003c8                debug_ui3
                0xa00003cc                debug_ui4
                0xa00003d0                debug_ui5
                0xa00003d4                debug_s1
                0xa00003d6                CARTE
                0xa00003d7                VERSION_HARD
                0xa00003d8                NB_RELAIS
                0xa00003d9                FONCTION
                0xa00003da                Mode_Admin
                0xa00003dc                Mode_Admin_cpt1s
                0xa00003e0                loop_count
                0xa00003e2                loop_count_mem
                0xa00003e4                affichage_debug
                0xa00003e8                UTC_ProchainSNTP
 .sbss          0xa00003f4        0x8 build/DEBUG_-_Sans_Bootloader/debug/_ext/1472/Lcd.o
 .sbss          0xa00003fc       0x1c build/DEBUG_-_Sans_Bootloader/debug/_ext/1472/Analogique.o
 .sbss          0xa0000418       0x44 build/DEBUG_-_Sans_Bootloader/debug/_ext/1472/Evse.o
                0xa0000418                Pilot_1kHz
                0xa0000419                Pilot_1kHz_Pulse
                0xa000041c                rstuck_cpt1ms
                0xa0000420                Mode
 .sbss          0xa000045c        0x4 c:/program files (x86)/microchip/xc32/v1.31/bin/../lib/gcc/pic32mx/4.5.2/../../../../pic32mx/lib\libpic32.a(errno.o)
                0xa000045c                errno
 .sbss          0xa0000460        0x1 c:/program files (x86)/microchip/xc32/v1.31/bin/../lib/gcc/pic32mx/4.5.2/../../../../pic32mx/lib\libc.a(_iob.o)
                0xa0000460                _outdone
 *(.scommon)
 *fill*         0xa0000461        0x3 
 .scommon       0xa0000464       0x14 build/DEBUG_-_Sans_Bootloader/debug/_ext/1472/HTTP_Donnees.o
                0xa0000464                tdonnees_matin
                0xa0000468                tindex_soir
                0xa000046c                tindex_matin
                0xa0000470                tindex_calc
                0xa0000474                tdonnees_soir
 .scommon       0xa0000478        0xc build/DEBUG_-_Sans_Bootloader/debug/_ext/1472/HTTP_ADTEK.o
                0xa0000478                ptr_get
                0xa000047c                num
                0xa0000480                Temp_i
 .scommon       0xa0000484        0x1 build/DEBUG_-_Sans_Bootloader/debug/_ext/1295770447/HTTP2.o
                0xa0000484                curHTTPID
 *fill*         0xa0000485        0x1 
 .scommon       0xa0000486        0x6 build/DEBUG_-_Sans_Bootloader/debug/_ext/1295770447/UDP.o
                0xa0000486                UDPTxCount
                0xa0000488                activeUDPSocket
                0xa000048a                UDPRxCount
 .scommon       0xa000048c        0xc build/DEBUG_-_Sans_Bootloader/debug/_ext/1295770447/SSL.o
                0xa000048c                isStubUsed
                0xa000048e                isBufferUsed
                0xa0000490                isHashUsed
                0xa0000494                ptrHS
 .scommon       0xa0000498        0xf build/DEBUG_-_Sans_Bootloader/debug/_ext/1472/rs232.o
                0xa0000498                int_status_rs
                0xa000049c                Tele1rxcurrent
                0xa00004a0                Tele1rxready
                0xa00004a4                Tele2rxready
                0xa00004a6                Tele2rxcurrent
 *fill*         0xa00004a7        0x1 
 .scommon       0xa00004a8        0x4 build/DEBUG_-_Sans_Bootloader/debug/_ext/1472/Eeprom_i2c.o
                0xa00004a8                erreur_eeprom_cpt1s
 .scommon       0xa00004ac        0x6 build/DEBUG_-_Sans_Bootloader/debug/_ext/1472/Temperature.o
                0xa00004ac                fi
                0xa00004ae                elementInsere
                0xa00004b0                Valeur_Mediane
                0xa00004b1                fj
 *fill*         0xa00004b2        0x2 
 .scommon       0xa00004b4       0x24 build/DEBUG_-_Sans_Bootloader/debug/_ext/1472/Teleinfo.o
                0xa00004b4                index_lu
                0xa00004bc                index_sav
                0xa00004c4                Tele_State
                0xa00004cc                cpt_tele
                0xa00004d4                error_crc
 .scommon       0xa00004d8        0x3 build/DEBUG_-_Sans_Bootloader/debug/_ext/1472/log.o
                0xa00004d8                Index_Nb_Lignes
                0xa00004d9                Index_Read
                0xa00004da                Index_Log
 *fill*         0xa00004db        0x1 
 .scommon       0xa00004dc       0x2c build/DEBUG_-_Sans_Bootloader/debug/_ext/1472/0_SparkBox.o
                0xa00004dc                cpt1m
                0xa00004e0                utc_min
                0xa00004e2                utc_heure
                0xa00004e4                t_jour
                0xa00004ec                utc_sec
                0xa00004f0                l_utc
                0xa00004f8                t_minute
                0xa0000500                i_utc
 .scommon       0xa0000508        0x4 build/DEBUG_-_Sans_Bootloader/debug/_ext/1472/Evse.o
                0xa0000508                Pwm
                0xa000050c                _sbss_end = .
                0xa000050c                . = ALIGN (0x4)

.bss            0xa000050c     0x2f5c
 *(.dynbss)
 *(COMMON)
 COMMON         0xa000050c      0x2f8 build/DEBUG_-_Sans_Bootloader/debug/_ext/1472/HTTP_Teleinfo.o
                0xa000050c                Mynetmemo
                0xa0000584                Mynetmemo_Socket
 COMMON         0xa0000804       0x76 build/DEBUG_-_Sans_Bootloader/debug/_ext/1472/HTTP_Mynetmemo.o
                0xa0000804                newMynetmemo
 *fill*         0xa000087a        0x2 
 COMMON         0xa000087c       0x24 build/DEBUG_-_Sans_Bootloader/debug/_ext/1472/HTTP_Donnees.o
                0xa000087c                tm_donnees
 COMMON         0xa00008a0      0x504 build/DEBUG_-_Sans_Bootloader/debug/_ext/1472/HTTP_ADTEK.o
                0xa00008a0                Temp_c
                0xa000099c                Http_Temp
                0xa00009bc                Http_byte2
                0xa0000bb0                Http_byte
 COMMON         0xa0000da4       0x40 build/DEBUG_-_Sans_Bootloader/debug/_ext/1295770447/Hashes.o
                0xa0000da4                lastBlock
 COMMON         0xa0000de4       0x9c build/DEBUG_-_Sans_Bootloader/debug/_ext/1295770447/HTTP2.o
                0xa0000de4                curHTTP
                0xa0000e70                httpStubs
 COMMON         0xa0000e80       0x34 build/DEBUG_-_Sans_Bootloader/debug/_ext/1295770447/SMTP.o
                0xa0000e80                SMTPClient
 COMMON         0xa0000eb4        0xa build/DEBUG_-_Sans_Bootloader/debug/_ext/1295770447/StackTsk.o
                0xa0000eb4                remoteNode
 *fill*         0xa0000ebe        0x2 
 COMMON         0xa0000ec0      0x1a4 build/DEBUG_-_Sans_Bootloader/debug/_ext/1295770447/UDP.o
                0xa0000ec0                UDPSocketInfo
 COMMON         0xa0001064      0x1bc build/DEBUG_-_Sans_Bootloader/debug/_ext/1295770447/SSL.o
                0xa0001064                sslSessionStubs
                0xa0001074                sslHash
                0xa00010d0                sslBuffer
                0xa00011d0                sslSession
 COMMON         0xa0001220      0x100 build/DEBUG_-_Sans_Bootloader/debug/_ext/1472/rs232.o
                0xa0001220                Tele1rxbuffer
                0xa00012a0                Tele2rxbuffer
 COMMON         0xa0001320      0x18d build/DEBUG_-_Sans_Bootloader/debug/_ext/1472/Temperature.o
                0xa0001320                Filtre_Capteur
                0xa0001474                Filtre_Nb
                0xa0001488                Filtre_Temp
                0xa000149c                Filtre_Ptr
 *fill*         0xa00014ad        0x3 
 COMMON         0xa00014b0      0x2c4 build/DEBUG_-_Sans_Bootloader/debug/_ext/1472/Teleinfo.o
                0xa00014b0                Compteur
                0xa00016c8                out
                0xa00016f0                CurrentMessage
                0xa0001734                ValidMessage
 COMMON         0xa0001774     0x1560 build/DEBUG_-_Sans_Bootloader/debug/_ext/1472/log.o
                0xa0001774                Date_Log
                0xa0001780                NomFichierLog
                0xa0001794                Log
 COMMON         0xa0002cd4      0x228 build/DEBUG_-_Sans_Bootloader/debug/_ext/1472/RTC.o
                0xa0002cd4                ADTEK_TS_Socket
                0xa0002cfc                ADTEK_DataUrl
 COMMON         0xa0002efc      0x51c build/DEBUG_-_Sans_Bootloader/debug/_ext/1472/0_SparkBox.o
                0xa0002efc                utc
                0xa0002f0c                Relais_Man
                0xa0002f2c                User
                0xa0002f58                Sparkbox
                0xa00033c4                AppConfig
                0xa00033f8                analogCalc
 COMMON         0xa0003418       0x28 build/DEBUG_-_Sans_Bootloader/debug/_ext/1472/Analogique.o
                0xa0003418                Analog
 COMMON         0xa0003440       0x28 build/DEBUG_-_Sans_Bootloader/debug/_ext/1472/Evse.o
                0xa0003440                Evse
                0xa0003468                . = ALIGN ((. != 0x0)?0x4:0x1)
                0xa0003468                . = ALIGN (0x4)
                0xa0003468                _end = .
                0xa0003468                _bss_end = .
                0x00020000                _bmxdudba_address = 0x20000
                0x00020000                _bmxdupba_address = 0x20000

/DISCARD/
 *(.pdr)
 *(.rel.dyn)
 *(.note.GNU-stack)
 *(.note.GNU-stack)
 *(.gnu_debuglink)
 *(.gnu.lto_*)
 *(.discard)

.gptab.sdata
 *(.gptab.data)
 *(.gptab.sdata)

.gptab.sbss
 *(.gptab.bss)
 *(.gptab.sbss)

.mdebug.abi32   0xa0003468        0x0
 *(.mdebug.abi32)
 .mdebug.abi32  0xa0003468        0x0 build/DEBUG_-_Sans_Bootloader/debug/_ext/1472/HTTP_Teleinfo.o
 .mdebug.abi32  0xa0003468        0x0 build/DEBUG_-_Sans_Bootloader/debug/_ext/1472/HTTP_Reseau.o
 .mdebug.abi32  0xa0003468        0x0 build/DEBUG_-_Sans_Bootloader/debug/_ext/1472/HTTP_Mynetmemo.o
 .mdebug.abi32  0xa0003468        0x0 build/DEBUG_-_Sans_Bootloader/debug/_ext/1472/HTTP_Password.o
 .mdebug.abi32  0xa0003468        0x0 build/DEBUG_-_Sans_Bootloader/debug/_ext/1472/HTTP_log.o
 .mdebug.abi32  0xa0003468        0x0 build/DEBUG_-_Sans_Bootloader/debug/_ext/1472/HTTP_cmd.o
 .mdebug.abi32  0xa0003468        0x0 build/DEBUG_-_Sans_Bootloader/debug/_ext/1472/HTTP_Parametres.o
 .mdebug.abi32  0xa0003468        0x0 build/DEBUG_-_Sans_Bootloader/debug/_ext/1472/HTTP_Donnees.o
 .mdebug.abi32  0xa0003468        0x0 build/DEBUG_-_Sans_Bootloader/debug/_ext/1472/HTTP_Index.o
 .mdebug.abi32  0xa0003468        0x0 build/DEBUG_-_Sans_Bootloader/debug/_ext/1472/HTTP_ADTEK.o
 .mdebug.abi32  0xa0003468        0x0 build/DEBUG_-_Sans_Bootloader/debug/_ext/1295770447/Announce.o
 .mdebug.abi32  0xa0003468        0x0 build/DEBUG_-_Sans_Bootloader/debug/_ext/1295770447/ARP.o
 .mdebug.abi32  0xa0003468        0x0 build/DEBUG_-_Sans_Bootloader/debug/_ext/1295770447/Delay.o
 .mdebug.abi32  0xa0003468        0x0 build/DEBUG_-_Sans_Bootloader/debug/_ext/1295770447/DHCP.o
 .mdebug.abi32  0xa0003468        0x0 build/DEBUG_-_Sans_Bootloader/debug/_ext/1295770447/DHCPs.o
 .mdebug.abi32  0xa0003468        0x0 build/DEBUG_-_Sans_Bootloader/debug/_ext/1295770447/DNS.o
 .mdebug.abi32  0xa0003468        0x0 build/DEBUG_-_Sans_Bootloader/debug/_ext/1295770447/DynDNS.o
 .mdebug.abi32  0xa0003468        0x0 build/DEBUG_-_Sans_Bootloader/debug/_ext/1295770447/FTP.o
 .mdebug.abi32  0xa0003468        0x0 build/DEBUG_-_Sans_Bootloader/debug/_ext/1295770447/Hashes.o
 .mdebug.abi32  0xa0003468        0x0 build/DEBUG_-_Sans_Bootloader/debug/_ext/1295770447/Helpers.o
 .mdebug.abi32  0xa0003468        0x0 build/DEBUG_-_Sans_Bootloader/debug/_ext/1295770447/HTTP2.o
 .mdebug.abi32  0xa0003468        0x0 build/DEBUG_-_Sans_Bootloader/debug/_ext/1295770447/ICMP.o
 .mdebug.abi32  0xa0003468        0x0 build/DEBUG_-_Sans_Bootloader/debug/_ext/1295770447/IP.o
 .mdebug.abi32  0xa0003468        0x0 build/DEBUG_-_Sans_Bootloader/debug/_ext/1295770447/MPFS2.o
 .mdebug.abi32  0xa0003468        0x0 build/DEBUG_-_Sans_Bootloader/debug/_ext/1295770447/NBNS.o
 .mdebug.abi32  0xa0003468        0x0 build/DEBUG_-_Sans_Bootloader/debug/_ext/1295770447/SMTP.o
 .mdebug.abi32  0xa0003468        0x0 build/DEBUG_-_Sans_Bootloader/debug/_ext/1295770447/SNMP.o
 .mdebug.abi32  0xa0003468        0x0 build/DEBUG_-_Sans_Bootloader/debug/_ext/1295770447/SNTP.o
 .mdebug.abi32  0xa0003468        0x0 build/DEBUG_-_Sans_Bootloader/debug/_ext/1295770447/SPIEEPROM.o
 .mdebug.abi32  0xa0003468        0x0 build/DEBUG_-_Sans_Bootloader/debug/_ext/1295770447/SPIFlash.o
 .mdebug.abi32  0xa0003468        0x0 build/DEBUG_-_Sans_Bootloader/debug/_ext/1295770447/SPIRAM.o
 .mdebug.abi32  0xa0003468        0x0 build/DEBUG_-_Sans_Bootloader/debug/_ext/1295770447/StackTsk.o
 .mdebug.abi32  0xa0003468        0x0 build/DEBUG_-_Sans_Bootloader/debug/_ext/1295770447/TCP.o
 .mdebug.abi32  0xa0003468        0x0 build/DEBUG_-_Sans_Bootloader/debug/_ext/1295770447/Telnet.o
 .mdebug.abi32  0xa0003468        0x0 build/DEBUG_-_Sans_Bootloader/debug/_ext/1295770447/TFTPc.o
 .mdebug.abi32  0xa0003468        0x0 build/DEBUG_-_Sans_Bootloader/debug/_ext/1295770447/Tick.o
 .mdebug.abi32  0xa0003468        0x0 build/DEBUG_-_Sans_Bootloader/debug/_ext/1295770447/UART.o
 .mdebug.abi32  0xa0003468        0x0 build/DEBUG_-_Sans_Bootloader/debug/_ext/1295770447/UDP.o
 .mdebug.abi32  0xa0003468        0x0 build/DEBUG_-_Sans_Bootloader/debug/_ext/1472/MPFSImg2.o
 .mdebug.abi32  0xa0003468        0x0 build/DEBUG_-_Sans_Bootloader/debug/_ext/1295770447/Random.o
 .mdebug.abi32  0xa0003468        0x0 build/DEBUG_-_Sans_Bootloader/debug/_ext/1295770447/RSA.o
 .mdebug.abi32  0xa0003468        0x0 build/DEBUG_-_Sans_Bootloader/debug/_ext/1295770447/SSL.o
 .mdebug.abi32  0xa0003468        0x0 build/DEBUG_-_Sans_Bootloader/debug/_ext/1295770447/ARCFOUR.o
 .mdebug.abi32  0xa0003468        0x0 build/DEBUG_-_Sans_Bootloader/debug/_ext/1295770447/BigInt.o
 .mdebug.abi32  0xa0003468        0x0 build/DEBUG_-_Sans_Bootloader/debug/_ext/1295770447/AutoIP.o
 .mdebug.abi32  0xa0003468        0x0 build/DEBUG_-_Sans_Bootloader/debug/_ext/1295770447/DNSs.o
 .mdebug.abi32  0xa0003468        0x0 build/DEBUG_-_Sans_Bootloader/debug/_ext/1295770447/ENCX24J600.o
 .mdebug.abi32  0xa0003468        0x0 build/DEBUG_-_Sans_Bootloader/debug/_ext/1295770447/ETHPIC32ExtPhy.o
 .mdebug.abi32  0xa0003468        0x0 build/DEBUG_-_Sans_Bootloader/debug/_ext/1295770447/ETHPIC32ExtPhyDP83848.o
 .mdebug.abi32  0xa0003468        0x0 build/DEBUG_-_Sans_Bootloader/debug/_ext/1295770447/ETHPIC32IntMac.o
 .mdebug.abi32  0xa0003468        0x0 build/DEBUG_-_Sans_Bootloader/debug/_ext/1472/rs232.o
 .mdebug.abi32  0xa0003468        0x0 build/DEBUG_-_Sans_Bootloader/debug/_ext/1472/Mynetmemo.o
 .mdebug.abi32  0xa0003468        0x0 build/DEBUG_-_Sans_Bootloader/debug/_ext/1472/Eeprom_i2c.o
 .mdebug.abi32  0xa0003468        0x0 build/DEBUG_-_Sans_Bootloader/debug/_ext/1472/Temperature.o
 .mdebug.abi32  0xa0003468        0x0 build/DEBUG_-_Sans_Bootloader/debug/_ext/1472/Teleinfo.o
 .mdebug.abi32  0xa0003468        0x0 build/DEBUG_-_Sans_Bootloader/debug/_ext/1472/log.o
 .mdebug.abi32  0xa0003468        0x0 build/DEBUG_-_Sans_Bootloader/debug/_ext/1472/SSLCert.o
 .mdebug.abi32  0xa0003468        0x0 build/DEBUG_-_Sans_Bootloader/debug/_ext/1472/divers.o
 .mdebug.abi32  0xa0003468        0x0 build/DEBUG_-_Sans_Bootloader/debug/_ext/1472/SST25VF016.o
 .mdebug.abi32  0xa0003468        0x0 build/DEBUG_-_Sans_Bootloader/debug/_ext/1472/drv_spi.o
 .mdebug.abi32  0xa0003468        0x0 build/DEBUG_-_Sans_Bootloader/debug/_ext/1472/mcp7941.o
 .mdebug.abi32  0xa0003468        0x0 build/DEBUG_-_Sans_Bootloader/debug/_ext/1472/RTC.o
 .mdebug.abi32  0xa0003468        0x0 build/DEBUG_-_Sans_Bootloader/debug/_ext/1472/0_SparkBox.o
 .mdebug.abi32  0xa0003468        0x0 build/DEBUG_-_Sans_Bootloader/debug/_ext/1472/Lcd.o
 .mdebug.abi32  0xa0003468        0x0 build/DEBUG_-_Sans_Bootloader/debug/_ext/1472/Analogique.o
 .mdebug.abi32  0xa0003468        0x0 build/DEBUG_-_Sans_Bootloader/debug/_ext/1472/Evse.o
 .mdebug.abi32  0xa0003468        0x0 build/DEBUG_-_Sans_Bootloader/debug/_ext/1472/i2c.o
 .mdebug.abi32  0xa0003468        0x0 c:/program files (x86)/microchip/xc32/v1.31/bin/../lib/gcc/pic32mx/4.5.2/../../../../pic32mx/lib\libmchp_peripheral_32MX695F512L.a(soft_reset_lib.o)
 .mdebug.abi32  0xa0003468        0x0 c:/program files (x86)/microchip/xc32/v1.31/bin/../lib/gcc/pic32mx/4.5.2/../../../../pic32mx/lib\libmchp_peripheral_32MX695F512L.a(pcache.o)
 .mdebug.abi32  0xa0003468        0x0 c:/program files (x86)/microchip/xc32/v1.31/bin/../lib/gcc/pic32mx/4.5.2/../../../../pic32mx/lib\libmchp_peripheral_32MX695F512L.a(int_disable_interrupts_lib.o)
 .mdebug.abi32  0xa0003468        0x0 c:/program files (x86)/microchip/xc32/v1.31/bin/../lib/gcc/pic32mx/4.5.2/../../../../pic32mx/lib\libmchp_peripheral_32MX695F512L.a(int_restore_interrupts_lib.o)
 .mdebug.abi32  0xa0003468        0x0 c:/program files (x86)/microchip/xc32/v1.31/bin/../lib/gcc/pic32mx/4.5.2/../../../../pic32mx/lib\libmchp_peripheral_32MX695F512L.a(int_enable_mv_int_lib.o)
 .mdebug.abi32  0xa0003468        0x0 c:/program files (x86)/microchip/xc32/v1.31/bin/../lib/gcc/pic32mx/4.5.2/../../../../pic32mx/lib\libmchp_peripheral_32MX695F512L.a(int_tbl_lib.o)
 .mdebug.abi32  0xa0003468        0x0 c:/program files (x86)/microchip/xc32/v1.31/bin/../lib/gcc/pic32mx/4.5.2/../../../../pic32mx/lib\libmchp_peripheral_32MX695F512L.a(uart_lib.o)
 .mdebug.abi32  0xa0003468        0x0 c:/program files (x86)/microchip/xc32/v1.31/bin/../lib/gcc/pic32mx/4.5.2/../../../../pic32mx/lib\libmchp_peripheral_32MX695F512L.a(I2CAcknowledgeByte.o)
 .mdebug.abi32  0xa0003468        0x0 c:/program files (x86)/microchip/xc32/v1.31/bin/../lib/gcc/pic32mx/4.5.2/../../../../pic32mx/lib\libmchp_peripheral_32MX695F512L.a(I2CBusIsIdle.o)
 .mdebug.abi32  0xa0003468        0x0 c:/program files (x86)/microchip/xc32/v1.31/bin/../lib/gcc/pic32mx/4.5.2/../../../../pic32mx/lib\libmchp_peripheral_32MX695F512L.a(I2CByteWasAcknowledged.o)
 .mdebug.abi32  0xa0003468        0x0 c:/program files (x86)/microchip/xc32/v1.31/bin/../lib/gcc/pic32mx/4.5.2/../../../../pic32mx/lib\libmchp_peripheral_32MX695F512L.a(I2CEnable.o)
 .mdebug.abi32  0xa0003468        0x0 c:/program files (x86)/microchip/xc32/v1.31/bin/../lib/gcc/pic32mx/4.5.2/../../../../pic32mx/lib\libmchp_peripheral_32MX695F512L.a(I2CGetByte.o)
 .mdebug.abi32  0xa0003468        0x0 c:/program files (x86)/microchip/xc32/v1.31/bin/../lib/gcc/pic32mx/4.5.2/../../../../pic32mx/lib\libmchp_peripheral_32MX695F512L.a(I2CGetStatus.o)
 .mdebug.abi32  0xa0003468        0x0 c:/program files (x86)/microchip/xc32/v1.31/bin/../lib/gcc/pic32mx/4.5.2/../../../../pic32mx/lib\libmchp_peripheral_32MX695F512L.a(I2CReceivedDataIsAvailable.o)
 .mdebug.abi32  0xa0003468        0x0 c:/program files (x86)/microchip/xc32/v1.31/bin/../lib/gcc/pic32mx/4.5.2/../../../../pic32mx/lib\libmchp_peripheral_32MX695F512L.a(I2CReceiverEnable.o)
 .mdebug.abi32  0xa0003468        0x0 c:/program files (x86)/microchip/xc32/v1.31/bin/../lib/gcc/pic32mx/4.5.2/../../../../pic32mx/lib\libmchp_peripheral_32MX695F512L.a(I2CRepeatStart.o)
 .mdebug.abi32  0xa0003468        0x0 c:/program files (x86)/microchip/xc32/v1.31/bin/../lib/gcc/pic32mx/4.5.2/../../../../pic32mx/lib\libmchp_peripheral_32MX695F512L.a(I2CSendByte.o)
 .mdebug.abi32  0xa0003468        0x0 c:/program files (x86)/microchip/xc32/v1.31/bin/../lib/gcc/pic32mx/4.5.2/../../../../pic32mx/lib\libmchp_peripheral_32MX695F512L.a(I2CSetFrequency.o)
 .mdebug.abi32  0xa0003468        0x0 c:/program files (x86)/microchip/xc32/v1.31/bin/../lib/gcc/pic32mx/4.5.2/../../../../pic32mx/lib\libmchp_peripheral_32MX695F512L.a(I2CStart.o)
 .mdebug.abi32  0xa0003468        0x0 c:/program files (x86)/microchip/xc32/v1.31/bin/../lib/gcc/pic32mx/4.5.2/../../../../pic32mx/lib\libmchp_peripheral_32MX695F512L.a(I2CStop.o)
 .mdebug.abi32  0xa0003468        0x0 c:/program files (x86)/microchip/xc32/v1.31/bin/../lib/gcc/pic32mx/4.5.2/../../../../pic32mx/lib\libmchp_peripheral_32MX695F512L.a(I2CTransmissionHasCompleted.o)
 .mdebug.abi32  0xa0003468        0x0 c:/program files (x86)/microchip/xc32/v1.31/bin/../lib/gcc/pic32mx/4.5.2/../../../../pic32mx/lib\libmchp_peripheral_32MX695F512L.a(I2CTransmitterIsReady.o)
 .mdebug.abi32  0xa0003468        0x0 c:/program files (x86)/microchip/xc32/v1.31/bin/../lib/gcc/pic32mx/4.5.2/../../../../pic32mx/lib\libmchp_peripheral_32MX695F512L.a(int_enable_interrupts_lib.o)
 .mdebug.abi32  0xa0003468        0x0 c:/program files (x86)/microchip/xc32/v1.31/bin/../lib/gcc/pic32mx/4.5.2/../../../../pic32mx/lib\libmchp_peripheral_32MX695F512L.a(I2CPrivate.o)
 .mdebug.abi32  0xa0003468        0x0 c:/program files (x86)/microchip/xc32/v1.31/bin/../lib/gcc/pic32mx/4.5.2\libgcc.a(_divdi3.o)
 .mdebug.abi32  0xa0003468        0x0 c:/program files (x86)/microchip/xc32/v1.31/bin/../lib/gcc/pic32mx/4.5.2\libgcc.a(_udivdi3.o)
 .mdebug.abi32  0xa0003468        0x0 c:/program files (x86)/microchip/xc32/v1.31/bin/../lib/gcc/pic32mx/4.5.2/../../../../pic32mx/lib\libpic32.a(default-bootstrap-exception-handler.o)
 .mdebug.abi32  0xa0003468        0x0 c:/program files (x86)/microchip/xc32/v1.31/bin/../lib/gcc/pic32mx/4.5.2/../../../../pic32mx/lib\libpic32.a(default-on-reset.o)
 .mdebug.abi32  0xa0003468        0x0 c:/program files (x86)/microchip/xc32/v1.31/bin/../lib/gcc/pic32mx/4.5.2/../../../../pic32mx/lib\libpic32.a(default-on-bootstrap.o)
 .mdebug.abi32  0xa0003468        0x0 c:/program files (x86)/microchip/xc32/v1.31/bin/../lib/gcc/pic32mx/4.5.2/../../../../pic32mx/lib\libpic32.a(defaultinterrupt.o)
 .mdebug.abi32  0xa0003468        0x0 c:/program files (x86)/microchip/xc32/v1.31/bin/../lib/gcc/pic32mx/4.5.2/../../../../pic32mx/lib\libm.a(w_sqrtf.o)
 .mdebug.abi32  0xa0003468        0x0 c:/program files (x86)/microchip/xc32/v1.31/bin/../lib/gcc/pic32mx/4.5.2/../../../../pic32mx/lib\libm.a(s_lib_ver.o)
 .mdebug.abi32  0xa0003468        0x0 c:/program files (x86)/microchip/xc32/v1.31/bin/../lib/gcc/pic32mx/4.5.2/../../../../pic32mx/lib\libpic32.a(errno.o)
 .mdebug.abi32  0xa0003468        0x0 c:/program files (x86)/microchip/xc32/v1.31/bin/../lib/gcc/pic32mx/4.5.2/../../../../pic32mx/lib\libc.a(atoi.o)
 .mdebug.abi32  0xa0003468        0x0 c:/program files (x86)/microchip/xc32/v1.31/bin/../lib/gcc/pic32mx/4.5.2/../../../../pic32mx/lib\libc.a(atol.o)
 .mdebug.abi32  0xa0003468        0x0 c:/program files (x86)/microchip/xc32/v1.31/bin/../lib/gcc/pic32mx/4.5.2/../../../../pic32mx/lib\libc.a(ctype.o)
 .mdebug.abi32  0xa0003468        0x0 c:/program files (x86)/microchip/xc32/v1.31/bin/../lib/gcc/pic32mx/4.5.2/../../../../pic32mx/lib\libc.a(ctypef.o)
 .mdebug.abi32  0xa0003468        0x0 c:/program files (x86)/microchip/xc32/v1.31/bin/../lib/gcc/pic32mx/4.5.2/../../../../pic32mx/lib\libc.a(ltoa.o)
 .mdebug.abi32  0xa0003468        0x0 c:/program files (x86)/microchip/xc32/v1.31/bin/../lib/gcc/pic32mx/4.5.2/../../../../pic32mx/lib\libc.a(mktime.o)
 .mdebug.abi32  0xa0003468        0x0 c:/program files (x86)/microchip/xc32/v1.31/bin/../lib/gcc/pic32mx/4.5.2/../../../../pic32mx/lib\libc.a(strcat.o)
 .mdebug.abi32  0xa0003468        0x0 c:/program files (x86)/microchip/xc32/v1.31/bin/../lib/gcc/pic32mx/4.5.2/../../../../pic32mx/lib\libc.a(strchr.o)
 .mdebug.abi32  0xa0003468        0x0 c:/program files (x86)/microchip/xc32/v1.31/bin/../lib/gcc/pic32mx/4.5.2/../../../../pic32mx/lib\libc.a(strncmp.o)
 .mdebug.abi32  0xa0003468        0x0 c:/program files (x86)/microchip/xc32/v1.31/bin/../lib/gcc/pic32mx/4.5.2/../../../../pic32mx/lib\libc.a(strncpy.o)
 .mdebug.abi32  0xa0003468        0x0 c:/program files (x86)/microchip/xc32/v1.31/bin/../lib/gcc/pic32mx/4.5.2/../../../../pic32mx/lib\libc.a(strstr.o)
 .mdebug.abi32  0xa0003468        0x0 c:/program files (x86)/microchip/xc32/v1.31/bin/../lib/gcc/pic32mx/4.5.2/../../../../pic32mx/lib\libc.a(sprintf_cdnopsuxX.eo)
 .mdebug.abi32  0xa0003468        0x0 c:/program files (x86)/microchip/xc32/v1.31/bin/../lib/gcc/pic32mx/4.5.2/../../../../pic32mx/lib\libc.a(doprnt_cdnopsuxX.eo)
 .mdebug.abi32  0xa0003468        0x0 c:/program files (x86)/microchip/xc32/v1.31/bin/../lib/gcc/pic32mx/4.5.2/../../../../pic32mx/lib\libc.a(_fputc_simple.o)
 .mdebug.abi32  0xa0003468        0x0 c:/program files (x86)/microchip/xc32/v1.31/bin/../lib/gcc/pic32mx/4.5.2/../../../../pic32mx/lib\libc.a(_iob.o)
 .mdebug.abi32  0xa0003468        0x0 c:/program files (x86)/microchip/xc32/v1.31/bin/../lib/gcc/pic32mx/4.5.2/../../../../pic32mx/lib\libc.a(_flsbuf_simple.o)
 .mdebug.abi32  0xa0003468        0x0 c:/program files (x86)/microchip/xc32/v1.31/bin/../lib/gcc/pic32mx/4.5.2/../../../../pic32mx/lib\libpic32.a(write.o)
 .mdebug.abi32  0xa0003468        0x0 c:/program files (x86)/microchip/xc32/v1.31/bin/../lib/gcc/pic32mx/4.5.2/../../../../pic32mx/lib\libpic32.a(_mon_putc.o)
 .mdebug.abi32  0xa0003468        0x0 c:/program files (x86)/microchip/xc32/v1.31/bin/../lib/gcc/pic32mx/4.5.2/../../../../pic32mx/lib\libpic32.a(xc32_uart.o)
 .mdebug.abi32  0xa0003468        0x0 c:/program files (x86)/microchip/xc32/v1.31/bin/../lib/gcc/pic32mx/4.5.2\libgcc.a(_umoddi3.o)
 .mdebug.abi32  0xa0003468        0x0 c:/program files (x86)/microchip/xc32/v1.31/bin/../lib/gcc/pic32mx/4.5.2/../../../../pic32mx/lib\software-debug-break.o

.mdebug.abiN32
 *(.mdebug.abiN32)

.mdebug.abi64
 *(.mdebug.abi64)

.mdebug.abiO64
 *(.mdebug.abiO64)

.mdebug.eabi32
 *(.mdebug.eabi32)

.mdebug.eabi64
 *(.mdebug.eabi64)

.gcc_compiled_long32
 *(.gcc_compiled_long32)

.gcc_compiled_long64
 *(.gcc_compiled_long64)

.stab
 *(.stab)

.stabstr
 *(.stabstr)

.stab.excl
 *(.stab.excl)

.stab.exclstr
 *(.stab.exclstr)

.stab.index
 *(.stab.index)

.stab.indexstr
 *(.stab.indexstr)

.comment        0x00000000      0x208
 *(.comment)
 .comment       0x00000000       0x3c build/DEBUG_-_Sans_Bootloader/debug/_ext/1472/HTTP_Teleinfo.o
                                 0x3d (size before relaxing)
 .comment       0x00000000       0x3d build/DEBUG_-_Sans_Bootloader/debug/_ext/1472/HTTP_Reseau.o
 .comment       0x00000000       0x3d build/DEBUG_-_Sans_Bootloader/debug/_ext/1472/HTTP_Mynetmemo.o
 .comment       0x00000000       0x3d build/DEBUG_-_Sans_Bootloader/debug/_ext/1472/HTTP_Password.o
 .comment       0x00000000       0x3d build/DEBUG_-_Sans_Bootloader/debug/_ext/1472/HTTP_log.o
 .comment       0x00000000       0x3d build/DEBUG_-_Sans_Bootloader/debug/_ext/1472/HTTP_cmd.o
 .comment       0x00000000       0x3d build/DEBUG_-_Sans_Bootloader/debug/_ext/1472/HTTP_Parametres.o
 .comment       0x00000000       0x3d build/DEBUG_-_Sans_Bootloader/debug/_ext/1472/HTTP_Donnees.o
 .comment       0x00000000       0x3d build/DEBUG_-_Sans_Bootloader/debug/_ext/1472/HTTP_Index.o
 .comment       0x00000000       0x3d build/DEBUG_-_Sans_Bootloader/debug/_ext/1472/HTTP_ADTEK.o
 .comment       0x00000000       0x3d build/DEBUG_-_Sans_Bootloader/debug/_ext/1295770447/Announce.o
 .comment       0x00000000       0x3d build/DEBUG_-_Sans_Bootloader/debug/_ext/1295770447/ARP.o
 .comment       0x00000000       0x3d build/DEBUG_-_Sans_Bootloader/debug/_ext/1295770447/Delay.o
 .comment       0x00000000       0x3d build/DEBUG_-_Sans_Bootloader/debug/_ext/1295770447/DHCP.o
 .comment       0x00000000       0x3d build/DEBUG_-_Sans_Bootloader/debug/_ext/1295770447/DHCPs.o
 .comment       0x00000000       0x3d build/DEBUG_-_Sans_Bootloader/debug/_ext/1295770447/DNS.o
 .comment       0x00000000       0x3d build/DEBUG_-_Sans_Bootloader/debug/_ext/1295770447/DynDNS.o
 .comment       0x00000000       0x3d build/DEBUG_-_Sans_Bootloader/debug/_ext/1295770447/FTP.o
 .comment       0x00000000       0x3d build/DEBUG_-_Sans_Bootloader/debug/_ext/1295770447/Hashes.o
 .comment       0x00000000       0x3d build/DEBUG_-_Sans_Bootloader/debug/_ext/1295770447/Helpers.o
 .comment       0x00000000       0x3d build/DEBUG_-_Sans_Bootloader/debug/_ext/1295770447/HTTP2.o
 .comment       0x00000000       0x3d build/DEBUG_-_Sans_Bootloader/debug/_ext/1295770447/ICMP.o
 .comment       0x00000000       0x3d build/DEBUG_-_Sans_Bootloader/debug/_ext/1295770447/IP.o
 .comment       0x00000000       0x3d build/DEBUG_-_Sans_Bootloader/debug/_ext/1295770447/MPFS2.o
 .comment       0x00000000       0x3d build/DEBUG_-_Sans_Bootloader/debug/_ext/1295770447/NBNS.o
 .comment       0x00000000       0x3d build/DEBUG_-_Sans_Bootloader/debug/_ext/1295770447/SMTP.o
 .comment       0x00000000       0x3d build/DEBUG_-_Sans_Bootloader/debug/_ext/1295770447/SNMP.o
 .comment       0x00000000       0x3d build/DEBUG_-_Sans_Bootloader/debug/_ext/1295770447/SNTP.o
 .comment       0x00000000       0x3d build/DEBUG_-_Sans_Bootloader/debug/_ext/1295770447/SPIEEPROM.o
 .comment       0x00000000       0x3d build/DEBUG_-_Sans_Bootloader/debug/_ext/1295770447/SPIFlash.o
 .comment       0x00000000       0x3d build/DEBUG_-_Sans_Bootloader/debug/_ext/1295770447/SPIRAM.o
 .comment       0x00000000       0x3d build/DEBUG_-_Sans_Bootloader/debug/_ext/1295770447/StackTsk.o
 .comment       0x00000000       0x3d build/DEBUG_-_Sans_Bootloader/debug/_ext/1295770447/TCP.o
 .comment       0x00000000       0x3d build/DEBUG_-_Sans_Bootloader/debug/_ext/1295770447/Telnet.o
 .comment       0x00000000       0x3d build/DEBUG_-_Sans_Bootloader/debug/_ext/1295770447/TFTPc.o
 .comment       0x00000000       0x3d build/DEBUG_-_Sans_Bootloader/debug/_ext/1295770447/Tick.o
 .comment       0x00000000       0x3d build/DEBUG_-_Sans_Bootloader/debug/_ext/1295770447/UART.o
 .comment       0x00000000       0x3d build/DEBUG_-_Sans_Bootloader/debug/_ext/1295770447/UDP.o
 .comment       0x00000000       0x3d build/DEBUG_-_Sans_Bootloader/debug/_ext/1472/MPFSImg2.o
 .comment       0x00000000       0x3d build/DEBUG_-_Sans_Bootloader/debug/_ext/1295770447/Random.o
 .comment       0x00000000       0x3d build/DEBUG_-_Sans_Bootloader/debug/_ext/1295770447/RSA.o
 .comment       0x00000000       0x3d build/DEBUG_-_Sans_Bootloader/debug/_ext/1295770447/SSL.o
 .comment       0x00000000       0x3d build/DEBUG_-_Sans_Bootloader/debug/_ext/1295770447/ARCFOUR.o
 .comment       0x00000000       0x3d build/DEBUG_-_Sans_Bootloader/debug/_ext/1295770447/BigInt.o
 .comment       0x00000000       0x3d build/DEBUG_-_Sans_Bootloader/debug/_ext/1295770447/AutoIP.o
 .comment       0x00000000       0x3d build/DEBUG_-_Sans_Bootloader/debug/_ext/1295770447/DNSs.o
 .comment       0x00000000       0x3d build/DEBUG_-_Sans_Bootloader/debug/_ext/1295770447/ENCX24J600.o
 .comment       0x00000000       0x3d build/DEBUG_-_Sans_Bootloader/debug/_ext/1295770447/ETHPIC32ExtPhy.o
 .comment       0x00000000       0x3d build/DEBUG_-_Sans_Bootloader/debug/_ext/1295770447/ETHPIC32ExtPhyDP83848.o
 .comment       0x00000000       0x3d build/DEBUG_-_Sans_Bootloader/debug/_ext/1295770447/ETHPIC32IntMac.o
 .comment       0x00000000       0x3d build/DEBUG_-_Sans_Bootloader/debug/_ext/1472/rs232.o
 .comment       0x00000000       0x3d build/DEBUG_-_Sans_Bootloader/debug/_ext/1472/Mynetmemo.o
 .comment       0x00000000       0x3d build/DEBUG_-_Sans_Bootloader/debug/_ext/1472/Eeprom_i2c.o
 .comment       0x00000000       0x3d build/DEBUG_-_Sans_Bootloader/debug/_ext/1472/Temperature.o
 .comment       0x00000000       0x3d build/DEBUG_-_Sans_Bootloader/debug/_ext/1472/Teleinfo.o
 .comment       0x00000000       0x3d build/DEBUG_-_Sans_Bootloader/debug/_ext/1472/log.o
 .comment       0x00000000       0x3d build/DEBUG_-_Sans_Bootloader/debug/_ext/1472/SSLCert.o
 .comment       0x00000000       0x3d build/DEBUG_-_Sans_Bootloader/debug/_ext/1472/divers.o
 .comment       0x00000000       0x3d build/DEBUG_-_Sans_Bootloader/debug/_ext/1472/SST25VF016.o
 .comment       0x00000000       0x3d build/DEBUG_-_Sans_Bootloader/debug/_ext/1472/drv_spi.o
 .comment       0x00000000       0x3d build/DEBUG_-_Sans_Bootloader/debug/_ext/1472/mcp7941.o
 .comment       0x00000000       0x3d build/DEBUG_-_Sans_Bootloader/debug/_ext/1472/RTC.o
 .comment       0x00000000       0x3d build/DEBUG_-_Sans_Bootloader/debug/_ext/1472/0_SparkBox.o
 .comment       0x00000000       0x3d build/DEBUG_-_Sans_Bootloader/debug/_ext/1472/Lcd.o
 .comment       0x00000000       0x3d build/DEBUG_-_Sans_Bootloader/debug/_ext/1472/Analogique.o
 .comment       0x00000000       0x3d build/DEBUG_-_Sans_Bootloader/debug/_ext/1472/Evse.o
 .comment       0x00000000       0x3d build/DEBUG_-_Sans_Bootloader/debug/_ext/1472/i2c.o
 .comment       0x0000003c       0x3c c:/program files (x86)/microchip/xc32/v1.31/bin/../lib/gcc/pic32mx/4.5.2/../../../../pic32mx/lib\libmchp_peripheral_32MX695F512L.a(soft_reset_lib.o)
                                 0x3d (size before relaxing)
 .comment       0x00000000       0x3d c:/program files (x86)/microchip/xc32/v1.31/bin/../lib/gcc/pic32mx/4.5.2/../../../../pic32mx/lib\libmchp_peripheral_32MX695F512L.a(pcache.o)
 .comment       0x00000000       0x3d c:/program files (x86)/microchip/xc32/v1.31/bin/../lib/gcc/pic32mx/4.5.2/../../../../pic32mx/lib\libmchp_peripheral_32MX695F512L.a(int_disable_interrupts_lib.o)
 .comment       0x00000000       0x3d c:/program files (x86)/microchip/xc32/v1.31/bin/../lib/gcc/pic32mx/4.5.2/../../../../pic32mx/lib\libmchp_peripheral_32MX695F512L.a(int_restore_interrupts_lib.o)
 .comment       0x00000000       0x3d c:/program files (x86)/microchip/xc32/v1.31/bin/../lib/gcc/pic32mx/4.5.2/../../../../pic32mx/lib\libmchp_peripheral_32MX695F512L.a(int_enable_mv_int_lib.o)
 .comment       0x00000000       0x3d c:/program files (x86)/microchip/xc32/v1.31/bin/../lib/gcc/pic32mx/4.5.2/../../../../pic32mx/lib\libmchp_peripheral_32MX695F512L.a(int_tbl_lib.o)
 .comment       0x00000000       0x3d c:/program files (x86)/microchip/xc32/v1.31/bin/../lib/gcc/pic32mx/4.5.2/../../../../pic32mx/lib\libmchp_peripheral_32MX695F512L.a(uart_lib.o)
 .comment       0x00000000       0x3d c:/program files (x86)/microchip/xc32/v1.31/bin/../lib/gcc/pic32mx/4.5.2/../../../../pic32mx/lib\libmchp_peripheral_32MX695F512L.a(I2CAcknowledgeByte.o)
 .comment       0x00000000       0x3d c:/program files (x86)/microchip/xc32/v1.31/bin/../lib/gcc/pic32mx/4.5.2/../../../../pic32mx/lib\libmchp_peripheral_32MX695F512L.a(I2CBusIsIdle.o)
 .comment       0x00000000       0x3d c:/program files (x86)/microchip/xc32/v1.31/bin/../lib/gcc/pic32mx/4.5.2/../../../../pic32mx/lib\libmchp_peripheral_32MX695F512L.a(I2CByteWasAcknowledged.o)
 .comment       0x00000000       0x3d c:/program files (x86)/microchip/xc32/v1.31/bin/../lib/gcc/pic32mx/4.5.2/../../../../pic32mx/lib\libmchp_peripheral_32MX695F512L.a(I2CEnable.o)
 .comment       0x00000000       0x3d c:/program files (x86)/microchip/xc32/v1.31/bin/../lib/gcc/pic32mx/4.5.2/../../../../pic32mx/lib\libmchp_peripheral_32MX695F512L.a(I2CGetByte.o)
 .comment       0x00000000       0x3d c:/program files (x86)/microchip/xc32/v1.31/bin/../lib/gcc/pic32mx/4.5.2/../../../../pic32mx/lib\libmchp_peripheral_32MX695F512L.a(I2CGetStatus.o)
 .comment       0x00000000       0x3d c:/program files (x86)/microchip/xc32/v1.31/bin/../lib/gcc/pic32mx/4.5.2/../../../../pic32mx/lib\libmchp_peripheral_32MX695F512L.a(I2CReceivedDataIsAvailable.o)
 .comment       0x00000000       0x3d c:/program files (x86)/microchip/xc32/v1.31/bin/../lib/gcc/pic32mx/4.5.2/../../../../pic32mx/lib\libmchp_peripheral_32MX695F512L.a(I2CReceiverEnable.o)
 .comment       0x00000000       0x3d c:/program files (x86)/microchip/xc32/v1.31/bin/../lib/gcc/pic32mx/4.5.2/../../../../pic32mx/lib\libmchp_peripheral_32MX695F512L.a(I2CRepeatStart.o)
 .comment       0x00000000       0x3d c:/program files (x86)/microchip/xc32/v1.31/bin/../lib/gcc/pic32mx/4.5.2/../../../../pic32mx/lib\libmchp_peripheral_32MX695F512L.a(I2CSendByte.o)
 .comment       0x00000000       0x3d c:/program files (x86)/microchip/xc32/v1.31/bin/../lib/gcc/pic32mx/4.5.2/../../../../pic32mx/lib\libmchp_peripheral_32MX695F512L.a(I2CSetFrequency.o)
 .comment       0x00000000       0x3d c:/program files (x86)/microchip/xc32/v1.31/bin/../lib/gcc/pic32mx/4.5.2/../../../../pic32mx/lib\libmchp_peripheral_32MX695F512L.a(I2CStart.o)
 .comment       0x00000000       0x3d c:/program files (x86)/microchip/xc32/v1.31/bin/../lib/gcc/pic32mx/4.5.2/../../../../pic32mx/lib\libmchp_peripheral_32MX695F512L.a(I2CStop.o)
 .comment       0x00000000       0x3d c:/program files (x86)/microchip/xc32/v1.31/bin/../lib/gcc/pic32mx/4.5.2/../../../../pic32mx/lib\libmchp_peripheral_32MX695F512L.a(I2CTransmissionHasCompleted.o)
 .comment       0x00000000       0x3d c:/program files (x86)/microchip/xc32/v1.31/bin/../lib/gcc/pic32mx/4.5.2/../../../../pic32mx/lib\libmchp_peripheral_32MX695F512L.a(I2CTransmitterIsReady.o)
 .comment       0x00000000       0x3d c:/program files (x86)/microchip/xc32/v1.31/bin/../lib/gcc/pic32mx/4.5.2/../../../../pic32mx/lib\libmchp_peripheral_32MX695F512L.a(int_enable_interrupts_lib.o)
 .comment       0x00000000       0x3d c:/program files (x86)/microchip/xc32/v1.31/bin/../lib/gcc/pic32mx/4.5.2/../../../../pic32mx/lib\libmchp_peripheral_32MX695F512L.a(I2CPrivate.o)
 .comment       0x00000078       0x3c c:/program files (x86)/microchip/xc32/v1.31/bin/../lib/gcc/pic32mx/4.5.2\libgcc.a(_divdi3.o)
                                 0x3d (size before relaxing)
 .comment       0x00000000       0x3d c:/program files (x86)/microchip/xc32/v1.31/bin/../lib/gcc/pic32mx/4.5.2\libgcc.a(_udivdi3.o)
 .comment       0x000000b4       0x18 c:/program files (x86)/microchip/xc32/v1.31/bin/../lib/gcc/pic32mx/4.5.2/../../../../pic32mx/lib\libpic32.a(memcmp.o)
                                 0x19 (size before relaxing)
 .comment       0x000000cc       0x18 c:/program files (x86)/microchip/xc32/v1.31/bin/../lib/gcc/pic32mx/4.5.2/../../../../pic32mx/lib\libpic32.a(memset.o)
                                 0x19 (size before relaxing)
 .comment       0x000000e4       0x55 c:/program files (x86)/microchip/xc32/v1.31/bin/../lib/gcc/pic32mx/4.5.2/../../../../pic32mx/lib\libpic32.a(strcmp.o)
                                 0x56 (size before relaxing)
 .comment       0x00000139       0x19 c:/program files (x86)/microchip/xc32/v1.31/bin/../lib/gcc/pic32mx/4.5.2/../../../../pic32mx/lib\libpic32.a(strcpy.o)
                                 0x1a (size before relaxing)
 .comment       0x00000152       0x19 c:/program files (x86)/microchip/xc32/v1.31/bin/../lib/gcc/pic32mx/4.5.2/../../../../pic32mx/lib\libpic32.a(strlen.o)
                                 0x1a (size before relaxing)
 .comment       0x00000000       0x3d c:/program files (x86)/microchip/xc32/v1.31/bin/../lib/gcc/pic32mx/4.5.2/../../../../pic32mx/lib\libpic32.a(default-bootstrap-exception-handler.o)
 .comment       0x00000000       0x3d c:/program files (x86)/microchip/xc32/v1.31/bin/../lib/gcc/pic32mx/4.5.2/../../../../pic32mx/lib\libpic32.a(default-on-reset.o)
 .comment       0x00000000       0x3d c:/program files (x86)/microchip/xc32/v1.31/bin/../lib/gcc/pic32mx/4.5.2/../../../../pic32mx/lib\libpic32.a(default-on-bootstrap.o)
 .comment       0x00000000       0x3d c:/program files (x86)/microchip/xc32/v1.31/bin/../lib/gcc/pic32mx/4.5.2/../../../../pic32mx/lib\libpic32.a(defaultinterrupt.o)
 .comment       0x00000000       0x3d c:/program files (x86)/microchip/xc32/v1.31/bin/../lib/gcc/pic32mx/4.5.2/../../../../pic32mx/lib\libm.a(w_sqrtf.o)
 .comment       0x00000000       0x3d c:/program files (x86)/microchip/xc32/v1.31/bin/../lib/gcc/pic32mx/4.5.2/../../../../pic32mx/lib\libm.a(s_lib_ver.o)
 .comment       0x00000000       0x3d c:/program files (x86)/microchip/xc32/v1.31/bin/../lib/gcc/pic32mx/4.5.2/../../../../pic32mx/lib\libpic32.a(errno.o)
 .comment       0x00000000       0x3d c:/program files (x86)/microchip/xc32/v1.31/bin/../lib/gcc/pic32mx/4.5.2/../../../../pic32mx/lib\libc.a(atoi.o)
 .comment       0x00000000       0x3d c:/program files (x86)/microchip/xc32/v1.31/bin/../lib/gcc/pic32mx/4.5.2/../../../../pic32mx/lib\libc.a(atol.o)
 .comment       0x0000016b       0x4e c:/program files (x86)/microchip/xc32/v1.31/bin/../lib/gcc/pic32mx/4.5.2/../../../../pic32mx/lib\libc.a(ctype.o)
                                 0x8b (size before relaxing)
 .comment       0x000001b9       0x4f c:/program files (x86)/microchip/xc32/v1.31/bin/../lib/gcc/pic32mx/4.5.2/../../../../pic32mx/lib\libc.a(ctypef.o)
                                 0x8c (size before relaxing)
 .comment       0x00000000       0x3d c:/program files (x86)/microchip/xc32/v1.31/bin/../lib/gcc/pic32mx/4.5.2/../../../../pic32mx/lib\libc.a(ltoa.o)
 .comment       0x00000000       0x3d c:/program files (x86)/microchip/xc32/v1.31/bin/../lib/gcc/pic32mx/4.5.2/../../../../pic32mx/lib\libc.a(mktime.o)
 .comment       0x00000000       0x3d c:/program files (x86)/microchip/xc32/v1.31/bin/../lib/gcc/pic32mx/4.5.2/../../../../pic32mx/lib\libc.a(strcat.o)
 .comment       0x00000000       0x3d c:/program files (x86)/microchip/xc32/v1.31/bin/../lib/gcc/pic32mx/4.5.2/../../../../pic32mx/lib\libc.a(strchr.o)
 .comment       0x00000000       0x3d c:/program files (x86)/microchip/xc32/v1.31/bin/../lib/gcc/pic32mx/4.5.2/../../../../pic32mx/lib\libc.a(strncmp.o)
 .comment       0x00000000       0x3d c:/program files (x86)/microchip/xc32/v1.31/bin/../lib/gcc/pic32mx/4.5.2/../../../../pic32mx/lib\libc.a(strncpy.o)
 .comment       0x00000000       0x3d c:/program files (x86)/microchip/xc32/v1.31/bin/../lib/gcc/pic32mx/4.5.2/../../../../pic32mx/lib\libc.a(strstr.o)
 .comment       0x00000000       0x3d c:/program files (x86)/microchip/xc32/v1.31/bin/../lib/gcc/pic32mx/4.5.2/../../../../pic32mx/lib\libc.a(sprintf_cdnopsuxX.eo)
 .comment       0x00000000       0x3d c:/program files (x86)/microchip/xc32/v1.31/bin/../lib/gcc/pic32mx/4.5.2/../../../../pic32mx/lib\libc.a(doprnt_cdnopsuxX.eo)
 .comment       0x00000000       0x3d c:/program files (x86)/microchip/xc32/v1.31/bin/../lib/gcc/pic32mx/4.5.2/../../../../pic32mx/lib\libc.a(_fputc_simple.o)
 .comment       0x00000000       0x3d c:/program files (x86)/microchip/xc32/v1.31/bin/../lib/gcc/pic32mx/4.5.2/../../../../pic32mx/lib\libc.a(_iob.o)
 .comment       0x00000000       0x3d c:/program files (x86)/microchip/xc32/v1.31/bin/../lib/gcc/pic32mx/4.5.2/../../../../pic32mx/lib\libc.a(_flsbuf_simple.o)
 .comment       0x00000000       0x3d c:/program files (x86)/microchip/xc32/v1.31/bin/../lib/gcc/pic32mx/4.5.2/../../../../pic32mx/lib\libpic32.a(write.o)
 .comment       0x00000000       0x3d c:/program files (x86)/microchip/xc32/v1.31/bin/../lib/gcc/pic32mx/4.5.2/../../../../pic32mx/lib\libpic32.a(_mon_putc.o)
 .comment       0x00000000       0x3d c:/program files (x86)/microchip/xc32/v1.31/bin/../lib/gcc/pic32mx/4.5.2/../../../../pic32mx/lib\libpic32.a(xc32_uart.o)
 .comment       0x00000000       0x3d c:/program files (x86)/microchip/xc32/v1.31/bin/../lib/gcc/pic32mx/4.5.2\libgcc.a(_umoddi3.o)
 .comment       0x00000000       0x3d c:/program files (x86)/microchip/xc32/v1.31/bin/../lib/gcc/pic32mx/4.5.2/../../../../pic32mx/lib\software-debug-break.o

.debug
 *(.debug)

.line
 *(.line)

.debug_srcinfo
 *(.debug_srcinfo)

.debug_sfnames
 *(.debug_sfnames)

.debug_aranges  0x00000000      0xcf0
 *(.debug_aranges)
 .debug_aranges
                0x00000000       0x20 build/DEBUG_-_Sans_Bootloader/debug/_ext/1472/HTTP_Teleinfo.o
 .debug_aranges
                0x00000020       0x20 build/DEBUG_-_Sans_Bootloader/debug/_ext/1472/HTTP_Reseau.o
 .debug_aranges
                0x00000040       0x20 build/DEBUG_-_Sans_Bootloader/debug/_ext/1472/HTTP_Mynetmemo.o
 .debug_aranges
                0x00000060       0x20 build/DEBUG_-_Sans_Bootloader/debug/_ext/1472/HTTP_Password.o
 .debug_aranges
                0x00000080       0x20 build/DEBUG_-_Sans_Bootloader/debug/_ext/1472/HTTP_log.o
 .debug_aranges
                0x000000a0       0x20 build/DEBUG_-_Sans_Bootloader/debug/_ext/1472/HTTP_cmd.o
 .debug_aranges
                0x000000c0       0x20 build/DEBUG_-_Sans_Bootloader/debug/_ext/1472/HTTP_Parametres.o
 .debug_aranges
                0x000000e0       0x20 build/DEBUG_-_Sans_Bootloader/debug/_ext/1472/HTTP_Donnees.o
 .debug_aranges
                0x00000100       0x20 build/DEBUG_-_Sans_Bootloader/debug/_ext/1472/HTTP_Index.o
 .debug_aranges
                0x00000120       0x20 build/DEBUG_-_Sans_Bootloader/debug/_ext/1472/HTTP_ADTEK.o
 .debug_aranges
                0x00000140       0x20 build/DEBUG_-_Sans_Bootloader/debug/_ext/1295770447/Announce.o
 .debug_aranges
                0x00000160       0x20 build/DEBUG_-_Sans_Bootloader/debug/_ext/1295770447/ARP.o
 .debug_aranges
                0x00000180       0x20 build/DEBUG_-_Sans_Bootloader/debug/_ext/1295770447/Delay.o
 .debug_aranges
                0x000001a0       0x20 build/DEBUG_-_Sans_Bootloader/debug/_ext/1295770447/DHCP.o
 .debug_aranges
                0x000001c0       0x20 build/DEBUG_-_Sans_Bootloader/debug/_ext/1295770447/DNS.o
 .debug_aranges
                0x000001e0       0x20 build/DEBUG_-_Sans_Bootloader/debug/_ext/1295770447/Hashes.o
 .debug_aranges
                0x00000200       0x20 build/DEBUG_-_Sans_Bootloader/debug/_ext/1295770447/Helpers.o
 .debug_aranges
                0x00000220       0x20 build/DEBUG_-_Sans_Bootloader/debug/_ext/1295770447/HTTP2.o
 .debug_aranges
                0x00000240       0x20 build/DEBUG_-_Sans_Bootloader/debug/_ext/1295770447/ICMP.o
 .debug_aranges
                0x00000260       0x20 build/DEBUG_-_Sans_Bootloader/debug/_ext/1295770447/IP.o
 .debug_aranges
                0x00000280       0x20 build/DEBUG_-_Sans_Bootloader/debug/_ext/1295770447/MPFS2.o
 .debug_aranges
                0x000002a0       0x20 build/DEBUG_-_Sans_Bootloader/debug/_ext/1295770447/NBNS.o
 .debug_aranges
                0x000002c0       0x20 build/DEBUG_-_Sans_Bootloader/debug/_ext/1295770447/SMTP.o
 .debug_aranges
                0x000002e0       0x20 build/DEBUG_-_Sans_Bootloader/debug/_ext/1295770447/StackTsk.o
 .debug_aranges
                0x00000300       0x20 build/DEBUG_-_Sans_Bootloader/debug/_ext/1295770447/TCP.o
 .debug_aranges
                0x00000320       0x20 build/DEBUG_-_Sans_Bootloader/debug/_ext/1295770447/Tick.o
 .debug_aranges
                0x00000340       0x20 build/DEBUG_-_Sans_Bootloader/debug/_ext/1295770447/UDP.o
 .debug_aranges